Component: ARM Compiler 5.06 update 5 (build 528) Tool: armlink [4d35e2]

==============================================================================

Section Cross References

    main.o(i.advertising_init) refers to memseta.o(.text) for __aeabi_memclr4
    main.o(i.advertising_init) refers to ble_advdata.o(i.ble_advdata_encode) for ble_advdata_encode
    main.o(i.advertising_init) refers to app_error.o(i.app_error_handler_bare) for app_error_handler_bare
    main.o(i.advertising_init) refers to main.o(.constdata) for .constdata
    main.o(i.advertising_init) refers to main.o(.bss) for .bss
    main.o(i.advertising_init) refers to main.o(.data) for .data
    main.o(i.advertising_start) refers to app_error.o(i.app_error_handler_bare) for app_error_handler_bare
    main.o(i.advertising_start) refers to main.o(.data) for .data
    main.o(i.assert_nrf_callback) refers to app_error_handler_keil.o(i.app_error_handler) for app_error_handler
    main.o(i.ble_evt_handler) refers to nrf_ble_qwr.o(i.nrf_ble_qwr_conn_handle_assign) for nrf_ble_qwr_conn_handle_assign
    main.o(i.ble_evt_handler) refers to app_error.o(i.app_error_handler_bare) for app_error_handler_bare
    main.o(i.ble_evt_handler) refers to main.o(i.nrf_gpio_pin_set) for nrf_gpio_pin_set
    main.o(i.ble_evt_handler) refers to main.o(i.nrfx_coredep_delay_us) for nrfx_coredep_delay_us
    main.o(i.ble_evt_handler) refers to main.o(i.advertising_start) for advertising_start
    main.o(i.ble_evt_handler) refers to main.o(i.nrf_gpio_pin_clear) for nrf_gpio_pin_clear
    main.o(i.ble_evt_handler) refers to main.o(.data) for .data
    main.o(i.ble_evt_handler) refers to main.o(.bss) for .bss
    main.o(i.conn_params_error_handler) refers to app_error.o(i.app_error_handler_bare) for app_error_handler_bare
    main.o(i.doseIO_C_clear_notif_handler) refers to main.o(.data) for .data
    main.o(i.doseIO_C_list_notif_handler) refers to ble_doseio_s.o(i.ble_list_notif_data_send) for ble_list_notif_data_send
    main.o(i.doseIO_C_list_notif_handler) refers to main.o(.data) for .data
    main.o(i.doseIO_C_list_notif_handler) refers to main.o(.bss) for .bss
    main.o(i.doseIO_C_time_synch_handler) refers to nrf_calendar.o(i.nrf_cal_set_time_Unix) for nrf_cal_set_time_Unix
    main.o(i.doseIO_C_write_notif_handler) refers to nrf_calendar.o(i.nrf_cal_get_time_Unix) for nrf_cal_get_time_Unix
    main.o(i.doseIO_C_write_notif_handler) refers to main.o(.data) for .data
    main.o(i.doseIO_C_write_notif_handler) refers to main.o(.bss) for .bss
    main.o(i.doseIO_J_clear_handler) refers to main.o(.data) for .data
    main.o(i.doseIO_J_read_handler) refers to ble_doseio_s.o(i.ble_J_read_data_send) for ble_J_read_data_send
    main.o(i.doseIO_J_read_handler) refers to main.o(.data) for .data
    main.o(i.doseIO_J_read_handler) refers to main.o(.bss) for .bss
    main.o(i.idle_state_handle) refers to nrf_calendar.o(i.nrf_cal_get_time_Unix) for nrf_cal_get_time_Unix
    main.o(i.idle_state_handle) refers to main.o(i.nrf_gpio_pin_set) for nrf_gpio_pin_set
    main.o(i.idle_state_handle) refers to main.o(i.nrfx_coredep_delay_us) for nrfx_coredep_delay_us
    main.o(i.idle_state_handle) refers to main.o(i.nrf_gpio_pin_clear) for nrf_gpio_pin_clear
    main.o(i.idle_state_handle) refers to nrf_calendar.o(i.nrf_cal_get_time) for nrf_cal_get_time
    main.o(i.idle_state_handle) refers to nrf_pwr_mgmt.o(i.nrf_pwr_mgmt_run) for nrf_pwr_mgmt_run
    main.o(i.idle_state_handle) refers to main.o(.data) for .data
    main.o(i.idle_state_handle) refers to main.o(.bss) for .bss
    main.o(i.main) refers to nrf_calendar.o(i.nrf_cal_init) for nrf_cal_init
    main.o(i.main) refers to nrf_calendar.o(i.nrf_cal_set_callback) for nrf_cal_set_callback
    main.o(i.main) refers to app_timer2.o(i.app_timer_init) for app_timer_init
    main.o(i.main) refers to app_error.o(i.app_error_handler_bare) for app_error_handler_bare
    main.o(i.main) refers to nrf_pwr_mgmt.o(i.nrf_pwr_mgmt_init) for nrf_pwr_mgmt_init
    main.o(i.main) refers to nrf_sdh.o(i.nrf_sdh_enable_request) for nrf_sdh_enable_request
    main.o(i.main) refers to nrf_sdh_ble.o(i.nrf_sdh_ble_default_cfg_set) for nrf_sdh_ble_default_cfg_set
    main.o(i.main) refers to nrf_sdh_ble.o(i.nrf_sdh_ble_enable) for nrf_sdh_ble_enable
    main.o(i.main) refers to nrf_ble_gatt.o(i.nrf_ble_gatt_init) for nrf_ble_gatt_init
    main.o(i.main) refers to main.o(i.services_init) for services_init
    main.o(i.main) refers to main.o(i.advertising_init) for advertising_init
    main.o(i.main) refers to memseta.o(.text) for __aeabi_memclr4
    main.o(i.main) refers to ble_conn_params.o(i.ble_conn_params_init) for ble_conn_params_init
    main.o(i.main) refers to main.o(i.advertising_start) for advertising_start
    main.o(i.main) refers to main.o(i.saadc_init) for saadc_init
    main.o(i.main) refers to main.o(i.nrf_gpio_cfg_output) for nrf_gpio_cfg_output
[...]
    i.idle_state_handle                      0x0002813c   Section        0  main.o(i.idle_state_handle)
    idle_state_handle                        0x0002813d   Thumb Code   396  main.o(i.idle_state_handle)
    i.instance_get                           0x000282e0   Section        0  ble_conn_params.o(i.instance_get)
    instance_get                             0x000282e1   Thumb Code    14  ble_conn_params.o(i.instance_get)
    i.is_conn_params_ok                      0x000282f4   Section        0  ble_conn_params.o(i.is_conn_params_ok)
    is_conn_params_ok                        0x000282f5   Thumb Code    68  ble_conn_params.o(i.is_conn_params_ok)
    i.link_init                              0x00028338   Section        0  nrf_ble_gatt.o(i.link_init)
    link_init                                0x00028339   Thumb Code    20  nrf_ble_gatt.o(i.link_init)
    i.main                                   0x0002834c   Section        0  main.o(i.main)
    i.manuf_specific_data_encode             0x000285a0   Section        0  ble_advdata.o(i.manuf_specific_data_encode)
    manuf_specific_data_encode               0x000285a1   Thumb Code   100  ble_advdata.o(i.manuf_specific_data_encode)
    i.name_encode                            0x00028604   Section        0  ble_advdata.o(i.name_encode)
    name_encode                              0x00028605   Thumb Code   166  ble_advdata.o(i.name_encode)
    i.nrf_atfifo_init                        0x000286aa   Section        0  nrf_atfifo.o(i.nrf_atfifo_init)
    i.nrf_atfifo_item_alloc                  0x000286d0   Section        0  nrf_atfifo.o(i.nrf_atfifo_item_alloc)
    i.nrf_atfifo_item_free                   0x000286e6   Section        0  nrf_atfifo.o(i.nrf_atfifo_item_free)
    i.nrf_atfifo_item_get                    0x000286fc   Section        0  nrf_atfifo.o(i.nrf_atfifo_item_get)
    i.nrf_atfifo_item_put                    0x00028712   Section        0  nrf_atfifo.o(i.nrf_atfifo_item_put)
    i.nrf_atflags_clear                      0x00028728   Section        0  nrf_atflags.o(i.nrf_atflags_clear)
    i.nrf_atflags_get                        0x0002873e   Section        0  nrf_atflags.o(i.nrf_atflags_get)
    i.nrf_atflags_set                        0x00028754   Section        0  nrf_atflags.o(i.nrf_atflags_set)
    i.nrf_atomic_u32_and                     0x00028768   Section        0  nrf_atomic.o(i.nrf_atomic_u32_and)
    i.nrf_atomic_u32_fetch_store             0x00028774   Section        0  nrf_atomic.o(i.nrf_atomic_u32_fetch_store)
    i.nrf_atomic_u32_or                      0x0002877e   Section        0  nrf_atomic.o(i.nrf_atomic_u32_or)
    i.nrf_bitmask_bit_is_set                 0x0002878a   Section        0  nrfx_gpiote.o(i.nrf_bitmask_bit_is_set)
    nrf_bitmask_bit_is_set                   0x0002878b   Thumb Code    16  nrfx_gpiote.o(i.nrf_bitmask_bit_is_set)
    i.nrf_bitmask_bit_set                    0x0002879a   Section        0  nrfx_gpiote.o(i.nrf_bitmask_bit_set)
    nrf_bitmask_bit_set                      0x0002879b   Thumb Code    20  nrfx_gpiote.o(i.nrf_bitmask_bit_set)
    i.nrf_ble_gatt_init                      0x000287ae   Section        0  nrf_ble_gatt.o(i.nrf_ble_gatt_init)
    i.nrf_ble_gatt_on_ble_evt                0x000287d0   Section        0  nrf_ble_gatt.o(i.nrf_ble_gatt_on_ble_evt)
    i.nrf_ble_qwr_conn_handle_assign         0x00028944   Section        0  nrf_ble_qwr.o(i.nrf_ble_qwr_conn_handle_assign)
    i.nrf_ble_qwr_init                       0x0002895a   Section        0  nrf_ble_qwr.o(i.nrf_ble_qwr_init)
    i.nrf_ble_qwr_on_ble_evt                 0x0002897e   Section        0  nrf_ble_qwr.o(i.nrf_ble_qwr_on_ble_evt)
    i.nrf_cal_get_time                       0x00028a34   Section        0  nrf_calendar.o(i.nrf_cal_get_time)
    i.nrf_cal_get_time_Unix                  0x00028a64   Section        0  nrf_calendar.o(i.nrf_cal_get_time_Unix)
    i.nrf_cal_init                           0x00028a70   Section        0  nrf_calendar.o(i.nrf_cal_init)
    i.nrf_cal_set_callback                   0x00028abc   Section        0  nrf_calendar.o(i.nrf_cal_set_callback)
    i.nrf_cal_set_time                       0x00028aec   Section        0  nrf_calendar.o(i.nrf_cal_set_time)
    i.nrf_cal_set_time_Unix                  0x00028b4c   Section        0  nrf_calendar.o(i.nrf_cal_set_time_Unix)
    i.nrf_gpio_cfg                           0x00028b8c   Section        0  main.o(i.nrf_gpio_cfg)
    nrf_gpio_cfg                             0x00028b8d   Thumb Code    36  main.o(i.nrf_gpio_cfg)
    i.nrf_gpio_cfg_output                    0x00028bb0   Section        0  main.o(i.nrf_gpio_cfg_output)
    nrf_gpio_cfg_output                      0x00028bb1   Thumb Code    20  main.o(i.nrf_gpio_cfg_output)
    i.nrf_gpio_cfg_sense_set                 0x00028bc4   Section        0  nrfx_gpiote.o(i.nrf_gpio_cfg_sense_set)
    nrf_gpio_cfg_sense_set                   0x00028bc5   Thumb Code    34  nrfx_gpiote.o(i.nrf_gpio_cfg_sense_set)
    i.nrf_gpio_pin_clear                     0x00028be6   Section        0  main.o(i.nrf_gpio_pin_clear)
    nrf_gpio_pin_clear                       0x00028be7   Thumb Code    14  main.o(i.nrf_gpio_pin_clear)
    i.nrf_gpio_pin_set                       0x00028bf4   Section        0  main.o(i.nrf_gpio_pin_set)
    nrf_gpio_pin_set                         0x00028bf5   Thumb Code    14  main.o(i.nrf_gpio_pin_set)
    i.nrf_gpio_ports_read                    0x00028c04   Section        0  nrfx_gpiote.o(i.nrf_gpio_ports_read)
    nrf_gpio_ports_read                      0x00028c05   Thumb Code    34  nrfx_gpiote.o(i.nrf_gpio_ports_read)
    i.nrf_gpiote_event_clear                 0x00028c2c   Section        0  nrfx_gpiote.o(i.nrf_gpiote_event_clear)
    nrf_gpiote_event_clear                   0x00028c2d   Thumb Code    16  nrfx_gpiote.o(i.nrf_gpiote_event_clear)
    i.nrf_gpiote_event_is_set                0x00028c40   Section        0  nrfx_gpiote.o(i.nrf_gpiote_event_is_set)
    nrf_gpiote_event_is_set                  0x00028c41   Thumb Code    12  nrfx_gpiote.o(i.nrf_gpiote_event_is_set)
    i.nrf_pwr_mgmt_init                      0x00028c50   Section        0  nrf_pwr_mgmt.o(i.nrf_pwr_mgmt_init)
    i.nrf_pwr_mgmt_run                       0x00028c78   Section        0  nrf_pwr_mgmt.o(i.nrf_pwr_mgmt_run)
    i.nrf_pwr_mgmt_shutdown                  0x00028cbc   Section        0  nrf_pwr_mgmt.o(i.nrf_pwr_mgmt_shutdown)
    i.nrf_qwr_error_handler                  0x00028cf8   Section        0  main.o(i.nrf_qwr_error_handler)
    nrf_qwr_error_handler                    0x00028cf9   Thumb Code     4  main.o(i.nrf_qwr_error_handler)
    i.nrf_rtc_event_clear                    0x00028cfc   Section        0  drv_rtc.o(i.nrf_rtc_event_clear)
    nrf_rtc_event_clear                      0x00028cfd   Thumb Code    12  drv_rtc.o(i.nrf_rtc_event_clear)
    i.nrf_sdh_ble_app_ram_start_get          0x00028d08   Section        0  nrf_sdh_ble.o(i.nrf_sdh_ble_app_ram_start_get)
    i.nrf_sdh_ble_default_cfg_set            0x00028d1c   Section        0  nrf_sdh_ble.o(i.nrf_sdh_ble_default_cfg_set)
    i.nrf_sdh_ble_enable                     0x00028da4   Section        0  nrf_sdh_ble.o(i.nrf_sdh_ble_enable)
    i.nrf_sdh_ble_evts_poll                  0x00028db8   Section        0  nrf_sdh_ble.o(i.nrf_sdh_ble_evts_poll)
    nrf_sdh_ble_evts_poll                    0x00028db9   Thumb Code    82  nrf_sdh_ble.o(i.nrf_sdh_ble_evts_poll)
    i.nrf_sdh_enable_request                 0x00028e14   Section        0  nrf_sdh.o(i.nrf_sdh_enable_request)
    i.nrf_sdh_evts_poll                      0x00028e88   Section        0  nrf_sdh.o(i.nrf_sdh_evts_poll)
    i.nrf_sdh_is_enabled                     0x00028eac   Section        0  nrf_sdh.o(i.nrf_sdh_is_enabled)
    i.nrf_sdh_soc_evts_poll                  0x00028eb8   Section        0  nrf_sdh_soc.o(i.nrf_sdh_soc_evts_poll)
    nrf_sdh_soc_evts_poll                    0x00028eb9   Thumb Code    56  nrf_sdh_soc.o(i.nrf_sdh_soc_evts_poll)
    i.nrf_section_iter_init                  0x00028ef4   Section        0  nrf_section_iter.o(i.nrf_section_iter_init)
    i.nrf_section_iter_item_set              0x00028efe   Section        0  nrf_section_iter.o(i.nrf_section_iter_item_set)
    nrf_section_iter_item_set                0x00028eff   Thumb Code    36  nrf_section_iter.o(i.nrf_section_iter_item_set)
    i.nrf_section_iter_next                  0x00028f22   Section        0  nrf_section_iter.o(i.nrf_section_iter_next)
    i.nrf_sortlist_add                       0x00028f42   Section        0  nrf_sortlist.o(i.nrf_sortlist_add)
    i.nrf_sortlist_peek                      0x00028f64   Section        0  nrf_sortlist.o(i.nrf_sortlist_peek)
    i.nrf_sortlist_pop                       0x00028f6a   Section        0  nrf_sortlist.o(i.nrf_sortlist_pop)
    i.nrf_sortlist_remove                    0x00028f78   Section        0  nrf_sortlist.o(i.nrf_sortlist_remove)
    i.nrfx_coredep_delay_us                  0x00028f98   Section        0  main.o(i.nrfx_coredep_delay_us)
    nrfx_coredep_delay_us                    0x00028f99   Thumb Code    12  main.o(i.nrfx_coredep_delay_us)
    i.nrfx_coredep_delay_us                  0x00028fa8   Section        0  drv_rtc.o(i.nrfx_coredep_delay_us)
    nrfx_coredep_delay_us                    0x00028fa9   Thumb Code    12  drv_rtc.o(i.nrfx_coredep_delay_us)
    i.on_conn_params_evt                     0x00028fb8   Section        0  main.o(i.on_conn_params_evt)
    on_conn_params_evt                       0x00028fb9   Thumb Code    24  main.o(i.on_conn_params_evt)
    i.on_ctrlpt_write                        0x00028fd4   Section        0  ble_dfu.o(i.on_ctrlpt_write)
    on_ctrlpt_write                          0x00028fd5   Thumb Code   100  ble_dfu.o(i.on_ctrlpt_write)
    i.on_write                               0x00029040   Section        0  ble_doseio_s.o(i.on_write)
    on_write                                 0x00029041   Thumb Code    72  ble_doseio_s.o(i.on_write)
    i.on_write_Calendare                     0x00029088   Section        0  ble_doseio_s.o(i.on_write_Calendare)
    on_write_Calendare                       0x00029089   Thumb Code   236  ble_doseio_s.o(i.on_write_Calendare)
    i.on_write_Journal                       0x0002917c   Section        0  ble_doseio_s.o(i.on_write_Journal)
    on_write_Journal                         0x0002917d   Thumb Code   126  ble_doseio_s.o(i.on_write_Journal)
    i.pwm_init                               0x00029204   Section        0  main.o(i.pwm_init)
    i.rtc_irq                                0x00029248   Section        0  app_timer2.o(i.rtc_irq)
    rtc_irq                                  0x00029249   Thumb Code    88  app_timer2.o(i.rtc_irq)
    i.rtc_schedule                           0x000292a4   Section        0  app_timer2.o(i.rtc_schedule)
    rtc_schedule                             0x000292a5   Thumb Code    92  app_timer2.o(i.rtc_schedule)
    i.rtc_update                             0x00029308   Section        0  app_timer2.o(i.rtc_update)
    rtc_update                               0x00029309   Thumb Code   108  app_timer2.o(i.rtc_update)
    i.saadc_init                             0x0002937c   Section        0  main.o(i.saadc_init)
    i.sdh_request_observer_notify            0x00029418   Section        0  nrf_sdh.o(i.sdh_request_observer_notify)
    sdh_request_observer_notify              0x00029419   Thumb Code    44  nrf_sdh.o(i.sdh_request_observer_notify)
    i.sdh_state_observer_notify              0x00029448   Section        0  nrf_sdh.o(i.sdh_state_observer_notify)
    sdh_state_observer_notify                0x00029449   Thumb Code    38  nrf_sdh.o(i.sdh_state_observer_notify)
    i.send_error_evt                         0x00029474   Section        0  ble_conn_params.o(i.send_error_evt)
    send_error_evt                           0x00029475   Thumb Code    12  ble_conn_params.o(i.send_error_evt)
    i.service_data_encode                    0x00029484   Section        0  ble_advdata.o(i.service_data_encode)
    service_data_encode                      0x00029485   Thumb Code   136  ble_advdata.o(i.service_data_encode)
    i.services_init                          0x0002950c   Section        0  main.o(i.services_init)
    services_init                            0x0002950d   Thumb Code   140  main.o(i.services_init)
    i.set_security_req                       0x000295c8   Section        0  ble_srv_common.o(i.set_security_req)
    set_security_req                         0x000295c9   Thumb Code    48  ble_srv_common.o(i.set_security_req)
    i.shutdown_process                       0x000295f8   Section        0  nrf_pwr_mgmt.o(i.shutdown_process)
    shutdown_process                         0x000295f9   Thumb Code    90  nrf_pwr_mgmt.o(i.shutdown_process)
    i.softdevices_evt_irq_enable             0x00029668   Section        0  nrf_sdh.o(i.softdevices_evt_irq_enable)
    softdevices_evt_irq_enable               0x00029669   Thumb Code    80  nrf_sdh.o(i.softdevices_evt_irq_enable)
    i.sortlist_pop                           0x000296c0   Section        0  app_timer2.o(i.sortlist_pop)
    sortlist_pop                             0x000296c1   Thumb Code     6  app_timer2.o(i.sortlist_pop)
    i.timer_expire                           0x000296cc   Section        0  app_timer2.o(i.timer_expire)
    timer_expire                             0x000296cd   Thumb Code    80  app_timer2.o(i.timer_expire)
    i.timer_init                             0x00029724   Section        0  main.o(i.timer_init)
    i.timer_req_process                      0x00029758   Section        0  app_timer2.o(i.timer_req_process)
    timer_req_process                        0x00029759   Thumb Code   110  app_timer2.o(i.timer_req_process)
    i.timer_req_schedule                     0x000297d0   Section        0  app_timer2.o(i.timer_req_schedule)
    timer_req_schedule                       0x000297d1   Thumb Code    46  app_timer2.o(i.timer_req_schedule)
    i.uint16_encode                          0x00029808   Section        0  ble_advdata.o(i.uint16_encode)
    uint16_encode                            0x00029809   Thumb Code    10  ble_advdata.o(i.uint16_encode)
    i.update_timeout_handler                 0x00029814   Section        0  ble_conn_params.o(i.update_timeout_handler)
    update_timeout_handler                   0x00029815   Thumb Code    98  ble_conn_params.o(i.update_timeout_handler)
    i.user_mem_reply                         0x0002987c   Section        0  nrf_ble_qwr.o(i.user_mem_reply)
    user_mem_reply                           0x0002987d   Thumb Code    36  nrf_ble_qwr.o(i.user_mem_reply)
    i.uuid_list_encode                       0x000298a0   Section        0  ble_advdata.o(i.uuid_list_encode)
    uuid_list_encode                         0x000298a1   Thumb Code    48  ble_advdata.o(i.uuid_list_encode)
    i.uuid_list_sized_encode                 0x000298d0   Section        0  ble_advdata.o(i.uuid_list_sized_encode)
    uuid_list_sized_encode                   0x000298d1   Thumb Code   158  ble_advdata.o(i.uuid_list_sized_encode)
    .constdata                               0x00029970   Section       22  main.o(.constdata)
    delay_machine_code                       0x00029980   Data           6  main.o(.constdata)
    .constdata                               0x00029988   Section       22  nrf_ble_gatt.o(.constdata)
    .constdata                               0x000299a0   Section       48  ble_doseio_s.o(.constdata)
    .constdata                               0x000299d0   Section       16  nrf_sdh.o(.constdata)
    sdh_req_observers_array                  0x000299d0   Data          16  nrf_sdh.o(.constdata)
    .constdata                               0x000299e0   Section       40  nrf_sdh.o(.constdata)
    sdh_req_observers                        0x000299e4   Data          12  nrf_sdh.o(.constdata)
    sdh_state_observers                      0x000299f0   Data          12  nrf_sdh.o(.constdata)
    sdh_stack_observers                      0x000299fc   Data          12  nrf_sdh.o(.constdata)
    .constdata                               0x00029a08   Section       16  nrf_sdh.o(.constdata)
    sdh_state_observers_array                0x00029a08   Data          16  nrf_sdh.o(.constdata)
    .constdata                               0x00029a18   Section       16  nrf_sdh.o(.constdata)
    sdh_stack_observers_array                0x00029a18   Data          16  nrf_sdh.o(.constdata)
    .constdata                               0x00029a28   Section       32  nrf_sdh_ble.o(.constdata)
    sdh_ble_observers_array                  0x00029a28   Data          32  nrf_sdh_ble.o(.constdata)
    .constdata                               0x00029a48   Section       16  nrf_sdh_ble.o(.constdata)
    sdh_ble_observers                        0x00029a4c   Data          12  nrf_sdh_ble.o(.constdata)
    .constdata                               0x00029a58   Section       16  nrf_sdh_soc.o(.constdata)
    sdh_soc_observers_array                  0x00029a58   Data          16  nrf_sdh_soc.o(.constdata)
    .constdata                               0x00029a68   Section       12  nrf_sdh_soc.o(.constdata)
    sdh_soc_observers                        0x00029a68   Data          12  nrf_sdh_soc.o(.constdata)
    .constdata                               0x00029a74   Section        4  nrfx_gpiote.o(.constdata)
    .constdata                               0x00029a78   Section       20  app_timer2.o(.constdata)
    m_req_fifo                               0x00029a78   Data           4  app_timer2.o(.constdata)
    m_app_timer_sortlist                     0x00029a80   Data          12  app_timer2.o(.constdata)
    .constdata                               0x00029a90   Section        6  drv_rtc.o(.constdata)
    delay_machine_code                       0x00029a90   Data           6  drv_rtc.o(.constdata)
    .constdata                               0x00029a98   Section       24  nrf_pwr_mgmt.o(.constdata)
    pwr_mgmt_data_array                      0x00029a98   Data          24  nrf_pwr_mgmt.o(.constdata)
    .constdata                               0x00029ab0   Section       12  nrf_pwr_mgmt.o(.constdata)
    pwr_mgmt_data                            0x00029ab0   Data          12  nrf_pwr_mgmt.o(.constdata)
    .constdata                               0x00029abc   Section       24  ble_dfu.o(.constdata)
    .constdata                               0x00029ad4   Section       12  mktime.o(.constdata)
    monlen                                   0x00029ad4   Data          12  mktime.o(.constdata)
    .constdata                               0x00029ae0   Section       12  localtime_i.o(.constdata)
    monlen                                   0x00029ae0   Data          12  localtime_i.o(.constdata)
    .conststrlit                             0x00029aec   Section        8  nrf_sdh.o(.conststrlit)
    .conststrlit                             0x00029af4   Section       12  nrf_sdh_soc.o(.conststrlit)
    .conststrlit                             0x00029b00   Section        4  nrfx_prs.o(.conststrlit)
    .conststrlit                             0x00029b04   Section        7  nrfx_gpiote.o(.conststrlit)
    .conststrlit                             0x00029b0c   Section       10  app_timer2.o(.conststrlit)
    .conststrlit                             0x00029b18   Section        9  nrf_sortlist.o(.conststrlit)
    log_const_data                           0x00029b44   Section        8  nrf_sdh.o(log_const_data)
    __tagsym$$used                           0x00029b44   Number         0  nrf_sdh.o(log_const_data)
    log_const_data                           0x00029b4c   Section        8  nrf_sdh_soc.o(log_const_data)
    __tagsym$$used                           0x00029b4c   Number         0  nrf_sdh_soc.o(log_const_data)
    log_const_data                           0x00029b54   Section        8  nrfx_prs.o(log_const_data)
    __tagsym$$used                           0x00029b54   Number         0  nrfx_prs.o(log_const_data)
    log_const_data                           0x00029b5c   Section        8  nrfx_gpiote.o(log_const_data)
    __tagsym$$used                           0x00029b5c   Number         0  nrfx_gpiote.o(log_const_data)
    log_const_data                           0x00029b64   Section        8  app_timer2.o(log_const_data)
    __tagsym$$used                           0x00029b64   Number         0  app_timer2.o(log_const_data)
    log_const_data                           0x00029b6c   Section        8  nrf_sortlist.o(log_const_data)
    __tagsym$$used                           0x00029b6c   Number         0  nrf_sortlist.o(log_const_data)
    sdh_ble_observers0                       0x00029b74   Section        8  ble_conn_state.o(sdh_ble_observers0)
    __tagsym$$used                           0x00029b74   Number         0  ble_conn_state.o(sdh_ble_observers0)
    m_ble_evt_observer                       0x00029b74   Data           8  ble_conn_state.o(sdh_ble_observers0)
    sdh_ble_observers1                       0x00029b7c   Section        8  main.o(sdh_ble_observers1)
    __tagsym$$used                           0x00029b7c   Number         0  main.o(sdh_ble_observers1)
    m_gatt_obs                               0x00029b7c   Data           8  main.o(sdh_ble_observers1)
    sdh_ble_observers1                       0x00029b84   Section        8  ble_conn_params.o(sdh_ble_observers1)
    __tagsym$$used                           0x00029b84   Number         0  ble_conn_params.o(sdh_ble_observers1)
    m_ble_observer                           0x00029b84   Data           8  ble_conn_params.o(sdh_ble_observers1)
    sdh_ble_observers2                       0x00029b8c   Section       32  main.o(sdh_ble_observers2)
    __tagsym$$used                           0x00029b8c   Number         0  main.o(sdh_ble_observers2)
    m_doseIO_Calendare_obs                   0x00029b8c   Data           8  main.o(sdh_ble_observers2)
    __tagsym$$used                           0x00029b94   Number         0  main.o(sdh_ble_observers2)
    m_doseIO_Journal_obs                     0x00029b94   Data           8  main.o(sdh_ble_observers2)
    __tagsym$$used                           0x00029b9c   Number         0  main.o(sdh_ble_observers2)
    m_doseIO_obs                             0x00029b9c   Data           8  main.o(sdh_ble_observers2)
    __tagsym$$used                           0x00029ba4   Number         0  main.o(sdh_ble_observers2)
    m_qwr_obs                                0x00029ba4   Data           8  main.o(sdh_ble_observers2)
    sdh_ble_observers2                       0x00029bac   Section        8  ble_dfu.o(sdh_ble_observers2)
    __tagsym$$used                           0x00029bac   Number         0  ble_dfu.o(sdh_ble_observers2)
    m_dfus_obs                               0x00029bac   Data           8  ble_dfu.o(sdh_ble_observers2)
    sdh_ble_observers3                       0x00029bb4   Section        8  main.o(sdh_ble_observers3)
    __tagsym$$used                           0x00029bb4   Number         0  main.o(sdh_ble_observers3)
    m_ble_observer                           0x00029bb4   Data           8  main.o(sdh_ble_observers3)
    sdh_soc_observers1                       0x00029bbc   Section        8  ble_dfu_unbonded.o(sdh_soc_observers1)
    __tagsym$$used                           0x00029bbc   Number         0  ble_dfu_unbonded.o(sdh_soc_observers1)
    m_dfu_buttonless_soc_obs                 0x00029bbc   Data           8  ble_dfu_unbonded.o(sdh_soc_observers1)
    sdh_stack_observers0                     0x00029bc4   Section        8  nrf_sdh_ble.o(sdh_stack_observers0)
    __tagsym$$used                           0x00029bc4   Number         0  nrf_sdh_ble.o(sdh_stack_observers0)
    m_nrf_sdh_ble_evts_poll                  0x00029bc4   Data           8  nrf_sdh_ble.o(sdh_stack_observers0)
    sdh_stack_observers0                     0x00029bcc   Section        8  nrf_sdh_soc.o(sdh_stack_observers0)
    __tagsym$$used                           0x00029bcc   Number         0  nrf_sdh_soc.o(sdh_stack_observers0)
    m_nrf_sdh_soc_evts_poll                  0x00029bcc   Data           8  nrf_sdh_soc.o(sdh_stack_observers0)
    .data                                    0x20002a98   Section       64  main.o(.data)
    m_adv_handle                             0x20002a98   Data           1  main.o(.data)
    m_conn_handle                            0x20002a9c   Data           2  main.o(.data)
    CaseOpen                                 0x20002aa0   Data           2  main.o(.data)
    lastStateCase                            0x20002aa2   Data           2  main.o(.data)
    data_copy                                0x20002ab4   Data           4  main.o(.data)
    data_copy                                0x20002ab8   Data           4  main.o(.data)
    CurrentTimeUnix                          0x20002abc   Data           4  main.o(.data)
    ADC_DATA_RAW                             0x20002ac0   Data           8  main.o(.data)
    m_adv_data                               0x20002ac8   Data          16  main.o(.data)
    .data                                    0x20002ad8   Section       44  nrf_calendar.o(.data)
    m_last_calibrate_time                    0x20002ad8   Data           4  nrf_calendar.o(.data)
    m_calibrate_factor                       0x20002adc   Data           4  nrf_calendar.o(.data)
    m_rtc_increment                          0x20002ae0   Data           4  nrf_calendar.o(.data)
    cal_event_callback                       0x20002ae4   Data           4  nrf_calendar.o(.data)
    uncal_difftime                           0x20002ae8   Data           4  nrf_calendar.o(.data)
    difftime                                 0x20002aec   Data           4  nrf_calendar.o(.data)
    newtime                                  0x20002af0   Data           4  nrf_calendar.o(.data)
    uncal_difftime                           0x20002af4   Data           4  nrf_calendar.o(.data)
    difftime                                 0x20002af8   Data           4  nrf_calendar.o(.data)
    newtime                                  0x20002afc   Data           4  nrf_calendar.o(.data)
    m_time                                   0x20002b00   Data           4  nrf_calendar.o(.data)
    .data                                    0x20002b04   Section        8  ble_conn_params.o(.data)
    m_preferred_conn_params                  0x20002b04   Data           8  ble_conn_params.o(.data)
    .data                                    0x20002b0c   Section       24  ble_doseio_s.o(.data)
    dataTimeSynch                            0x20002b0c   Data           4  ble_doseio_s.o(.data)
    dataTimeSynch                            0x20002b10   Data           4  ble_doseio_s.o(.data)
    dataTimeSynch                            0x20002b14   Data           4  ble_doseio_s.o(.data)
    dataWriteNotif                           0x20002b18   Data           4  ble_doseio_s.o(.data)
    dataClearNotif                           0x20002b1c   Data           4  ble_doseio_s.o(.data)
    dataListNotif                            0x20002b20   Data           4  ble_doseio_s.o(.data)
    .data                                    0x20002b24   Section        3  nrf_sdh.o(.data)
    m_nrf_sdh_enabled                        0x20002b24   Data           1  nrf_sdh.o(.data)
    m_nrf_sdh_suspended                      0x20002b25   Data           1  nrf_sdh.o(.data)
    m_nrf_sdh_continue                       0x20002b26   Data           1  nrf_sdh.o(.data)
    .data                                    0x20002b27   Section        1  nrf_sdh_ble.o(.data)
    m_stack_is_enabled                       0x20002b27   Data           1  nrf_sdh_ble.o(.data)
    .data                                    0x20002b28   Section        8  nrfx_prs.o(.data)
    m_prs_box_4                              0x20002b28   Data           8  nrfx_prs.o(.data)
    .data                                    0x20002b30   Section       32  app_timer2.o(.data)
    m_global_active                          0x20002b30   Data           1  app_timer2.o(.data)
    mp_active_timer                          0x20002b34   Data           4  app_timer2.o(.data)
    m_rtc_inst                               0x20002b38   Data           8  app_timer2.o(.data)
    m_base_counter                           0x20002b40   Data           8  app_timer2.o(.data)
    m_stamp64                                0x20002b48   Data           8  app_timer2.o(.data)
    .data                                    0x20002b50   Section        4  app_timer2.o(.data)
    m_app_timer_sortlist_sortlist_cb         0x20002b50   Data           4  app_timer2.o(.data)
    .data                                    0x20002b54   Section       12  drv_rtc.o(.data)
    m_handlers                               0x20002b54   Data           4  drv_rtc.o(.data)
    m_cb                                     0x20002b58   Data           8  drv_rtc.o(.data)
    .data                                    0x20002b60   Section        8  nrf_pwr_mgmt.o(.data)
    m_pwr_mgmt_evt                           0x20002b60   Data           1  nrf_pwr_mgmt.o(.data)
    m_shutdown_started                       0x20002b61   Data           1  nrf_pwr_mgmt.o(.data)
    m_sysoff_mtx                             0x20002b64   Data           4  nrf_pwr_mgmt.o(.data)
    .data                                    0x20002b68   Section        4  ble_dfu_unbonded.o(.data)
    .data                                    0x20002b6c   Section        4  system_nrf52.o(.data)
    __tagsym$$used                           0x20002b6c   Number         0  system_nrf52.o(.data)
    .bss                                     0x20002b70   Section      382  main.o(.bss)
    JournalNewEventBuffer                    0x20002b98   Data         160  main.o(.bss)
    m_doseIO_Calendare                       0x20002c38   Data          52  main.o(.bss)
    m_doseIO_Journal                         0x20002c6c   Data          28  main.o(.bss)
    m_doseIO                                 0x20002c88   Data          52  main.o(.bss)
    m_gatt                                   0x20002cbc   Data          20  main.o(.bss)
    m_qwr                                    0x20002cd0   Data          12  main.o(.bss)
    .bss                                     0x20002cee   Section       31  main.o(.bss)
    m_enc_advdata                            0x20002cee   Data          31  main.o(.bss)
    .bss                                     0x20002d0d   Section       31  main.o(.bss)
    m_enc_scan_response_data                 0x20002d0d   Data          31  main.o(.bss)
    .bss                                     0x20002d2c   Section      168  nrf_calendar.o(.bss)
    cal_string                               0x20002d2c   Data          80  nrf_calendar.o(.bss)
    time_struct                              0x20002d7c   Data          44  nrf_calendar.o(.bss)
    m_tm_return_time                         0x20002da8   Data          44  nrf_calendar.o(.bss)
    .bss                                     0x20002dd8   Section       80  ble_conn_params.o(.bss)
    m_timer_data                             0x20002dd8   Data          32  ble_conn_params.o(.bss)
    m_conn_params_instances                  0x20002df8   Data          20  ble_conn_params.o(.bss)
    m_conn_params_config                     0x20002e0c   Data          28  ble_conn_params.o(.bss)
    .bss                                     0x20002e28   Section      124  ble_conn_state.o(.bss)
    m_bcs                                    0x20002e28   Data         124  ble_conn_state.o(.bss)
    .bss                                     0x20002ea4   Section      142  ble_doseio_s.o(.bss)
    p_evt_write                              0x20002ea4   Data          14  ble_doseio_s.o(.bss)
    p_evt_write_data                         0x20002eb2   Data         114  ble_doseio_s.o(.bss)
    p_evt_write                              0x20002f24   Data          14  ble_doseio_s.o(.bss)
    .bss                                     0x20002f34   Section       92  nrfx_gpiote.o(.bss)
    m_cb                                     0x20002f34   Data          92  nrfx_gpiote.o(.bss)
    .bss                                     0x20002f90   Section       16  app_timer2.o(.bss)
    m_req_fifo_inst                          0x20002f90   Data          16  app_timer2.o(.bss)
    .bss                                     0x20002fa0   Section       88  app_timer2.o(.bss)
    m_req_fifo_data                          0x20002fa0   Data          88  app_timer2.o(.bss)
    .bss                                     0x20002ff8   Section       12  app_util_platform.o(.bss)
    .bss                                     0x20003004   Section       12  nrf_pwr_mgmt.o(.bss)
    m_handlers_iter                          0x20003004   Data          12  nrf_pwr_mgmt.o(.bss)
    .bss                                     0x20003010   Section       28  ble_dfu.o(.bss)
    m_dfu                                    0x20003010   Data          28  ble_dfu.o(.bss)
    .bss                                     0x2000302c   Section       40  ble_dfu_unbonded.o(.bss)
    nrf_dfu_set_adv_name_svci_async_def      0x2000302c   Data          12  ble_dfu_unbonded.o(.bss)
    m_adv_name                               0x20003038   Data          28  ble_dfu_unbonded.o(.bss)
    .bss                                     0x20003054   Section       44  localtime_w.o(.bss)
    _tms                                     0x20003054   Data          44  localtime_w.o(.bss)
    STACK                                    0x20003080   Section     8192  arm_startup_nrf52.o(STACK)

    Global Symbols

    Symbol Name                              Value     Ov Type        Size  Object(Section)

    BuildAttributes$$THM_ISAv4$E$P$D$K$B$S$7EM$VFPi3$EXTD16$VFPS$VFMA$PE$A:L22UL41UL21$X:L11$S22US41US21$IEEE1$IW$USESV6$~STKCKD$USESV7$~SHL$OSPACE$EBA8$MICROLIB$REQ8$EABIv2 0x00000000   Number         0  anon$$obj.o ABSOLUTE
    __ARM_use_no_argv                        0x00000000   Number         0  main.o ABSOLUTE
    __cpp_initialize__aeabi_                  - Undefined Weak Reference
    __cxa_finalize                            - Undefined Weak Reference
    __decompress                              - Undefined Weak Reference
    _clock_init                               - Undefined Weak Reference
    _microlib_exit                            - Undefined Weak Reference
    pwr_mgmt_data0$$Base                      - Undefined Reference
    pwr_mgmt_data0$$Limit                     - Undefined Reference
    pwr_mgmt_data1$$Base                      - Undefined Reference
    pwr_mgmt_data1$$Limit                     - Undefined Reference
    pwr_mgmt_data2$$Base                      - Undefined Reference
    pwr_mgmt_data2$$Limit                     - Undefined Reference
    sdh_req_observers0$$Base                  - Undefined Reference
    sdh_req_observers0$$Limit                 - Undefined Reference
    sdh_req_observers1$$Base                  - Undefined Reference
    sdh_req_observers1$$Limit                 - Undefined Reference
    sdh_soc_observers0$$Base                  - Undefined Reference
    sdh_soc_observers0$$Limit                 - Undefined Reference
    sdh_stack_observers1$$Base                - Undefined Reference
    sdh_stack_observers1$$Limit               - Undefined Reference
    sdh_state_observers0$$Base                - Undefined Reference
    sdh_state_observers0$$Limit               - Undefined Reference
    sdh_state_observers1$$Base                - Undefined Reference
    sdh_state_observers1$$Limit               - Undefined Reference
    __Vectors_Size                           0x00000200   Number         0  arm_startup_nrf52.o ABSOLUTE
    Load$$LR$$LR_IROM1$$Base                 0x00026000   Number         0  anon$$obj.o ABSOLUTE
    __Vectors                                0x00026000   Data           4  arm_startup_nrf52.o(RESET)
    __Vectors_End                            0x00026200   Data           0  arm_startup_nrf52.o(RESET)
    __main                                   0x00026201   Thumb Code     0  entry.o(.ARM.Collect$$$$00000000)
    _main_stk                                0x00026201   Thumb Code     0  entry2.o(.ARM.Collect$$$$00000001)
    _main_scatterload                        0x00026205   Thumb Code     0  entry5.o(.ARM.Collect$$$$00000004)
    __main_after_scatterload                 0x00026209   Thumb Code     0  entry5.o(.ARM.Collect$$$$00000004)
    _main_clock                              0x00026209   Thumb Code     0  entry7b.o(.ARM.Collect$$$$00000008)
    _main_cpp_init                           0x00026209   Thumb Code     0  entry8b.o(.ARM.Collect$$$$0000000A)
    _main_init                               0x00026209   Thumb Code     0  entry9a.o(.ARM.Collect$$$$0000000B)
    __rt_final_cpp                           0x00026211   Thumb Code     0  entry10a.o(.ARM.Collect$$$$0000000D)
    __rt_final_exit                          0x00026211   Thumb Code     0  entry11a.o(.ARM.Collect$$$$0000000F)
    __asm___12_nrf_atfifo_c_51f461e1__nrf_atfifo_wspace_req 0x00026215   Thumb Code    56  nrf_atfifo.o(.emb_text)
    __asm___12_nrf_atfifo_c_51f461e1__nrf_atfifo_wspace_close 0x0002624d   Thumb Code    18  nrf_atfifo.o(.emb_text)
    __asm___12_nrf_atfifo_c_51f461e1__nrf_atfifo_rspace_req 0x0002625f   Thumb Code    58  nrf_atfifo.o(.emb_text)
    __asm___12_nrf_atfifo_c_51f461e1__nrf_atfifo_rspace_close 0x00026299   Thumb Code    18  nrf_atfifo.o(.emb_text)
    __asm___12_nrf_atfifo_c_51f461e1__nrf_atfifo_space_clear 0x000262ab   Thumb Code    50  nrf_atfifo.o(.emb_text)
    __asm___12_nrf_atomic_c_85ca2469__nrf_atomic_internal_mov 0x000262dd   Thumb Code    24  nrf_atomic.o(.emb_text)
    __asm___12_nrf_atomic_c_85ca2469__nrf_atomic_internal_orr 0x000262f5   Thumb Code    26  nrf_atomic.o(.emb_text)
    __asm___12_nrf_atomic_c_85ca2469__nrf_atomic_internal_and 0x0002630f   Thumb Code    26  nrf_atomic.o(.emb_text)
    __asm___12_nrf_atomic_c_85ca2469__nrf_atomic_internal_eor 0x00026329   Thumb Code    26  nrf_atomic.o(.emb_text)
    __asm___12_nrf_atomic_c_85ca2469__nrf_atomic_internal_add 0x00026343   Thumb Code    26  nrf_atomic.o(.emb_text)
    __asm___12_nrf_atomic_c_85ca2469__nrf_atomic_internal_sub 0x0002635d   Thumb Code    26  nrf_atomic.o(.emb_text)
    __asm___12_nrf_atomic_c_85ca2469__nrf_atomic_internal_cmp_exch 0x00026377   Thumb Code    42  nrf_atomic.o(.emb_text)
    __asm___12_nrf_atomic_c_85ca2469__nrf_atomic_internal_sub_hs 0x000263a1   Thumb Code    30  nrf_atomic.o(.emb_text)
    Reset_Handler                            0x000263c1   Thumb Code     8  arm_startup_nrf52.o(.text)
    NMI_Handler                              0x000263c9   Thumb Code     2  arm_startup_nrf52.o(.text)
    HardFault_Handler                        0x000263cb   Thumb Code     2  arm_startup_nrf52.o(.text)
    MemoryManagement_Handler                 0x000263cd   Thumb Code     2  arm_startup_nrf52.o(.text)
    BusFault_Handler                         0x000263cf   Thumb Code     2  arm_startup_nrf52.o(.text)
    UsageFault_Handler                       0x000263d1   Thumb Code     2  arm_startup_nrf52.o(.text)
    SVC_Handler                              0x000263d3   Thumb Code     2  arm_startup_nrf52.o(.text)
    DebugMon_Handler                         0x000263d5   Thumb Code     2  arm_startup_nrf52.o(.text)
    PendSV_Handler                           0x000263d7   Thumb Code     2  arm_startup_nrf52.o(.text)
    SysTick_Handler                          0x000263d9   Thumb Code     2  arm_startup_nrf52.o(.text)
    CCM_AAR_IRQHandler                       0x000263db   Thumb Code     0  arm_startup_nrf52.o(.text)
    COMP_LPCOMP_IRQHandler                   0x000263db   Thumb Code     0  arm_startup_nrf52.o(.text)
    ECB_IRQHandler                           0x000263db   Thumb Code     0  arm_startup_nrf52.o(.text)
    FPU_IRQHandler                           0x000263db   Thumb Code     0  arm_startup_nrf52.o(.text)
    I2S_IRQHandler                           0x000263db   Thumb Code     0  arm_startup_nrf52.o(.text)
    MWU_IRQHandler                           0x000263db   Thumb Code     0  arm_startup_nrf52.o(.text)
    NFCT_IRQHandler                          0x000263db   Thumb Code     0  arm_startup_nrf52.o(.text)
    PDM_IRQHandler                           0x000263db   Thumb Code     0  arm_startup_nrf52.o(.text)
    POWER_CLOCK_IRQHandler                   0x000263db   Thumb Code     0  arm_startup_nrf52.o(.text)
    PWM0_IRQHandler                          0x000263db   Thumb Code     0  arm_startup_nrf52.o(.text)
    PWM1_IRQHandler                          0x000263db   Thumb Code     0  arm_startup_nrf52.o(.text)
    PWM2_IRQHandler                          0x000263db   Thumb Code     0  arm_startup_nrf52.o(.text)
    QDEC_IRQHandler                          0x000263db   Thumb Code     0  arm_startup_nrf52.o(.text)
    RADIO_IRQHandler                         0x000263db   Thumb Code     0  arm_startup_nrf52.o(.text)
    RNG_IRQHandler                           0x000263db   Thumb Code     0  arm_startup_nrf52.o(.text)
    RTC0_IRQHandler                          0x000263db   Thumb Code     0  arm_startup_nrf52.o(.text)
    SPIM0_SPIS0_TWIM0_TWIS0_SPI0_TWI0_IRQHandler 0x000263db   Thumb Code     0  arm_startup_nrf52.o(.text)
    SPIM1_SPIS1_TWIM1_TWIS1_SPI1_TWI1_IRQHandler 0x000263db   Thumb Code     0  arm_startup_nrf52.o(.text)
    SPIM2_SPIS2_SPI2_IRQHandler              0x000263db   Thumb Code     0  arm_startup_nrf52.o(.text)
    SWI0_EGU0_IRQHandler                     0x000263db   Thumb Code     0  arm_startup_nrf52.o(.text)
    SWI1_EGU1_IRQHandler                     0x000263db   Thumb Code     0  arm_startup_nrf52.o(.text)
    SWI3_EGU3_IRQHandler                     0x000263db   Thumb Code     0  arm_startup_nrf52.o(.text)
    SWI4_EGU4_IRQHandler                     0x000263db   Thumb Code     0  arm_startup_nrf52.o(.text)
    SWI5_EGU5_IRQHandler                     0x000263db   Thumb Code     0  arm_startup_nrf52.o(.text)
    TEMP_IRQHandler                          0x000263db   Thumb Code     0  arm_startup_nrf52.o(.text)
    TIMER0_IRQHandler                        0x000263db   Thumb Code     0  arm_startup_nrf52.o(.text)
    TIMER1_IRQHandler                        0x000263db   Thumb Code     0  arm_startup_nrf52.o(.text)
    TIMER2_IRQHandler                        0x000263db   Thumb Code     0  arm_startup_nrf52.o(.text)
    TIMER3_IRQHandler                        0x000263db   Thumb Code     0  arm_startup_nrf52.o(.text)
    TIMER4_IRQHandler                        0x000263db   Thumb Code     0  arm_startup_nrf52.o(.text)
    WDT_IRQHandler                           0x000263db   Thumb Code     0  arm_startup_nrf52.o(.text)
    mktime                                   0x000263e5   Thumb Code   150  mktime.o(.text)
    __aeabi_memcpy                           0x0002648d   Thumb Code    36  memcpya.o(.text)
    __aeabi_memcpy4                          0x0002648d   Thumb Code     0  memcpya.o(.text)
    __aeabi_memcpy8                          0x0002648d   Thumb Code     0  memcpya.o(.text)
    __aeabi_memset                           0x000264b1   Thumb Code    14  memseta.o(.text)
    __aeabi_memset4                          0x000264b1   Thumb Code     0  memseta.o(.text)
    __aeabi_memset8                          0x000264b1   Thumb Code     0  memseta.o(.text)
    __aeabi_memclr                           0x000264bf   Thumb Code     4  memseta.o(.text)
    __aeabi_memclr4                          0x000264bf   Thumb Code     0  memseta.o(.text)
    __aeabi_memclr8                          0x000264bf   Thumb Code     0  memseta.o(.text)
    _memset$wrapper                          0x000264c3   Thumb Code    18  memseta.o(.text)
    localtime                                0x000264d5   Thumb Code     6  localtime_w.o(.text)
    _localtime                               0x000264e1   Thumb Code   134  localtime_i.o(.text)
    __scatterload                            0x0002656d   Thumb Code    28  init.o(.text)
    __scatterload_rt2                        0x0002656d   Thumb Code     0  init.o(.text)
    GPIOTE_IRQHandler                        0x00026591   Thumb Code   346  nrfx_gpiote.o(i.GPIOTE_IRQHandler)
    RTC1_IRQHandler                          0x000266f5   Thumb Code    12  drv_rtc.o(i.RTC1_IRQHandler)
    RTC2_IRQHandler                          0x00026705   Thumb Code    40  nrf_calendar.o(i.RTC2_IRQHandler)
    SAADC_IRQHandler                         0x00026735   Thumb Code    26  main.o(i.SAADC_IRQHandler)
    SWI2_EGU2_IRQHandler                     0x00026755   Thumb Code     4  nrf_sdh.o(i.SWI2_EGU2_IRQHandler)
    SystemInit                               0x00026759   Thumb Code   740  system_nrf52.o(i.SystemInit)
    UARTE0_UART0_IRQHandler                  0x00026a85   Thumb Code     6  nrfx_prs.o(i.UARTE0_UART0_IRQHandler)
    __scatterload_copy                       0x00026a91   Thumb Code    14  handlers.o(i.__scatterload_copy)
    __scatterload_null                       0x00026a9f   Thumb Code     2  handlers.o(i.__scatterload_null)
    __scatterload_zeroinit                   0x00026aa1   Thumb Code    14  handlers.o(i.__scatterload_zeroinit)
    app_error_fault_handler                  0x00026b91   Thumb Code    40  app_error_weak.o(i.app_error_fault_handler)
    app_error_handler_bare                   0x00026bc1   Thumb Code    22  app_error.o(i.app_error_handler_bare)
    app_timer_cnt_get                        0x00026bd9   Thumb Code     6  app_timer2.o(i.app_timer_cnt_get)
    app_timer_create                         0x00026be5   Thumb Code    22  app_timer2.o(i.app_timer_create)
    app_timer_init                           0x00026bfd   Thumb Code    70  app_timer2.o(i.app_timer_init)
    app_timer_start                          0x00026c59   Thumb Code    48  app_timer2.o(i.app_timer_start)
    app_timer_stop                           0x00026c89   Thumb Code    12  app_timer2.o(i.app_timer_stop)
    app_util_critical_region_enter           0x00026c95   Thumb Code    64  app_util_platform.o(i.app_util_critical_region_enter)
    app_util_critical_region_exit            0x00026cdd   Thumb Code    46  app_util_platform.o(i.app_util_critical_region_exit)
    ble_J_read_data_send                     0x00026d11   Thumb Code   170  ble_doseio_s.o(i.ble_J_read_data_send)
    ble_advdata_encode                       0x00026dbb   Thumb Code   386  ble_advdata.o(i.ble_advdata_encode)
    ble_conn_params_init                     0x00026f3d   Thumb Code    90  ble_conn_params.o(i.ble_conn_params_init)
    ble_dfu_buttonless_backend_init          0x00027005   Thumb Code    14  ble_dfu_unbonded.o(i.ble_dfu_buttonless_backend_init)
    ble_dfu_buttonless_bootloader_start_finalize 0x00027019   Thumb Code    40  ble_dfu.o(i.ble_dfu_buttonless_bootloader_start_finalize)
    ble_dfu_buttonless_bootloader_start_prepare 0x00027045   Thumb Code    20  ble_dfu_unbonded.o(i.ble_dfu_buttonless_bootloader_start_prepare)
    ble_dfu_buttonless_char_add              0x0002705d   Thumb Code    80  ble_dfu_unbonded.o(i.ble_dfu_buttonless_char_add)
    ble_dfu_buttonless_init                  0x000270ad   Thumb Code    98  ble_dfu.o(i.ble_dfu_buttonless_init)
    ble_dfu_buttonless_on_ble_evt            0x0002711d   Thumb Code   124  ble_dfu.o(i.ble_dfu_buttonless_on_ble_evt)
    ble_dfu_buttonless_on_ctrl_pt_write      0x0002719d   Thumb Code   174  ble_dfu_unbonded.o(i.ble_dfu_buttonless_on_ctrl_pt_write)
    ble_dfu_buttonless_on_sys_evt            0x00027255   Thumb Code    88  ble_dfu_unbonded.o(i.ble_dfu_buttonless_on_sys_evt)
    ble_dfu_buttonless_resp_send             0x000272b5   Thumb Code    78  ble_dfu.o(i.ble_dfu_buttonless_resp_send)
    ble_doseIO_Calendare_on_ble_evt          0x00027309   Thumb Code    66  ble_doseio_s.o(i.ble_doseIO_Calendare_on_ble_evt)
    ble_doseIO_Journal_on_ble_evt            0x00027351   Thumb Code    22  ble_doseio_s.o(i.ble_doseIO_Journal_on_ble_evt)
    ble_doseIO_init_s_calendare              0x00027369   Thumb Code   362  ble_doseio_s.o(i.ble_doseIO_init_s_calendare)
    ble_doseIO_init_s_journal                0x000274d9   Thumb Code   206  ble_doseio_s.o(i.ble_doseIO_init_s_journal)
    ble_doseIO_init_s_settings               0x000275ad   Thumb Code   276  ble_doseio_s.o(i.ble_doseIO_init_s_settings)
    ble_doseIO_on_ble_evt                    0x000276c5   Thumb Code    18  ble_doseio_s.o(i.ble_doseIO_on_ble_evt)
    ble_list_notif_data_send                 0x000279bd   Thumb Code   184  ble_doseio_s.o(i.ble_list_notif_data_send)
    ble_srv_is_indication_enabled            0x00027a75   Thumb Code     8  ble_srv_common.o(i.ble_srv_is_indication_enabled)
    ble_srv_is_notification_enabled          0x00027a7d   Thumb Code     8  ble_srv_common.o(i.ble_srv_is_notification_enabled)
    calendar_updated                         0x00027a85   Thumb Code     2  main.o(i.calendar_updated)
    characteristic_add                       0x00027a99   Thumb Code   400  ble_srv_common.o(i.characteristic_add)
    conn_handle_list_get                     0x00027c41   Thumb Code    62  ble_conn_state.o(i.conn_handle_list_get)
    drv_rtc_compare_disable                  0x00027ec1   Thumb Code    20  drv_rtc.o(i.drv_rtc_compare_disable)
    drv_rtc_compare_pending                  0x00027ed5   Thumb Code    14  drv_rtc.o(i.drv_rtc_compare_pending)
    drv_rtc_compare_set                      0x00027ee3   Thumb Code    80  drv_rtc.o(i.drv_rtc_compare_set)
    drv_rtc_counter_get                      0x00027f33   Thumb Code     8  drv_rtc.o(i.drv_rtc_counter_get)
    drv_rtc_init                             0x00027f3d   Thumb Code   118  drv_rtc.o(i.drv_rtc_init)
    drv_rtc_irq_trigger                      0x00027fb9   Thumb Code    30  drv_rtc.o(i.drv_rtc_irq_trigger)
    drv_rtc_overflow_enable                  0x00027fd7   Thumb Code     8  drv_rtc.o(i.drv_rtc_overflow_enable)
    drv_rtc_overflow_pending                 0x00027fdf   Thumb Code     8  drv_rtc.o(i.drv_rtc_overflow_pending)
    drv_rtc_start                            0x00027fe7   Thumb Code     8  drv_rtc.o(i.drv_rtc_start)
    drv_rtc_stop                             0x00027fef   Thumb Code     8  drv_rtc.o(i.drv_rtc_stop)
    drv_rtc_windowed_compare_set             0x00027ff7   Thumb Code   222  drv_rtc.o(i.drv_rtc_windowed_compare_set)
    main                                     0x0002834d   Thumb Code   546  main.o(i.main)
    nrf_atfifo_init                          0x000286ab   Thumb Code    38  nrf_atfifo.o(i.nrf_atfifo_init)
    nrf_atfifo_item_alloc                    0x000286d1   Thumb Code    22  nrf_atfifo.o(i.nrf_atfifo_item_alloc)
    nrf_atfifo_item_free                     0x000286e7   Thumb Code    22  nrf_atfifo.o(i.nrf_atfifo_item_free)
    nrf_atfifo_item_get                      0x000286fd   Thumb Code    22  nrf_atfifo.o(i.nrf_atfifo_item_get)
    nrf_atfifo_item_put                      0x00028713   Thumb Code    22  nrf_atfifo.o(i.nrf_atfifo_item_put)
    nrf_atflags_clear                        0x00028729   Thumb Code    22  nrf_atflags.o(i.nrf_atflags_clear)
    nrf_atflags_get                          0x0002873f   Thumb Code    22  nrf_atflags.o(i.nrf_atflags_get)
    nrf_atflags_set                          0x00028755   Thumb Code    20  nrf_atflags.o(i.nrf_atflags_set)
    nrf_atomic_u32_and                       0x00028769   Thumb Code    12  nrf_atomic.o(i.nrf_atomic_u32_and)
    nrf_atomic_u32_fetch_store               0x00028775   Thumb Code    10  nrf_atomic.o(i.nrf_atomic_u32_fetch_store)
    nrf_atomic_u32_or                        0x0002877f   Thumb Code    12  nrf_atomic.o(i.nrf_atomic_u32_or)
    nrf_ble_gatt_init                        0x000287af   Thumb Code    34  nrf_ble_gatt.o(i.nrf_ble_gatt_init)
    nrf_ble_gatt_on_ble_evt                  0x000287d1   Thumb Code   366  nrf_ble_gatt.o(i.nrf_ble_gatt_on_ble_evt)
    nrf_ble_qwr_conn_handle_assign           0x00028945   Thumb Code    22  nrf_ble_qwr.o(i.nrf_ble_qwr_conn_handle_assign)
    nrf_ble_qwr_init                         0x0002895b   Thumb Code    36  nrf_ble_qwr.o(i.nrf_ble_qwr_init)
    nrf_ble_qwr_on_ble_evt                   0x0002897f   Thumb Code   182  nrf_ble_qwr.o(i.nrf_ble_qwr_on_ble_evt)
    nrf_cal_get_time                         0x00028a35   Thumb Code    36  nrf_calendar.o(i.nrf_cal_get_time)
    nrf_cal_get_time_Unix                    0x00028a65   Thumb Code     6  nrf_calendar.o(i.nrf_cal_get_time_Unix)
    nrf_cal_init                             0x00028a71   Thumb Code    58  nrf_calendar.o(i.nrf_cal_init)
    nrf_cal_set_callback                     0x00028abd   Thumb Code    34  nrf_calendar.o(i.nrf_cal_set_callback)
    nrf_cal_set_time                         0x00028aed   Thumb Code    84  nrf_calendar.o(i.nrf_cal_set_time)
    nrf_cal_set_time_Unix                    0x00028b4d   Thumb Code    54  nrf_calendar.o(i.nrf_cal_set_time_Unix)
    nrf_pwr_mgmt_init                        0x00028c51   Thumb Code    28  nrf_pwr_mgmt.o(i.nrf_pwr_mgmt_init)
    nrf_pwr_mgmt_run                         0x00028c79   Thumb Code    64  nrf_pwr_mgmt.o(i.nrf_pwr_mgmt_run)
    nrf_pwr_mgmt_shutdown                    0x00028cbd   Thumb Code    54  nrf_pwr_mgmt.o(i.nrf_pwr_mgmt_shutdown)
    nrf_sdh_ble_app_ram_start_get            0x00028d09   Thumb Code    16  nrf_sdh_ble.o(i.nrf_sdh_ble_app_ram_start_get)
    nrf_sdh_ble_default_cfg_set              0x00028d1d   Thumb Code   134  nrf_sdh_ble.o(i.nrf_sdh_ble_default_cfg_set)
    nrf_sdh_ble_enable                       0x00028da5   Thumb Code    14  nrf_sdh_ble.o(i.nrf_sdh_ble_enable)
    nrf_sdh_enable_request                   0x00028e15   Thumb Code   102  nrf_sdh.o(i.nrf_sdh_enable_request)
    nrf_sdh_evts_poll                        0x00028e89   Thumb Code    32  nrf_sdh.o(i.nrf_sdh_evts_poll)
    nrf_sdh_is_enabled                       0x00028ead   Thumb Code     6  nrf_sdh.o(i.nrf_sdh_is_enabled)
    nrf_section_iter_init                    0x00028ef5   Thumb Code    10  nrf_section_iter.o(i.nrf_section_iter_init)
    nrf_section_iter_next                    0x00028f23   Thumb Code    32  nrf_section_iter.o(i.nrf_section_iter_next)
    nrf_sortlist_add                         0x00028f43   Thumb Code    34  nrf_sortlist.o(i.nrf_sortlist_add)
    nrf_sortlist_peek                        0x00028f65   Thumb Code     6  nrf_sortlist.o(i.nrf_sortlist_peek)
    nrf_sortlist_pop                         0x00028f6b   Thumb Code    14  nrf_sortlist.o(i.nrf_sortlist_pop)
    nrf_sortlist_remove                      0x00028f79   Thumb Code    30  nrf_sortlist.o(i.nrf_sortlist_remove)
    pwm_init                                 0x00029205   Thumb Code    46  main.o(i.pwm_init)
    saadc_init                               0x0002937d   Thumb Code   134  main.o(i.saadc_init)
    timer_init                               0x00029725   Thumb Code    42  main.o(i.timer_init)
    m_ram_start                              0x00029a48   Data           4  nrf_sdh_ble.o(.constdata)
    Region$$Table$$Base                      0x00029b24   Number         0  anon$$obj.o(Region$$Table)
    Region$$Table$$Limit                     0x00029b44   Number         0  anon$$obj.o(Region$$Table)
    m_nrf_log_nrf_sdh_logs_data_const        0x00029b44   Data           8  nrf_sdh.o(log_const_data)
    m_nrf_log_nrf_sdh_soc_logs_data_const    0x00029b4c   Data           8  nrf_sdh_soc.o(log_const_data)
    m_nrf_log_PRS_logs_data_const            0x00029b54   Data           8  nrfx_prs.o(log_const_data)
    m_nrf_log_GPIOTE_logs_data_const         0x00029b5c   Data           8  nrfx_gpiote.o(log_const_data)
    m_nrf_log_app_timer_logs_data_const      0x00029b64   Data           8  app_timer2.o(log_const_data)
    m_nrf_log_sortlist_logs_data_const       0x00029b6c   Data           8  nrf_sortlist.o(log_const_data)
    sdh_ble_observers0$$Base                 0x00029b74   Number         0  ble_conn_state.o(sdh_ble_observers0)
    sdh_ble_observers0$$Limit                0x00029b7c   Number         0  ble_conn_state.o(sdh_ble_observers0)
    sdh_ble_observers1$$Base                 0x00029b7c   Number         0  main.o(sdh_ble_observers1)
    sdh_ble_observers1$$Limit                0x00029b8c   Number         0  ble_conn_params.o(sdh_ble_observers1)
    sdh_ble_observers2$$Base                 0x00029b8c   Number         0  main.o(sdh_ble_observers2)
    sdh_ble_observers2$$Limit                0x00029bb4   Number         0  ble_dfu.o(sdh_ble_observers2)
    sdh_ble_observers3$$Base                 0x00029bb4   Number         0  main.o(sdh_ble_observers3)
    sdh_ble_observers3$$Limit                0x00029bbc   Number         0  main.o(sdh_ble_observers3)
    sdh_soc_observers1$$Base                 0x00029bbc   Number         0  ble_dfu_unbonded.o(sdh_soc_observers1)
    sdh_soc_observers1$$Limit                0x00029bc4   Number         0  ble_dfu_unbonded.o(sdh_soc_observers1)
    sdh_stack_observers0$$Base               0x00029bc4   Number         0  nrf_sdh_ble.o(sdh_stack_observers0)
    sdh_stack_observers0$$Limit              0x00029bd4   Number         0  nrf_sdh_soc.o(sdh_stack_observers0)
    Image$$RW_IRAM1$$Base                    0x20002a98   Number         0  anon$$obj.o ABSOLUTE
    ConectedFlag                             0x20002a99   Data           1  main.o(.data)
    BatVoltag_RawArr_count                   0x20002a9a   Data           1  main.o(.data)
    ADC_DATA_Arr_count                       0x20002a9b   Data           1  main.o(.data)
    ADC_DATA_AVERAGE                         0x20002a9e   Data           2  main.o(.data)
    ADC_DATA_SUMM                            0x20002aa4   Data           4  main.o(.data)
    tm_data                                  0x20002aa8   Data           4  main.o(.data)
    JournalPointer                           0x20002aac   Data           4  main.o(.data)
    ListNotifPointer                         0x20002ab0   Data           4  main.o(.data)
    mp_dfu                                   0x20002b68   Data           4  ble_dfu_unbonded.o(.data)
    SystemCoreClock                          0x20002b6c   Data           4  system_nrf52.o(.data)
    ADC_DATA_Arr                             0x20002b70   Data          40  main.o(.bss)
    BatVoltag_RawArr                         0x20002cdc   Data          18  main.o(.bss)
    nrf_nvic_state                           0x20002ff8   Data          12  app_util_platform.o(.bss)
    __initial_sp                             0x20005080   Data           0  arm_startup_nrf52.o(STACK)



==============================================================================

Memory Map of the image

  Image Entry point : 0x00026201

  Load Region LR_IROM1 (Base: 0x00026000, Size: 0x00003cac, Max: 0x00046000, ABSOLUTE)

    Execution Region ER_IROM1 (Exec base: 0x00026000, Load base: 0x00026000, Size: 0x00003bd4, Max: 0x00046000, ABSOLUTE)

    Exec Addr    Load Addr    Size         Type   Attr      Idx    E Section Name        Object

    0x00026000   0x00026000   0x00000200   Data   RO         3316    RESET               arm_startup_nrf52.o
    0x00026200   0x00026200   0x00000000   Code   RO         3363  * .ARM.Collect$$$$00000000  mc_w.l(entry.o)
    0x00026200   0x00026200   0x00000004   Code   RO         3389    .ARM.Collect$$$$00000001  mc_w.l(entry2.o)
    0x00026204   0x00026204   0x00000004   Code   RO         3392    .ARM.Collect$$$$00000004  mc_w.l(entry5.o)
    0x00026208   0x00026208   0x00000000   Code   RO         3394    .ARM.Collect$$$$00000008  mc_w.l(entry7b.o)
    0x00026208   0x00026208   0x00000000   Code   RO         3396    .ARM.Collect$$$$0000000A  mc_w.l(entry8b.o)
    0x00026208   0x00026208   0x00000008   Code   RO         3397    .ARM.Collect$$$$0000000B  mc_w.l(entry9a.o)
    0x00026210   0x00026210   0x00000000   Code   RO         3399    .ARM.Collect$$$$0000000D  mc_w.l(entry10a.o)
    0x00026210   0x00026210   0x00000000   Code   RO         3401    .ARM.Collect$$$$0000000F  mc_w.l(entry11a.o)
    0x00026210   0x00026210   0x00000004   Code   RO         3390    .ARM.Collect$$$$00002712  mc_w.l(entry2.o)
    0x00026214   0x00026214   0x000000c8   Code   RO         2262    .emb_text           nrf_atfifo.o
    0x000262dc   0x000262dc   0x000000e2   Code   RO         2339    .emb_text           nrf_atomic.o
    0x000263be   0x000263be   0x00000002   PAD
    0x000263c0   0x000263c0   0x00000024   Code   RO         3317    .text               arm_startup_nrf52.o
    0x000263e4   0x000263e4   0x000000a8   Code   RO         3370    .text               mc_w.l(mktime.o)
    0x0002648c   0x0002648c   0x00000024   Code   RO         3379    .text               mc_w.l(memcpya.o)
    0x000264b0   0x000264b0   0x00000024   Code   RO         3381    .text               mc_w.l(memseta.o)
    0x000264d4   0x000264d4   0x0000000c   Code   RO         3403    .text               mc_w.l(localtime_w.o)
    0x000264e0   0x000264e0   0x0000008c   Code   RO         3406    .text               mc_w.l(localtime_i.o)
    0x0002656c   0x0002656c   0x00000024   Code   RO         3409    .text               mc_w.l(init.o)
    0x00026590   0x00026590   0x00000164   Code   RO         1532    i.GPIOTE_IRQHandler  nrfx_gpiote.o
    0x000266f4   0x000266f4   0x00000010   Code   RO         1985    i.RTC1_IRQHandler   drv_rtc.o
    0x00026704   0x00026704   0x00000030   Code   RO          481    i.RTC2_IRQHandler   nrf_calendar.o
    0x00026734   0x00026734   0x00000020   Code   RO            4    i.SAADC_IRQHandler  main.o
    0x00026754   0x00026754   0x00000004   Code   RO         1245    i.SWI2_EGU2_IRQHandler  nrf_sdh.o
    0x00026758   0x00026758   0x0000032c   Code   RO         3325    i.SystemInit        system_nrf52.o
    0x00026a84   0x00026a84   0x0000000c   Code   RO         1466    i.UARTE0_UART0_IRQHandler  nrfx_prs.o
    0x00026a90   0x00026a90   0x0000000e   Code   RO         3413    i.__scatterload_copy  mc_w.l(handlers.o)
    0x00026a9e   0x00026a9e   0x00000002   Code   RO         3414    i.__scatterload_null  mc_w.l(handlers.o)
    0x00026aa0   0x00026aa0   0x0000000e   Code   RO         3415    i.__scatterload_zeroinit  mc_w.l(handlers.o)
    0x00026aae   0x00026aae   0x00000002   PAD
    0x00026ab0   0x00026ab0   0x00000024   Code   RO         1246    i.__sd_nvic_app_accessible_irq  nrf_sdh.o
    0x00026ad4   0x00026ad4   0x000000a4   Code   RO            5    i.advertising_init  main.o
    0x00026b78   0x00026b78   0x00000018   Code   RO            6    i.advertising_start  main.o
    0x00026b90   0x00026b90   0x00000030   Code   RO         2957    i.app_error_fault_handler  app_error_weak.o
    0x00026bc0   0x00026bc0   0x00000016   Code   RO         2150    i.app_error_handler_bare  app_error.o
    0x00026bd6   0x00026bd6   0x00000002   PAD
    0x00026bd8   0x00026bd8   0x0000000c   Code   RO         1831    i.app_timer_cnt_get  app_timer2.o
    0x00026be4   0x00026be4   0x00000016   Code   RO         1832    i.app_timer_create  app_timer2.o
    0x00026bfa   0x00026bfa   0x00000002   PAD
    0x00026bfc   0x00026bfc   0x0000005c   Code   RO         1833    i.app_timer_init    app_timer2.o
    0x00026c58   0x00026c58   0x00000030   Code   RO         1836    i.app_timer_start   app_timer2.o
    0x00026c88   0x00026c88   0x0000000c   Code   RO         1837    i.app_timer_stop    app_timer2.o
    0x00026c94   0x00026c94   0x00000048   Code   RO         2880    i.app_util_critical_region_enter  app_util_platform.o
    0x00026cdc   0x00026cdc   0x00000034   Code   RO         2881    i.app_util_critical_region_exit  app_util_platform.o
    0x00026d10   0x00026d10   0x000000aa   Code   RO         1158    i.ble_J_read_data_send  ble_doseio_s.o
    0x00026dba   0x00026dba   0x00000182   Code   RO          560    i.ble_advdata_encode  ble_advdata.o
    0x00026f3c   0x00026f3c   0x00000068   Code   RO          692    i.ble_conn_params_init  ble_conn_params.o
    0x00026fa4   0x00026fa4   0x00000060   Code   RO          566    i.ble_device_addr_encode  ble_advdata.o
    0x00027004   0x00027004   0x00000014   Code   RO         3229    i.ble_dfu_buttonless_backend_init  ble_dfu_unbonded.o
    0x00027018   0x00027018   0x0000002c   Code   RO         3091    i.ble_dfu_buttonless_bootloader_start_finalize  ble_dfu.o
    0x00027044   0x00027044   0x00000018   Code   RO         3230    i.ble_dfu_buttonless_bootloader_start_prepare  ble_dfu_unbonded.o
    0x0002705c   0x0002705c   0x00000050   Code   RO         3231    i.ble_dfu_buttonless_char_add  ble_dfu_unbonded.o
    0x000270ac   0x000270ac   0x00000070   Code   RO         3092    i.ble_dfu_buttonless_init  ble_dfu.o
    0x0002711c   0x0002711c   0x00000080   Code   RO         3093    i.ble_dfu_buttonless_on_ble_evt  ble_dfu.o
    0x0002719c   0x0002719c   0x000000b8   Code   RO         3232    i.ble_dfu_buttonless_on_ctrl_pt_write  ble_dfu_unbonded.o
    0x00027254   0x00027254   0x00000060   Code   RO         3233    i.ble_dfu_buttonless_on_sys_evt  ble_dfu_unbonded.o
    0x000272b4   0x000272b4   0x00000054   Code   RO         3094    i.ble_dfu_buttonless_resp_send  ble_dfu.o
    0x00027308   0x00027308   0x00000048   Code   RO         1159    i.ble_doseIO_Calendare_on_ble_evt  ble_doseio_s.o
    0x00027350   0x00027350   0x00000016   Code   RO         1160    i.ble_doseIO_Journal_on_ble_evt  ble_doseio_s.o
    0x00027366   0x00027366   0x00000002   PAD
    0x00027368   0x00027368   0x00000170   Code   RO         1161    i.ble_doseIO_init_s_calendare  ble_doseio_s.o
    0x000274d8   0x000274d8   0x000000d4   Code   RO         1162    i.ble_doseIO_init_s_journal  ble_doseio_s.o
    0x000275ac   0x000275ac   0x00000118   Code   RO         1163    i.ble_doseIO_init_s_settings  ble_doseio_s.o
    0x000276c4   0x000276c4   0x00000012   Code   RO         1164    i.ble_doseIO_on_ble_evt  ble_doseio_s.o
    0x000276d6   0x000276d6   0x00000002   PAD
    0x000276d8   0x000276d8   0x000000d0   Code   RO            8    i.ble_evt_handler   main.o
    0x000277a8   0x000277a8   0x000000fc   Code   RO          694    i.ble_evt_handler   ble_conn_params.o
    0x000278a4   0x000278a4   0x00000118   Code   RO          803    i.ble_evt_handler   ble_conn_state.o
    0x000279bc   0x000279bc   0x000000b8   Code   RO         1165    i.ble_list_notif_data_send  ble_doseio_s.o
    0x00027a74   0x00027a74   0x00000008   Code   RO          957    i.ble_srv_is_indication_enabled  ble_srv_common.o
    0x00027a7c   0x00027a7c   0x00000008   Code   RO          958    i.ble_srv_is_notification_enabled  ble_srv_common.o
    0x00027a84   0x00027a84   0x00000002   Code   RO            9    i.calendar_updated  main.o
    0x00027a86   0x00027a86   0x00000002   PAD
    0x00027a88   0x00027a88   0x00000010   Code   RO         1535    i.channel_port_get  nrfx_gpiote.o
    0x00027a98   0x00027a98   0x00000190   Code   RO          960    i.characteristic_add  ble_srv_common.o
    0x00027c28   0x00027c28   0x00000018   Code   RO         1839    i.compare_func      app_timer2.o
    0x00027c40   0x00027c40   0x0000003e   Code   RO          804    i.conn_handle_list_get  ble_conn_state.o
    0x00027c7e   0x00027c7e   0x00000088   Code   RO          567    i.conn_int_encode   ble_advdata.o
    0x00027d06   0x00027d06   0x00000004   Code   RO           10    i.conn_params_error_handler  main.o
    0x00027d0a   0x00027d0a   0x00000002   PAD
    0x00027d0c   0x00027d0c   0x00000048   Code   RO          695    i.conn_params_negotiation  ble_conn_params.o
    0x00027d54   0x00027d54   0x0000001e   Code   RO         1025    i.data_length_update  nrf_ble_gatt.o
    0x00027d72   0x00027d72   0x00000002   PAD
    0x00027d74   0x00027d74   0x00000044   Code   RO           11    i.doseIO_C_clear_notif_handler  main.o
    0x00027db8   0x00027db8   0x00000024   Code   RO           12    i.doseIO_C_list_notif_handler  main.o
    0x00027ddc   0x00027ddc   0x00000006   Code   RO           13    i.doseIO_C_time_synch_handler  main.o
    0x00027de2   0x00027de2   0x00000002   PAD
    0x00027de4   0x00027de4   0x00000060   Code   RO           14    i.doseIO_C_write_notif_handler  main.o
    0x00027e44   0x00027e44   0x00000050   Code   RO           15    i.doseIO_J_clear_handler  main.o
    0x00027e94   0x00027e94   0x00000024   Code   RO           16    i.doseIO_J_read_handler  main.o
    0x00027eb8   0x00027eb8   0x00000002   Code   RO           17    i.doseIO_S_device_reset_handler  main.o
    0x00027eba   0x00027eba   0x00000002   Code   RO           18    i.doseIO_S_led_settings_handler  main.o
    0x00027ebc   0x00027ebc   0x00000002   Code   RO           19    i.doseIO_S_set_name_handler  main.o
    0x00027ebe   0x00027ebe   0x00000002   Code   RO           20    i.doseIO_S_write_password_handler  main.o
    0x00027ec0   0x00027ec0   0x00000014   Code   RO         1986    i.drv_rtc_compare_disable  drv_rtc.o
    0x00027ed4   0x00027ed4   0x0000000e   Code   RO         1988    i.drv_rtc_compare_pending  drv_rtc.o
    0x00027ee2   0x00027ee2   0x00000050   Code   RO         1989    i.drv_rtc_compare_set  drv_rtc.o
    0x00027f32   0x00027f32   0x00000008   Code   RO         1990    i.drv_rtc_counter_get  drv_rtc.o
    0x00027f3a   0x00027f3a   0x00000002   PAD
    0x00027f3c   0x00027f3c   0x0000007c   Code   RO         1991    i.drv_rtc_init      drv_rtc.o
    0x00027fb8   0x00027fb8   0x0000001e   Code   RO         1992    i.drv_rtc_irq_trigger  drv_rtc.o
    0x00027fd6   0x00027fd6   0x00000008   Code   RO         1994    i.drv_rtc_overflow_enable  drv_rtc.o
    0x00027fde   0x00027fde   0x00000008   Code   RO         1995    i.drv_rtc_overflow_pending  drv_rtc.o
    0x00027fe6   0x00027fe6   0x00000008   Code   RO         1996    i.drv_rtc_start     drv_rtc.o
    0x00027fee   0x00027fee   0x00000008   Code   RO         1997    i.drv_rtc_stop      drv_rtc.o
    0x00027ff6   0x00027ff6   0x000000de   Code   RO         2002    i.drv_rtc_windowed_compare_set  drv_rtc.o
    0x000280d4   0x000280d4   0x00000002   Code   RO         3095    i.dummy_evt_handler  ble_dfu.o
    0x000280d6   0x000280d6   0x00000012   Code   RO         2003    i.evt_enable        drv_rtc.o
    0x000280e8   0x000280e8   0x00000014   Code   RO         2004    i.evt_pending       drv_rtc.o
    0x000280fc   0x000280fc   0x0000000a   Code   RO          805    i.flag_toggle       ble_conn_state.o
    0x00028106   0x00028106   0x00000002   PAD
    0x00028108   0x00028108   0x00000034   Code   RO         1840    i.get_now           app_timer2.o
    0x0002813c   0x0002813c   0x000001a4   Code   RO           21    i.idle_state_handle  main.o
    0x000282e0   0x000282e0   0x00000014   Code   RO          696    i.instance_get      ble_conn_params.o
    0x000282f4   0x000282f4   0x00000044   Code   RO          697    i.is_conn_params_ok  ble_conn_params.o
    0x00028338   0x00028338   0x00000014   Code   RO         1026    i.link_init         nrf_ble_gatt.o
    0x0002834c   0x0002834c   0x00000254   Code   RO           22    i.main              main.o
    0x000285a0   0x000285a0   0x00000064   Code   RO          568    i.manuf_specific_data_encode  ble_advdata.o
    0x00028604   0x00028604   0x000000a6   Code   RO          569    i.name_encode       ble_advdata.o
    0x000286aa   0x000286aa   0x00000026   Code   RO         2266    i.nrf_atfifo_init   nrf_atfifo.o
    0x000286d0   0x000286d0   0x00000016   Code   RO         2267    i.nrf_atfifo_item_alloc  nrf_atfifo.o
    0x000286e6   0x000286e6   0x00000016   Code   RO         2268    i.nrf_atfifo_item_free  nrf_atfifo.o
    0x000286fc   0x000286fc   0x00000016   Code   RO         2269    i.nrf_atfifo_item_get  nrf_atfifo.o
    0x00028712   0x00028712   0x00000016   Code   RO         2270    i.nrf_atfifo_item_put  nrf_atfifo.o
    0x00028728   0x00028728   0x00000016   Code   RO         2193    i.nrf_atflags_clear  nrf_atflags.o
    0x0002873e   0x0002873e   0x00000016   Code   RO         2198    i.nrf_atflags_get   nrf_atflags.o
    0x00028754   0x00028754   0x00000014   Code   RO         2200    i.nrf_atflags_set   nrf_atflags.o
    0x00028768   0x00028768   0x0000000c   Code   RO         2345    i.nrf_atomic_u32_and  nrf_atomic.o
    0x00028774   0x00028774   0x0000000a   Code   RO         2350    i.nrf_atomic_u32_fetch_store  nrf_atomic.o
    0x0002877e   0x0002877e   0x0000000c   Code   RO         2354    i.nrf_atomic_u32_or  nrf_atomic.o
    0x0002878a   0x0002878a   0x00000010   Code   RO         1536    i.nrf_bitmask_bit_is_set  nrfx_gpiote.o
    0x0002879a   0x0002879a   0x00000014   Code   RO         1537    i.nrf_bitmask_bit_set  nrfx_gpiote.o
    0x000287ae   0x000287ae   0x00000022   Code   RO         1032    i.nrf_ble_gatt_init  nrf_ble_gatt.o
    0x000287d0   0x000287d0   0x00000174   Code   RO         1033    i.nrf_ble_gatt_on_ble_evt  nrf_ble_gatt.o
    0x00028944   0x00028944   0x00000016   Code   RO         1111    i.nrf_ble_qwr_conn_handle_assign  nrf_ble_qwr.o
    0x0002895a   0x0002895a   0x00000024   Code   RO         1112    i.nrf_ble_qwr_init  nrf_ble_qwr.o
    0x0002897e   0x0002897e   0x000000b6   Code   RO         1113    i.nrf_ble_qwr_on_ble_evt  nrf_ble_qwr.o
    0x00028a34   0x00028a34   0x00000030   Code   RO          482    i.nrf_cal_get_time  nrf_calendar.o
    0x00028a64   0x00028a64   0x0000000c   Code   RO          483    i.nrf_cal_get_time_Unix  nrf_calendar.o
    0x00028a70   0x00028a70   0x0000004c   Code   RO          486    i.nrf_cal_init      nrf_calendar.o
    0x00028abc   0x00028abc   0x00000030   Code   RO          487    i.nrf_cal_set_callback  nrf_calendar.o
    0x00028aec   0x00028aec   0x00000060   Code   RO          488    i.nrf_cal_set_time  nrf_calendar.o
    0x00028b4c   0x00028b4c   0x00000040   Code   RO          489    i.nrf_cal_set_time_Unix  nrf_calendar.o
    0x00028b8c   0x00028b8c   0x00000024   Code   RO           23    i.nrf_gpio_cfg      main.o
    0x00028bb0   0x00028bb0   0x00000014   Code   RO           24    i.nrf_gpio_cfg_output  main.o
    0x00028bc4   0x00028bc4   0x00000022   Code   RO         1540    i.nrf_gpio_cfg_sense_set  nrfx_gpiote.o
    0x00028be6   0x00028be6   0x0000000e   Code   RO           25    i.nrf_gpio_pin_clear  main.o
    0x00028bf4   0x00028bf4   0x0000000e   Code   RO           26    i.nrf_gpio_pin_set  main.o
    0x00028c02   0x00028c02   0x00000002   PAD
    0x00028c04   0x00028c04   0x00000028   Code   RO         1541    i.nrf_gpio_ports_read  nrfx_gpiote.o
    0x00028c2c   0x00028c2c   0x00000014   Code   RO         1542    i.nrf_gpiote_event_clear  nrfx_gpiote.o
    0x00028c40   0x00028c40   0x00000010   Code   RO         1543    i.nrf_gpiote_event_is_set  nrfx_gpiote.o
    0x00028c50   0x00028c50   0x00000028   Code   RO         2986    i.nrf_pwr_mgmt_init  nrf_pwr_mgmt.o
    0x00028c78   0x00028c78   0x00000044   Code   RO         2987    i.nrf_pwr_mgmt_run  nrf_pwr_mgmt.o
    0x00028cbc   0x00028cbc   0x0000003c   Code   RO         2988    i.nrf_pwr_mgmt_shutdown  nrf_pwr_mgmt.o
    0x00028cf8   0x00028cf8   0x00000004   Code   RO           27    i.nrf_qwr_error_handler  main.o
    0x00028cfc   0x00028cfc   0x0000000c   Code   RO         2005    i.nrf_rtc_event_clear  drv_rtc.o
    0x00028d08   0x00028d08   0x00000014   Code   RO         1378    i.nrf_sdh_ble_app_ram_start_get  nrf_sdh_ble.o
    0x00028d1c   0x00028d1c   0x00000086   Code   RO         1379    i.nrf_sdh_ble_default_cfg_set  nrf_sdh_ble.o
    0x00028da2   0x00028da2   0x00000002   PAD
    0x00028da4   0x00028da4   0x00000014   Code   RO         1380    i.nrf_sdh_ble_enable  nrf_sdh_ble.o
    0x00028db8   0x00028db8   0x0000005c   Code   RO         1381    i.nrf_sdh_ble_evts_poll  nrf_sdh_ble.o
    0x00028e14   0x00028e14   0x00000074   Code   RO         1248    i.nrf_sdh_enable_request  nrf_sdh.o
    0x00028e88   0x00028e88   0x00000024   Code   RO         1249    i.nrf_sdh_evts_poll  nrf_sdh.o
    0x00028eac   0x00028eac   0x0000000c   Code   RO         1250    i.nrf_sdh_is_enabled  nrf_sdh.o
    0x00028eb8   0x00028eb8   0x0000003c   Code   RO         1428    i.nrf_sdh_soc_evts_poll  nrf_sdh_soc.o
    0x00028ef4   0x00028ef4   0x0000000a   Code   RO         2839    i.nrf_section_iter_init  nrf_section_iter.o
    0x00028efe   0x00028efe   0x00000024   Code   RO         2840    i.nrf_section_iter_item_set  nrf_section_iter.o
    0x00028f22   0x00028f22   0x00000020   Code   RO         2841    i.nrf_section_iter_next  nrf_section_iter.o
    0x00028f42   0x00028f42   0x00000022   Code   RO         2780    i.nrf_sortlist_add  nrf_sortlist.o
    0x00028f64   0x00028f64   0x00000006   Code   RO         2782    i.nrf_sortlist_peek  nrf_sortlist.o
    0x00028f6a   0x00028f6a   0x0000000e   Code   RO         2783    i.nrf_sortlist_pop  nrf_sortlist.o
    0x00028f78   0x00028f78   0x0000001e   Code   RO         2784    i.nrf_sortlist_remove  nrf_sortlist.o
    0x00028f96   0x00028f96   0x00000002   PAD
    0x00028f98   0x00028f98   0x00000010   Code   RO           28    i.nrfx_coredep_delay_us  main.o
    0x00028fa8   0x00028fa8   0x00000010   Code   RO         2006    i.nrfx_coredep_delay_us  drv_rtc.o
    0x00028fb8   0x00028fb8   0x0000001c   Code   RO           29    i.on_conn_params_evt  main.o
    0x00028fd4   0x00028fd4   0x0000006c   Code   RO         3096    i.on_ctrlpt_write   ble_dfu.o
    0x00029040   0x00029040   0x00000048   Code   RO         1166    i.on_write          ble_doseio_s.o
    0x00029088   0x00029088   0x000000f4   Code   RO         1167    i.on_write_Calendare  ble_doseio_s.o
    0x0002917c   0x0002917c   0x00000088   Code   RO         1168    i.on_write_Journal  ble_doseio_s.o
    0x00029204   0x00029204   0x00000044   Code   RO           30    i.pwm_init          main.o
    0x00029248   0x00029248   0x0000005c   Code   RO         1841    i.rtc_irq           app_timer2.o
    0x000292a4   0x000292a4   0x00000064   Code   RO         1842    i.rtc_schedule      app_timer2.o
    0x00029308   0x00029308   0x00000074   Code   RO         1843    i.rtc_update        app_timer2.o
    0x0002937c   0x0002937c   0x0000009c   Code   RO           31    i.saadc_init        main.o
    0x00029418   0x00029418   0x00000030   Code   RO         1255    i.sdh_request_observer_notify  nrf_sdh.o
    0x00029448   0x00029448   0x0000002c   Code   RO         1256    i.sdh_state_observer_notify  nrf_sdh.o
    0x00029474   0x00029474   0x00000010   Code   RO          698    i.send_error_evt    ble_conn_params.o
    0x00029484   0x00029484   0x00000088   Code   RO          570    i.service_data_encode  ble_advdata.o
    0x0002950c   0x0002950c   0x000000bc   Code   RO           32    i.services_init     main.o
    0x000295c8   0x000295c8   0x00000030   Code   RO          962    i.set_security_req  ble_srv_common.o
    0x000295f8   0x000295f8   0x00000070   Code   RO         2989    i.shutdown_process  nrf_pwr_mgmt.o
    0x00029668   0x00029668   0x00000058   Code   RO         1258    i.softdevices_evt_irq_enable  nrf_sdh.o
    0x000296c0   0x000296c0   0x0000000c   Code   RO         1844    i.sortlist_pop      app_timer2.o
    0x000296cc   0x000296cc   0x00000058   Code   RO         1845    i.timer_expire      app_timer2.o
    0x00029724   0x00029724   0x00000034   Code   RO           33    i.timer_init        main.o
    0x00029758   0x00029758   0x00000078   Code   RO         1846    i.timer_req_process  app_timer2.o
    0x000297d0   0x000297d0   0x00000038   Code   RO         1847    i.timer_req_schedule  app_timer2.o
    0x00029808   0x00029808   0x0000000a   Code   RO          571    i.uint16_encode     ble_advdata.o
    0x00029812   0x00029812   0x00000002   PAD
    0x00029814   0x00029814   0x00000068   Code   RO          699    i.update_timeout_handler  ble_conn_params.o
    0x0002987c   0x0002987c   0x00000024   Code   RO         1114    i.user_mem_reply    nrf_ble_qwr.o
    0x000298a0   0x000298a0   0x00000030   Code   RO          572    i.uuid_list_encode  ble_advdata.o
    0x000298d0   0x000298d0   0x0000009e   Code   RO          573    i.uuid_list_sized_encode  ble_advdata.o
    0x0002996e   0x0002996e   0x00000002   PAD
    0x00029970   0x00029970   0x00000016   Data   RO           38    .constdata          main.o
    0x00029986   0x00029986   0x00000002   PAD
    0x00029988   0x00029988   0x00000016   Data   RO         1034    .constdata          nrf_ble_gatt.o
    0x0002999e   0x0002999e   0x00000002   PAD
    0x000299a0   0x000299a0   0x00000030   Data   RO         1170    .constdata          ble_doseio_s.o
    0x000299d0   0x000299d0   0x00000010   Data   RO         1259    .constdata          nrf_sdh.o
    0x000299e0   0x000299e0   0x00000028   Data   RO         1260    .constdata          nrf_sdh.o
    0x00029a08   0x00029a08   0x00000010   Data   RO         1261    .constdata          nrf_sdh.o
    0x00029a18   0x00029a18   0x00000010   Data   RO         1262    .constdata          nrf_sdh.o
    0x00029a28   0x00029a28   0x00000020   Data   RO         1382    .constdata          nrf_sdh_ble.o
    0x00029a48   0x00029a48   0x00000010   Data   RO         1383    .constdata          nrf_sdh_ble.o
    0x00029a58   0x00029a58   0x00000010   Data   RO         1429    .constdata          nrf_sdh_soc.o
    0x00029a68   0x00029a68   0x0000000c   Data   RO         1430    .constdata          nrf_sdh_soc.o
    0x00029a74   0x00029a74   0x00000004   Data   RO         1572    .constdata          nrfx_gpiote.o
    0x00029a78   0x00029a78   0x00000014   Data   RO         1850    .constdata          app_timer2.o
    0x00029a8c   0x00029a8c   0x00000004   PAD
    0x00029a90   0x00029a90   0x00000006   Data   RO         2007    .constdata          drv_rtc.o
    0x00029a96   0x00029a96   0x00000002   PAD
    0x00029a98   0x00029a98   0x00000018   Data   RO         2991    .constdata          nrf_pwr_mgmt.o
    0x00029ab0   0x00029ab0   0x0000000c   Data   RO         2992    .constdata          nrf_pwr_mgmt.o
    0x00029abc   0x00029abc   0x00000018   Data   RO         3098    .constdata          ble_dfu.o
    0x00029ad4   0x00029ad4   0x0000000c   Data   RO         3371    .constdata          mc_w.l(mktime.o)
    0x00029ae0   0x00029ae0   0x0000000c   Data   RO         3407    .constdata          mc_w.l(localtime_i.o)
    0x00029aec   0x00029aec   0x00000008   Data   RO         1263    .conststrlit        nrf_sdh.o
    0x00029af4   0x00029af4   0x0000000c   Data   RO         1431    .conststrlit        nrf_sdh_soc.o
    0x00029b00   0x00029b00   0x00000004   Data   RO         1471    .conststrlit        nrfx_prs.o
    0x00029b04   0x00029b04   0x00000007   Data   RO         1576    .conststrlit        nrfx_gpiote.o
    0x00029b0b   0x00029b0b   0x00000001   PAD
    0x00029b0c   0x00029b0c   0x0000000a   Data   RO         1851    .conststrlit        app_timer2.o
    0x00029b16   0x00029b16   0x00000002   PAD
    0x00029b18   0x00029b18   0x00000009   Data   RO         2785    .conststrlit        nrf_sortlist.o
    0x00029b21   0x00029b21   0x00000003   PAD
    0x00029b24   0x00029b24   0x00000020   Data   RO         3411    Region$$Table       anon$$obj.o
    0x00029b44   0x00029b44   0x00000008   Data   RO         1265    log_const_data      nrf_sdh.o
    0x00029b4c   0x00029b4c   0x00000008   Data   RO         1432    log_const_data      nrf_sdh_soc.o
    0x00029b54   0x00029b54   0x00000008   Data   RO         1473    log_const_data      nrfx_prs.o
    0x00029b5c   0x00029b5c   0x00000008   Data   RO         1577    log_const_data      nrfx_gpiote.o
    0x00029b64   0x00029b64   0x00000008   Data   RO         1854    log_const_data      app_timer2.o
    0x00029b6c   0x00029b6c   0x00000008   Data   RO         2786    log_const_data      nrf_sortlist.o
    0x00029b74   0x00029b74   0x00000008   Data   RO          809    sdh_ble_observers0  ble_conn_state.o
    0x00029b7c   0x00029b7c   0x00000008   Data   RO           45    sdh_ble_observers1  main.o
    0x00029b84   0x00029b84   0x00000008   Data   RO          702    sdh_ble_observers1  ble_conn_params.o
    0x00029b8c   0x00029b8c   0x00000020   Data   RO           46    sdh_ble_observers2  main.o
    0x00029bac   0x00029bac   0x00000008   Data   RO         3099    sdh_ble_observers2  ble_dfu.o
    0x00029bb4   0x00029bb4   0x00000008   Data   RO           47    sdh_ble_observers3  main.o
    0x00029bbc   0x00029bbc   0x00000008   Data   RO         3236    sdh_soc_observers1  ble_dfu_unbonded.o
    0x00029bc4   0x00029bc4   0x00000008   Data   RO         1385    sdh_stack_observers0  nrf_sdh_ble.o
    0x00029bcc   0x00029bcc   0x00000008   Data   RO         1433    sdh_stack_observers0  nrf_sdh_soc.o


    Execution Region RW_IRAM1 (Exec base: 0x20002a98, Load base: 0x00029bd4, Size: 0x000025e8, Max: 0x0003d568, ABSOLUTE)

    Exec Addr    Load Addr    Size         Type   Attr      Idx    E Section Name        Object

    0x20002a98   0x00029bd4   0x00000040   Data   RW           40    .data               main.o
    0x20002ad8   0x00029c14   0x0000002c   Data   RW          491    .data               nrf_calendar.o
    0x20002b04   0x00029c40   0x00000008   Data   RW          701    .data               ble_conn_params.o
    0x20002b0c   0x00029c48   0x00000018   Data   RW         1171    .data               ble_doseio_s.o
    0x20002b24   0x00029c60   0x00000003   Data   RW         1264    .data               nrf_sdh.o
    0x20002b27   0x00029c63   0x00000001   Data   RW         1384    .data               nrf_sdh_ble.o
    0x20002b28   0x00029c64   0x00000008   Data   RW         1472    .data               nrfx_prs.o
    0x20002b30   0x00029c6c   0x00000020   Data   RW         1852    .data               app_timer2.o
    0x20002b50   0x00029c8c   0x00000004   Data   RW         1853    .data               app_timer2.o
    0x20002b54   0x00029c90   0x0000000c   Data   RW         2008    .data               drv_rtc.o
    0x20002b60   0x00029c9c   0x00000008   Data   RW         2993    .data               nrf_pwr_mgmt.o
    0x20002b68   0x00029ca4   0x00000004   Data   RW         3235    .data               ble_dfu_unbonded.o
    0x20002b6c   0x00029ca8   0x00000004   Data   RW         3326    .data               system_nrf52.o
    0x20002b70        -       0x0000017e   Zero   RW           35    .bss                main.o
    0x20002cee        -       0x0000001f   Zero   RW           36    .bss                main.o
    0x20002d0d        -       0x0000001f   Zero   RW           37    .bss                main.o
    0x20002d2c        -       0x000000a8   Zero   RW          490    .bss                nrf_calendar.o
    0x20002dd4   0x00029cac   0x00000004   PAD
    0x20002dd8        -       0x00000050   Zero   RW          700    .bss                ble_conn_params.o
    0x20002e28        -       0x0000007c   Zero   RW          808    .bss                ble_conn_state.o
    0x20002ea4        -       0x0000008e   Zero   RW         1169    .bss                ble_doseio_s.o
    0x20002f32   0x00029cac   0x00000002   PAD
    0x20002f34        -       0x0000005c   Zero   RW         1571    .bss                nrfx_gpiote.o
    0x20002f90        -       0x00000010   Zero   RW         1848    .bss                app_timer2.o
    0x20002fa0        -       0x00000058   Zero   RW         1849    .bss                app_timer2.o
    0x20002ff8        -       0x0000000c   Zero   RW         2886    .bss                app_util_platform.o
    0x20003004        -       0x0000000c   Zero   RW         2990    .bss                nrf_pwr_mgmt.o
    0x20003010        -       0x0000001c   Zero   RW         3097    .bss                ble_dfu.o
    0x2000302c        -       0x00000028   Zero   RW         3234    .bss                ble_dfu_unbonded.o
    0x20003054        -       0x0000002c   Zero   RW         3404    .bss                mc_w.l(localtime_w.o)
    0x20003080        -       0x00002000   Zero   RW         3314    STACK               arm_startup_nrf52.o


==============================================================================

Image component sizes


      Code (inc. data)   RO Data    RW Data    ZI Data      Debug   Object Name

        22          0          0          0          0       4373   app_error.o
        48          8          0          0          0      30689   app_error_weak.o
       846         88         38         36        104      16197   app_timer2.o
       124         14          0          0         12       9946   app_util_platform.o
        36          8        512          0       8192        840   arm_startup_nrf52.o
      1236          0          0          0          0      95323   ble_advdata.o
       636         44          8          8         80      12663   ble_conn_params.o
       352          6          8          0        124       5501   ble_conn_state.o
       478         36         32          0         28      17220   ble_dfu.o
         0          0          0          0          0       7960   ble_dfu_bonded.o
       404         28          8          4         40       5501   ble_dfu_unbonded.o
      1778         40         48         24        142      14795   ble_doseio_s.o
       464          6          0          0          0       3411   ble_srv_common.o
       612         14          6         12          0      50297   drv_rtc.o
      2376        264         70         64        444     204505   main.o
       326          0          0          0          0       6819   nrf_atfifo.o
        64          0          0          0          0       3196   nrf_atflags.o
       260          0          0          0          0       4193   nrf_atomic.o
       456          6         22          0          0      34034   nrf_ble_gatt.o
       276          0          0          0          0      12317   nrf_ble_qwr.o
       392         80          0         44        168       5976   nrf_calendar.o
       280         44         36          8         12      42569   nrf_pwr_mgmt.o
       384         46        104          3          0      46367   nrf_sdh.o
       266         20         56          1          0       6167   nrf_sdh_ble.o
        60          4         56          0          0       3472   nrf_sdh_soc.o
        78          0          0          0          0       3784   nrf_section_iter.o
        84          0         17          0          0       4353   nrf_sortlist.o
       518         30         19          0         92      18291   nrfx_gpiote.o
        12          6         12          8          0       2854   nrfx_prs.o
       812         72          0          4          0      11723   system_nrf52.o

    ----------------------------------------------------------------------
     13712        864       1100        216       9444     685336   Object Totals
         0          0         32          0          0          0   (incl. Generated)
        32          0         16          0          6          0   (incl. Padding)

    ----------------------------------------------------------------------

      Code (inc. data)   RO Data    RW Data    ZI Data      Debug   Library Member Name

         0          0          0          0          0          0   entry.o
         0          0          0          0          0          0   entry10a.o
         0          0          0          0          0          0   entry11a.o
         8          4          0          0          0          0   entry2.o
         4          0          0          0          0          0   entry5.o
         0          0          0          0          0          0   entry7b.o
         0          0          0          0          0          0   entry8b.o
         8          4          0          0          0          0   entry9a.o
        30          0          0          0          0          0   handlers.o
        36          8          0          0          0         68   init.o
       140          6         12          0          0         76   localtime_i.o
        12          6          0          0         44         68   localtime_w.o
        36          0          0          0          0         68   memcpya.o
        36          0          0          0          0        108   memseta.o
       168         18         12          0          0         80   mktime.o

    ----------------------------------------------------------------------
       480         46         24          0         44        468   Library Totals
         2          0          0          0          0          0   (incl. Padding)

    ----------------------------------------------------------------------

      Code (inc. data)   RO Data    RW Data    ZI Data      Debug   Library Name

       478         46         24          0         44        468   mc_w.l

    ----------------------------------------------------------------------
       480         46         24          0         44        468   Library Totals

    ----------------------------------------------------------------------

==============================================================================


      Code (inc. data)   RO Data    RW Data    ZI Data      Debug   

     14192        910       1124        216       9488     669652   Grand Totals
     14192        910       1124        216       9488     669652   ELF Image Totals
     14192        910       1124        216          0          0   ROM Totals

==============================================================================

    Total RO  Size (Code + RO Data)                15316 (  14.96kB)
    Total RW  Size (RW Data + ZI Data)              9704 (   9.48kB)
    Total ROM Size (Code + RO Data + RW Data)      15532 (  15.17kB)

==============================================================================

