Component: ARM Compiler 5.06 update 5 (build 528) Tool: armlink [4d35e2]

==============================================================================

Section Cross References

    main.o(i.advertising_init) refers to memseta.o(.text) for __aeabi_memclr4
    main.o(i.advertising_init) refers to ble_advdata.o(i.ble_advdata_encode) for ble_advdata_encode
    main.o(i.advertising_init) refers to app_error.o(i.app_error_handler_bare) for app_error_handler_bare
    main.o(i.advertising_init) refers to main.o(.constdata) for .constdata
    main.o(i.advertising_init) refers to main.o(.bss) for .bss
    main.o(i.advertising_init) refers to main.o(.data) for .data
    main.o(i.advertising_start) refers to app_error.o(i.app_error_handler_bare) for app_error_handler_bare
    main.o(i.advertising_start) refers to main.o(.data) for .data
    main.o(i.assert_nrf_callback) refers to app_error_handler_keil.o(i.app_error_handler) for app_error_handler
    main.o(i.ble_evt_handler) refers to nrf_ble_qwr.o(i.nrf_ble_qwr_conn_handle_assign) for nrf_ble_qwr_conn_handle_assign
    main.o(i.ble_evt_handler) refers to app_error.o(i.app_error_handler_bare) for app_error_handler_bare
    main.o(i.ble_evt_handler) refers to main.o(i.nrf_gpio_pin_set) for nrf_gpio_pin_set
    main.o(i.ble_evt_handler) refers to main.o(i.nrfx_coredep_delay_us) for nrfx_coredep_delay_us
    main.o(i.ble_evt_handler) refers to main.o(i.advertising_start) for advertising_start
    main.o(i.ble_evt_handler) refers to main.o(i.nrf_gpio_pin_clear) for nrf_gpio_pin_clear
    main.o(i.ble_evt_handler) refers to main.o(.data) for .data
    main.o(i.ble_evt_handler) refers to main.o(.bss) for .bss
    main.o(i.conn_params_error_handler) refers to app_error.o(i.app_error_handler_bare) for app_error_handler_bare
    main.o(i.doseIO_C_clear_notif_handler) refers to main.o(.data) for .data
    main.o(i.doseIO_C_list_notif_handler) refers to ble_doseio_s.o(i.ble_list_notif_data_send) for ble_list_notif_data_send
    main.o(i.doseIO_C_list_notif_handler) refers to main.o(.data) for .data
    main.o(i.doseIO_C_list_notif_handler) refers to main.o(.bss) for .bss
    main.o(i.doseIO_C_time_synch_handler) refers to nrf_calendar.o(i.nrf_cal_set_time_Unix) for nrf_cal_set_time_Unix
    main.o(i.doseIO_C_write_notif_handler) refers to nrf_calendar.o(i.nrf_cal_get_time_Unix) for nrf_cal_get_time_Unix
    main.o(i.doseIO_C_write_notif_handler) refers to main.o(.data) for .data
    main.o(i.doseIO_C_write_notif_handler) refers to main.o(.bss) for .bss
    main.o(i.doseIO_J_clear_handler) refers to main.o(.data) for .data
    main.o(i.doseIO_J_read_handler) refers to ble_doseio_s.o(i.ble_J_read_data_send) for ble_J_read_data_send
    main.o(i.doseIO_J_read_handler) refers to main.o(.data) for .data
    main.o(i.doseIO_J_read_handler) refers to main.o(.bss) for .bss
    main.o(i.idle_state_handle) refers to nrf_calendar.o(i.nrf_cal_get_time_Unix) for nrf_cal_get_time_Unix
    main.o(i.idle_state_handle) refers to main.o(i.nrf_gpio_pin_set) for nrf_gpio_pin_set
    main.o(i.idle_state_handle) refers to main.o(i.nrfx_coredep_delay_us) for nrfx_coredep_delay_us
    main.o(i.idle_state_handle) refers to main.o(i.nrf_gpio_pin_clear) for nrf_gpio_pin_clear
    main.o(i.idle_state_handle) refers to nrf_calendar.o(i.nrf_cal_get_time) for nrf_cal_get_time
    main.o(i.idle_state_handle) refers to nrf_pwr_mgmt.o(i.nrf_pwr_mgmt_run) for nrf_pwr_mgmt_run
    main.o(i.idle_state_handle) refers to main.o(.data) for .data
    main.o(i.idle_state_handle) refers to main.o(.bss) for .bss
    main.o(i.main) refers to nrf_calendar.o(i.nrf_cal_init) for nrf_cal_init
    main.o(i.main) refers to nrf_calendar.o(i.nrf_cal_set_callback) for nrf_cal_set_callback
    main.o(i.main) refers to app_timer2.o(i.app_timer_init) for app_timer_init
    main.o(i.main) refers to app_error.o(i.app_error_handler_bare) for app_error_handler_bare
    main.o(i.main) refers to nrf_pwr_mgmt.o(i.nrf_pwr_mgmt_init) for nrf_pwr_mgmt_init
    main.o(i.main) refers to nrf_sdh.o(i.nrf_sdh_enable_request) for nrf_sdh_enable_request
    main.o(i.main) refers to nrf_sdh_ble.o(i.nrf_sdh_ble_default_cfg_set) for nrf_sdh_ble_default_cfg_set
    main.o(i.main) refers to nrf_sdh_ble.o(i.nrf_sdh_ble_enable) for nrf_sdh_ble_enable
    main.o(i.main) refers to nrf_ble_gatt.o(i.nrf_ble_gatt_init) for nrf_ble_gatt_init
    main.o(i.main) refers to main.o(i.services_init) for services_init
    main.o(i.main) refers to main.o(i.advertising_init) for advertising_init
    main.o(i.main) refers to memseta.o(.text) for __aeabi_memclr4
    main.o(i.main) refers to ble_conn_params.o(i.ble_conn_params_init) for ble_conn_params_init
    main.o(i.main) refers to main.o(i.advertising_start) for advertising_start
    main.o(i.main) refers to main.o(i.saadc_init) for saadc_init
    main.o(i.main) refers to main.o(i.nrf_gpio_cfg_output) for nrf_gpio_cfg_output
[...]
    i.idle_state_handle                      0x000281a8   Section        0  main.o(i.idle_state_handle)
    idle_state_handle                        0x000281a9   Thumb Code   410  main.o(i.idle_state_handle)
    i.instance_get                           0x0002835c   Section        0  ble_conn_params.o(i.instance_get)
    instance_get                             0x0002835d   Thumb Code    14  ble_conn_params.o(i.instance_get)
    i.is_conn_params_ok                      0x00028370   Section        0  ble_conn_params.o(i.is_conn_params_ok)
    is_conn_params_ok                        0x00028371   Thumb Code    68  ble_conn_params.o(i.is_conn_params_ok)
    i.link_init                              0x000283b4   Section        0  nrf_ble_gatt.o(i.link_init)
    link_init                                0x000283b5   Thumb Code    20  nrf_ble_gatt.o(i.link_init)
    i.main                                   0x000283c8   Section        0  main.o(i.main)
    i.manuf_specific_data_encode             0x00028610   Section        0  ble_advdata.o(i.manuf_specific_data_encode)
    manuf_specific_data_encode               0x00028611   Thumb Code   100  ble_advdata.o(i.manuf_specific_data_encode)
    i.name_encode                            0x00028674   Section        0  ble_advdata.o(i.name_encode)
    name_encode                              0x00028675   Thumb Code   166  ble_advdata.o(i.name_encode)
    i.nrf_atfifo_init                        0x0002871a   Section        0  nrf_atfifo.o(i.nrf_atfifo_init)
    i.nrf_atfifo_item_alloc                  0x00028740   Section        0  nrf_atfifo.o(i.nrf_atfifo_item_alloc)
    i.nrf_atfifo_item_free                   0x00028756   Section        0  nrf_atfifo.o(i.nrf_atfifo_item_free)
    i.nrf_atfifo_item_get                    0x0002876c   Section        0  nrf_atfifo.o(i.nrf_atfifo_item_get)
    i.nrf_atfifo_item_put                    0x00028782   Section        0  nrf_atfifo.o(i.nrf_atfifo_item_put)
    i.nrf_atflags_clear                      0x00028798   Section        0  nrf_atflags.o(i.nrf_atflags_clear)
    i.nrf_atflags_get                        0x000287ae   Section        0  nrf_atflags.o(i.nrf_atflags_get)
    i.nrf_atflags_set                        0x000287c4   Section        0  nrf_atflags.o(i.nrf_atflags_set)
    i.nrf_atomic_u32_and                     0x000287d8   Section        0  nrf_atomic.o(i.nrf_atomic_u32_and)
    i.nrf_atomic_u32_fetch_store             0x000287e4   Section        0  nrf_atomic.o(i.nrf_atomic_u32_fetch_store)
    i.nrf_atomic_u32_or                      0x000287ee   Section        0  nrf_atomic.o(i.nrf_atomic_u32_or)
    i.nrf_bitmask_bit_is_set                 0x000287fa   Section        0  nrfx_gpiote.o(i.nrf_bitmask_bit_is_set)
    nrf_bitmask_bit_is_set                   0x000287fb   Thumb Code    16  nrfx_gpiote.o(i.nrf_bitmask_bit_is_set)
    i.nrf_bitmask_bit_set                    0x0002880a   Section        0  nrfx_gpiote.o(i.nrf_bitmask_bit_set)
    nrf_bitmask_bit_set                      0x0002880b   Thumb Code    20  nrfx_gpiote.o(i.nrf_bitmask_bit_set)
    i.nrf_ble_gatt_init                      0x0002881e   Section        0  nrf_ble_gatt.o(i.nrf_ble_gatt_init)
    i.nrf_ble_gatt_on_ble_evt                0x00028840   Section        0  nrf_ble_gatt.o(i.nrf_ble_gatt_on_ble_evt)
    i.nrf_ble_qwr_conn_handle_assign         0x000289b4   Section        0  nrf_ble_qwr.o(i.nrf_ble_qwr_conn_handle_assign)
    i.nrf_ble_qwr_init                       0x000289ca   Section        0  nrf_ble_qwr.o(i.nrf_ble_qwr_init)
    i.nrf_ble_qwr_on_ble_evt                 0x000289ee   Section        0  nrf_ble_qwr.o(i.nrf_ble_qwr_on_ble_evt)
    i.nrf_cal_get_time                       0x00028aa4   Section        0  nrf_calendar.o(i.nrf_cal_get_time)
    i.nrf_cal_get_time_Unix                  0x00028ad4   Section        0  nrf_calendar.o(i.nrf_cal_get_time_Unix)
    i.nrf_cal_init                           0x00028ae0   Section        0  nrf_calendar.o(i.nrf_cal_init)
    i.nrf_cal_set_callback                   0x00028b2c   Section        0  nrf_calendar.o(i.nrf_cal_set_callback)
    i.nrf_cal_set_time                       0x00028b5c   Section        0  nrf_calendar.o(i.nrf_cal_set_time)
    i.nrf_cal_set_time_Unix                  0x00028bbc   Section        0  nrf_calendar.o(i.nrf_cal_set_time_Unix)
    i.nrf_gpio_cfg                           0x00028bfc   Section        0  main.o(i.nrf_gpio_cfg)
    nrf_gpio_cfg                             0x00028bfd   Thumb Code    36  main.o(i.nrf_gpio_cfg)
    i.nrf_gpio_cfg_output                    0x00028c20   Section        0  main.o(i.nrf_gpio_cfg_output)
    nrf_gpio_cfg_output                      0x00028c21   Thumb Code    20  main.o(i.nrf_gpio_cfg_output)
    i.nrf_gpio_cfg_sense_set                 0x00028c34   Section        0  nrfx_gpiote.o(i.nrf_gpio_cfg_sense_set)
    nrf_gpio_cfg_sense_set                   0x00028c35   Thumb Code    34  nrfx_gpiote.o(i.nrf_gpio_cfg_sense_set)
    i.nrf_gpio_pin_clear                     0x00028c56   Section        0  main.o(i.nrf_gpio_pin_clear)
    nrf_gpio_pin_clear                       0x00028c57   Thumb Code    14  main.o(i.nrf_gpio_pin_clear)
    i.nrf_gpio_pin_set                       0x00028c64   Section        0  main.o(i.nrf_gpio_pin_set)
    nrf_gpio_pin_set                         0x00028c65   Thumb Code    14  main.o(i.nrf_gpio_pin_set)
    i.nrf_gpio_ports_read                    0x00028c74   Section        0  nrfx_gpiote.o(i.nrf_gpio_ports_read)
    nrf_gpio_ports_read                      0x00028c75   Thumb Code    34  nrfx_gpiote.o(i.nrf_gpio_ports_read)
    i.nrf_gpiote_event_clear                 0x00028c9c   Section        0  nrfx_gpiote.o(i.nrf_gpiote_event_clear)
    nrf_gpiote_event_clear                   0x00028c9d   Thumb Code    16  nrfx_gpiote.o(i.nrf_gpiote_event_clear)
    i.nrf_gpiote_event_is_set                0x00028cb0   Section        0  nrfx_gpiote.o(i.nrf_gpiote_event_is_set)
    nrf_gpiote_event_is_set                  0x00028cb1   Thumb Code    12  nrfx_gpiote.o(i.nrf_gpiote_event_is_set)
    i.nrf_pwr_mgmt_init                      0x00028cc0   Section        0  nrf_pwr_mgmt.o(i.nrf_pwr_mgmt_init)
    i.nrf_pwr_mgmt_run                       0x00028ce8   Section        0  nrf_pwr_mgmt.o(i.nrf_pwr_mgmt_run)
    i.nrf_pwr_mgmt_shutdown                  0x00028d2c   Section        0  nrf_pwr_mgmt.o(i.nrf_pwr_mgmt_shutdown)
    i.nrf_qwr_error_handler                  0x00028d68   Section        0  main.o(i.nrf_qwr_error_handler)
    nrf_qwr_error_handler                    0x00028d69   Thumb Code     4  main.o(i.nrf_qwr_error_handler)
    i.nrf_rtc_event_clear                    0x00028d6c   Section        0  drv_rtc.o(i.nrf_rtc_event_clear)
    nrf_rtc_event_clear                      0x00028d6d   Thumb Code    12  drv_rtc.o(i.nrf_rtc_event_clear)
    i.nrf_sdh_ble_app_ram_start_get          0x00028d78   Section        0  nrf_sdh_ble.o(i.nrf_sdh_ble_app_ram_start_get)
    i.nrf_sdh_ble_default_cfg_set            0x00028d8c   Section        0  nrf_sdh_ble.o(i.nrf_sdh_ble_default_cfg_set)
    i.nrf_sdh_ble_enable                     0x00028e14   Section        0  nrf_sdh_ble.o(i.nrf_sdh_ble_enable)
    i.nrf_sdh_ble_evts_poll                  0x00028e28   Section        0  nrf_sdh_ble.o(i.nrf_sdh_ble_evts_poll)
    nrf_sdh_ble_evts_poll                    0x00028e29   Thumb Code    82  nrf_sdh_ble.o(i.nrf_sdh_ble_evts_poll)
    i.nrf_sdh_enable_request                 0x00028e84   Section        0  nrf_sdh.o(i.nrf_sdh_enable_request)
    i.nrf_sdh_evts_poll                      0x00028ef8   Section        0  nrf_sdh.o(i.nrf_sdh_evts_poll)
    i.nrf_sdh_is_enabled                     0x00028f1c   Section        0  nrf_sdh.o(i.nrf_sdh_is_enabled)
    i.nrf_sdh_soc_evts_poll                  0x00028f28   Section        0  nrf_sdh_soc.o(i.nrf_sdh_soc_evts_poll)
    nrf_sdh_soc_evts_poll                    0x00028f29   Thumb Code    56  nrf_sdh_soc.o(i.nrf_sdh_soc_evts_poll)
    i.nrf_section_iter_init                  0x00028f64   Section        0  nrf_section_iter.o(i.nrf_section_iter_init)
    i.nrf_section_iter_item_set              0x00028f6e   Section        0  nrf_section_iter.o(i.nrf_section_iter_item_set)
    nrf_section_iter_item_set                0x00028f6f   Thumb Code    36  nrf_section_iter.o(i.nrf_section_iter_item_set)
    i.nrf_section_iter_next                  0x00028f92   Section        0  nrf_section_iter.o(i.nrf_section_iter_next)
    i.nrf_sortlist_add                       0x00028fb2   Section        0  nrf_sortlist.o(i.nrf_sortlist_add)
    i.nrf_sortlist_peek                      0x00028fd4   Section        0  nrf_sortlist.o(i.nrf_sortlist_peek)
    i.nrf_sortlist_pop                       0x00028fda   Section        0  nrf_sortlist.o(i.nrf_sortlist_pop)
    i.nrf_sortlist_remove                    0x00028fe8   Section        0  nrf_sortlist.o(i.nrf_sortlist_remove)
    i.nrfx_coredep_delay_us                  0x00029008   Section        0  main.o(i.nrfx_coredep_delay_us)
    nrfx_coredep_delay_us                    0x00029009   Thumb Code    12  main.o(i.nrfx_coredep_delay_us)
    i.nrfx_coredep_delay_us                  0x00029018   Section        0  drv_rtc.o(i.nrfx_coredep_delay_us)
    nrfx_coredep_delay_us                    0x00029019   Thumb Code    12  drv_rtc.o(i.nrfx_coredep_delay_us)
    i.on_conn_params_evt                     0x00029028   Section        0  main.o(i.on_conn_params_evt)
    on_conn_params_evt                       0x00029029   Thumb Code    24  main.o(i.on_conn_params_evt)
    i.on_ctrlpt_write                        0x00029044   Section        0  ble_dfu.o(i.on_ctrlpt_write)
    on_ctrlpt_write                          0x00029045   Thumb Code   100  ble_dfu.o(i.on_ctrlpt_write)
    i.on_write                               0x000290b0   Section        0  ble_doseio_s.o(i.on_write)
    on_write                                 0x000290b1   Thumb Code    72  ble_doseio_s.o(i.on_write)
    i.on_write_Calendare                     0x000290f8   Section        0  ble_doseio_s.o(i.on_write_Calendare)
    on_write_Calendare                       0x000290f9   Thumb Code   236  ble_doseio_s.o(i.on_write_Calendare)
    i.on_write_Journal                       0x000291ec   Section        0  ble_doseio_s.o(i.on_write_Journal)
    on_write_Journal                         0x000291ed   Thumb Code   126  ble_doseio_s.o(i.on_write_Journal)
    i.pwm_init                               0x00029274   Section        0  main.o(i.pwm_init)
    i.rtc_irq                                0x000292b8   Section        0  app_timer2.o(i.rtc_irq)
    rtc_irq                                  0x000292b9   Thumb Code    88  app_timer2.o(i.rtc_irq)
    i.rtc_schedule                           0x00029314   Section        0  app_timer2.o(i.rtc_schedule)
    rtc_schedule                             0x00029315   Thumb Code    92  app_timer2.o(i.rtc_schedule)
    i.rtc_update                             0x00029378   Section        0  app_timer2.o(i.rtc_update)
    rtc_update                               0x00029379   Thumb Code   108  app_timer2.o(i.rtc_update)
    i.saadc_init                             0x000293ec   Section        0  main.o(i.saadc_init)
    i.sdh_request_observer_notify            0x00029488   Section        0  nrf_sdh.o(i.sdh_request_observer_notify)
    sdh_request_observer_notify              0x00029489   Thumb Code    44  nrf_sdh.o(i.sdh_request_observer_notify)
    i.sdh_state_observer_notify              0x000294b8   Section        0  nrf_sdh.o(i.sdh_state_observer_notify)
    sdh_state_observer_notify                0x000294b9   Thumb Code    38  nrf_sdh.o(i.sdh_state_observer_notify)
    i.send_error_evt                         0x000294e4   Section        0  ble_conn_params.o(i.send_error_evt)
    send_error_evt                           0x000294e5   Thumb Code    12  ble_conn_params.o(i.send_error_evt)
    i.service_data_encode                    0x000294f4   Section        0  ble_advdata.o(i.service_data_encode)
    service_data_encode                      0x000294f5   Thumb Code   136  ble_advdata.o(i.service_data_encode)
    i.services_init                          0x0002957c   Section        0  main.o(i.services_init)
    services_init                            0x0002957d   Thumb Code   140  main.o(i.services_init)
    i.set_security_req                       0x00029638   Section        0  ble_srv_common.o(i.set_security_req)
    set_security_req                         0x00029639   Thumb Code    48  ble_srv_common.o(i.set_security_req)
    i.shutdown_process                       0x00029668   Section        0  nrf_pwr_mgmt.o(i.shutdown_process)
    shutdown_process                         0x00029669   Thumb Code    90  nrf_pwr_mgmt.o(i.shutdown_process)
    i.softdevices_evt_irq_enable             0x000296d8   Section        0  nrf_sdh.o(i.softdevices_evt_irq_enable)
    softdevices_evt_irq_enable               0x000296d9   Thumb Code    80  nrf_sdh.o(i.softdevices_evt_irq_enable)
    i.sortlist_pop                           0x00029730   Section        0  app_timer2.o(i.sortlist_pop)
    sortlist_pop                             0x00029731   Thumb Code     6  app_timer2.o(i.sortlist_pop)
    i.timer_expire                           0x0002973c   Section        0  app_timer2.o(i.timer_expire)
    timer_expire                             0x0002973d   Thumb Code    80  app_timer2.o(i.timer_expire)
    i.timer_init                             0x00029794   Section        0  main.o(i.timer_init)
    i.timer_req_process                      0x000297c8   Section        0  app_timer2.o(i.timer_req_process)
    timer_req_process                        0x000297c9   Thumb Code   110  app_timer2.o(i.timer_req_process)
    i.timer_req_schedule                     0x00029840   Section        0  app_timer2.o(i.timer_req_schedule)
    timer_req_schedule                       0x00029841   Thumb Code    46  app_timer2.o(i.timer_req_schedule)
    i.uint16_encode                          0x00029878   Section        0  ble_advdata.o(i.uint16_encode)
    uint16_encode                            0x00029879   Thumb Code    10  ble_advdata.o(i.uint16_encode)
    i.update_timeout_handler                 0x00029884   Section        0  ble_conn_params.o(i.update_timeout_handler)
    update_timeout_handler                   0x00029885   Thumb Code    98  ble_conn_params.o(i.update_timeout_handler)
    i.user_mem_reply                         0x000298ec   Section        0  nrf_ble_qwr.o(i.user_mem_reply)
    user_mem_reply                           0x000298ed   Thumb Code    36  nrf_ble_qwr.o(i.user_mem_reply)
    i.uuid_list_encode                       0x00029910   Section        0  ble_advdata.o(i.uuid_list_encode)
    uuid_list_encode                         0x00029911   Thumb Code    48  ble_advdata.o(i.uuid_list_encode)
    i.uuid_list_sized_encode                 0x00029940   Section        0  ble_advdata.o(i.uuid_list_sized_encode)
    uuid_list_sized_encode                   0x00029941   Thumb Code   158  ble_advdata.o(i.uuid_list_sized_encode)
    .constdata                               0x000299e0   Section       22  main.o(.constdata)
    delay_machine_code                       0x000299f0   Data           6  main.o(.constdata)
    .constdata                               0x000299f8   Section       22  nrf_ble_gatt.o(.constdata)
    .constdata                               0x00029a10   Section       48  ble_doseio_s.o(.constdata)
    .constdata                               0x00029a40   Section       16  nrf_sdh.o(.constdata)
    sdh_req_observers_array                  0x00029a40   Data          16  nrf_sdh.o(.constdata)
    .constdata                               0x00029a50   Section       40  nrf_sdh.o(.constdata)
    sdh_req_observers                        0x00029a54   Data          12  nrf_sdh.o(.constdata)
    sdh_state_observers                      0x00029a60   Data          12  nrf_sdh.o(.constdata)
    sdh_stack_observers                      0x00029a6c   Data          12  nrf_sdh.o(.constdata)
    .constdata                               0x00029a78   Section       16  nrf_sdh.o(.constdata)
    sdh_state_observers_array                0x00029a78   Data          16  nrf_sdh.o(.constdata)
    .constdata                               0x00029a88   Section       16  nrf_sdh.o(.constdata)
    sdh_stack_observers_array                0x00029a88   Data          16  nrf_sdh.o(.constdata)
    .constdata                               0x00029a98   Section       32  nrf_sdh_ble.o(.constdata)
    sdh_ble_observers_array                  0x00029a98   Data          32  nrf_sdh_ble.o(.constdata)
    .constdata                               0x00029ab8   Section       16  nrf_sdh_ble.o(.constdata)
    sdh_ble_observers                        0x00029abc   Data          12  nrf_sdh_ble.o(.constdata)
    .constdata                               0x00029ac8   Section       16  nrf_sdh_soc.o(.constdata)
    sdh_soc_observers_array                  0x00029ac8   Data          16  nrf_sdh_soc.o(.constdata)
    .constdata                               0x00029ad8   Section       12  nrf_sdh_soc.o(.constdata)
    sdh_soc_observers                        0x00029ad8   Data          12  nrf_sdh_soc.o(.constdata)
    .constdata                               0x00029ae4   Section        4  nrfx_gpiote.o(.constdata)
    .constdata                               0x00029ae8   Section       20  app_timer2.o(.constdata)
    m_req_fifo                               0x00029ae8   Data           4  app_timer2.o(.constdata)
    m_app_timer_sortlist                     0x00029af0   Data          12  app_timer2.o(.constdata)
    .constdata                               0x00029b00   Section        6  drv_rtc.o(.constdata)
    delay_machine_code                       0x00029b00   Data           6  drv_rtc.o(.constdata)
    .constdata                               0x00029b08   Section       24  nrf_pwr_mgmt.o(.constdata)
    pwr_mgmt_data_array                      0x00029b08   Data          24  nrf_pwr_mgmt.o(.constdata)
    .constdata                               0x00029b20   Section       12  nrf_pwr_mgmt.o(.constdata)
    pwr_mgmt_data                            0x00029b20   Data          12  nrf_pwr_mgmt.o(.constdata)
    .constdata                               0x00029b2c   Section       24  ble_dfu.o(.constdata)
    .constdata                               0x00029b44   Section       12  mktime.o(.constdata)
    monlen                                   0x00029b44   Data          12  mktime.o(.constdata)
    .constdata                               0x00029b50   Section       12  localtime_i.o(.constdata)
    monlen                                   0x00029b50   Data          12  localtime_i.o(.constdata)
    .conststrlit                             0x00029b5c   Section        8  nrf_sdh.o(.conststrlit)
    .conststrlit                             0x00029b64   Section       12  nrf_sdh_soc.o(.conststrlit)
    .conststrlit                             0x00029b70   Section        4  nrfx_prs.o(.conststrlit)
    .conststrlit                             0x00029b74   Section        7  nrfx_gpiote.o(.conststrlit)
    .conststrlit                             0x00029b7c   Section       10  app_timer2.o(.conststrlit)
    .conststrlit                             0x00029b88   Section        9  nrf_sortlist.o(.conststrlit)
    log_const_data                           0x00029bb4   Section        8  nrf_sdh.o(log_const_data)
    __tagsym$$used                           0x00029bb4   Number         0  nrf_sdh.o(log_const_data)
    log_const_data                           0x00029bbc   Section        8  nrf_sdh_soc.o(log_const_data)
    __tagsym$$used                           0x00029bbc   Number         0  nrf_sdh_soc.o(log_const_data)
    log_const_data                           0x00029bc4   Section        8  nrfx_prs.o(log_const_data)
    __tagsym$$used                           0x00029bc4   Number         0  nrfx_prs.o(log_const_data)
    log_const_data                           0x00029bcc   Section        8  nrfx_gpiote.o(log_const_data)
    __tagsym$$used                           0x00029bcc   Number         0  nrfx_gpiote.o(log_const_data)
    log_const_data                           0x00029bd4   Section        8  app_timer2.o(log_const_data)
    __tagsym$$used                           0x00029bd4   Number         0  app_timer2.o(log_const_data)
    log_const_data                           0x00029bdc   Section        8  nrf_sortlist.o(log_const_data)
    __tagsym$$used                           0x00029bdc   Number         0  nrf_sortlist.o(log_const_data)
    sdh_ble_observers0                       0x00029be4   Section        8  ble_conn_state.o(sdh_ble_observers0)
    __tagsym$$used                           0x00029be4   Number         0  ble_conn_state.o(sdh_ble_observers0)
    m_ble_evt_observer                       0x00029be4   Data           8  ble_conn_state.o(sdh_ble_observers0)
    sdh_ble_observers1                       0x00029bec   Section        8  main.o(sdh_ble_observers1)
    __tagsym$$used                           0x00029bec   Number         0  main.o(sdh_ble_observers1)
    m_gatt_obs                               0x00029bec   Data           8  main.o(sdh_ble_observers1)
    sdh_ble_observers1                       0x00029bf4   Section        8  ble_conn_params.o(sdh_ble_observers1)
    __tagsym$$used                           0x00029bf4   Number         0  ble_conn_params.o(sdh_ble_observers1)
    m_ble_observer                           0x00029bf4   Data           8  ble_conn_params.o(sdh_ble_observers1)
    sdh_ble_observers2                       0x00029bfc   Section       32  main.o(sdh_ble_observers2)
    __tagsym$$used                           0x00029bfc   Number         0  main.o(sdh_ble_observers2)
    m_doseIO_Calendare_obs                   0x00029bfc   Data           8  main.o(sdh_ble_observers2)
    __tagsym$$used                           0x00029c04   Number         0  main.o(sdh_ble_observers2)
    m_doseIO_Journal_obs                     0x00029c04   Data           8  main.o(sdh_ble_observers2)
    __tagsym$$used                           0x00029c0c   Number         0  main.o(sdh_ble_observers2)
    m_doseIO_obs                             0x00029c0c   Data           8  main.o(sdh_ble_observers2)
    __tagsym$$used                           0x00029c14   Number         0  main.o(sdh_ble_observers2)
    m_qwr_obs                                0x00029c14   Data           8  main.o(sdh_ble_observers2)
    sdh_ble_observers2                       0x00029c1c   Section        8  ble_dfu.o(sdh_ble_observers2)
    __tagsym$$used                           0x00029c1c   Number         0  ble_dfu.o(sdh_ble_observers2)
    m_dfus_obs                               0x00029c1c   Data           8  ble_dfu.o(sdh_ble_observers2)
    sdh_ble_observers3                       0x00029c24   Section        8  main.o(sdh_ble_observers3)
    __tagsym$$used                           0x00029c24   Number         0  main.o(sdh_ble_observers3)
    m_ble_observer                           0x00029c24   Data           8  main.o(sdh_ble_observers3)
    sdh_soc_observers1                       0x00029c2c   Section        8  ble_dfu_unbonded.o(sdh_soc_observers1)
    __tagsym$$used                           0x00029c2c   Number         0  ble_dfu_unbonded.o(sdh_soc_observers1)
    m_dfu_buttonless_soc_obs                 0x00029c2c   Data           8  ble_dfu_unbonded.o(sdh_soc_observers1)
    sdh_stack_observers0                     0x00029c34   Section        8  nrf_sdh_ble.o(sdh_stack_observers0)
    __tagsym$$used                           0x00029c34   Number         0  nrf_sdh_ble.o(sdh_stack_observers0)
    m_nrf_sdh_ble_evts_poll                  0x00029c34   Data           8  nrf_sdh_ble.o(sdh_stack_observers0)
    sdh_stack_observers0                     0x00029c3c   Section        8  nrf_sdh_soc.o(sdh_stack_observers0)
    __tagsym$$used                           0x00029c3c   Number         0  nrf_sdh_soc.o(sdh_stack_observers0)
    m_nrf_sdh_soc_evts_poll                  0x00029c3c   Data           8  nrf_sdh_soc.o(sdh_stack_observers0)
    .data                                    0x20002a98   Section       64  main.o(.data)
    m_adv_handle                             0x20002a98   Data           1  main.o(.data)
    m_conn_handle                            0x20002a9c   Data           2  main.o(.data)
    CaseOpen                                 0x20002aa0   Data           2  main.o(.data)
    lastStateCase                            0x20002aa2   Data           2  main.o(.data)
    data_copy                                0x20002ab4   Data           4  main.o(.data)
    data_copy                                0x20002ab8   Data           4  main.o(.data)
    CurrentTimeUnix                          0x20002abc   Data           4  main.o(.data)
    ADC_DATA_RAW                             0x20002ac0   Data           8  main.o(.data)
    m_adv_data                               0x20002ac8   Data          16  main.o(.data)
    .data                                    0x20002ad8   Section       44  nrf_calendar.o(.data)
    m_last_calibrate_time                    0x20002ad8   Data           4  nrf_calendar.o(.data)
    m_calibrate_factor                       0x20002adc   Data           4  nrf_calendar.o(.data)
    m_rtc_increment                          0x20002ae0   Data           4  nrf_calendar.o(.data)
    cal_event_callback                       0x20002ae4   Data           4  nrf_calendar.o(.data)
    uncal_difftime                           0x20002ae8   Data           4  nrf_calendar.o(.data)
    difftime                                 0x20002aec   Data           4  nrf_calendar.o(.data)
    newtime                                  0x20002af0   Data           4  nrf_calendar.o(.data)
    uncal_difftime                           0x20002af4   Data           4  nrf_calendar.o(.data)
    difftime                                 0x20002af8   Data           4  nrf_calendar.o(.data)
    newtime                                  0x20002afc   Data           4  nrf_calendar.o(.data)
    m_time                                   0x20002b00   Data           4  nrf_calendar.o(.data)
    .data                                    0x20002b04   Section        8  ble_conn_params.o(.data)
    m_preferred_conn_params                  0x20002b04   Data           8  ble_conn_params.o(.data)
    .data                                    0x20002b0c   Section       24  ble_doseio_s.o(.data)
    dataTimeSynch                            0x20002b0c   Data           4  ble_doseio_s.o(.data)
    dataTimeSynch                            0x20002b10   Data           4  ble_doseio_s.o(.data)
    dataTimeSynch                            0x20002b14   Data           4  ble_doseio_s.o(.data)
    dataWriteNotif                           0x20002b18   Data           4  ble_doseio_s.o(.data)
    dataClearNotif                           0x20002b1c   Data           4  ble_doseio_s.o(.data)
    dataListNotif                            0x20002b20   Data           4  ble_doseio_s.o(.data)
    .data                                    0x20002b24   Section        3  nrf_sdh.o(.data)
    m_nrf_sdh_enabled                        0x20002b24   Data           1  nrf_sdh.o(.data)
    m_nrf_sdh_suspended                      0x20002b25   Data           1  nrf_sdh.o(.data)
    m_nrf_sdh_continue                       0x20002b26   Data           1  nrf_sdh.o(.data)
    .data                                    0x20002b27   Section        1  nrf_sdh_ble.o(.data)
    m_stack_is_enabled                       0x20002b27   Data           1  nrf_sdh_ble.o(.data)
    .data                                    0x20002b28   Section        8  nrfx_prs.o(.data)
    m_prs_box_4                              0x20002b28   Data           8  nrfx_prs.o(.data)
    .data                                    0x20002b30   Section       32  app_timer2.o(.data)
    m_global_active                          0x20002b30   Data           1  app_timer2.o(.data)
    mp_active_timer                          0x20002b34   Data           4  app_timer2.o(.data)
    m_rtc_inst                               0x20002b38   Data           8  app_timer2.o(.data)
    m_base_counter                           0x20002b40   Data           8  app_timer2.o(.data)
    m_stamp64                                0x20002b48   Data           8  app_timer2.o(.data)
    .data                                    0x20002b50   Section        4  app_timer2.o(.data)
    m_app_timer_sortlist_sortlist_cb         0x20002b50   Data           4  app_timer2.o(.data)
    .data                                    0x20002b54   Section       12  drv_rtc.o(.data)
    m_handlers                               0x20002b54   Data           4  drv_rtc.o(.data)
    m_cb                                     0x20002b58   Data           8  drv_rtc.o(.data)
    .data                                    0x20002b60   Section        8  nrf_pwr_mgmt.o(.data)
    m_pwr_mgmt_evt                           0x20002b60   Data           1  nrf_pwr_mgmt.o(.data)
    m_shutdown_started                       0x20002b61   Data           1  nrf_pwr_mgmt.o(.data)
    m_sysoff_mtx                             0x20002b64   Data           4  nrf_pwr_mgmt.o(.data)
    .data                                    0x20002b68   Section        4  ble_dfu_unbonded.o(.data)
    .data                                    0x20002b6c   Section        4  system_nrf52.o(.data)
    __tagsym$$used                           0x20002b6c   Number         0  system_nrf52.o(.data)
    .bss                                     0x20002b70   Section      382  main.o(.bss)
    JournalNewEventBuffer                    0x20002b98   Data         160  main.o(.bss)
    m_doseIO_Calendare                       0x20002c38   Data          52  main.o(.bss)
    m_doseIO_Journal                         0x20002c6c   Data          28  main.o(.bss)
    m_doseIO                                 0x20002c88   Data          52  main.o(.bss)
    m_gatt                                   0x20002cbc   Data          20  main.o(.bss)
    m_qwr                                    0x20002cd0   Data          12  main.o(.bss)
    .bss                                     0x20002cee   Section       31  main.o(.bss)
    m_enc_advdata                            0x20002cee   Data          31  main.o(.bss)
    .bss                                     0x20002d0d   Section       31  main.o(.bss)
    m_enc_scan_response_data                 0x20002d0d   Data          31  main.o(.bss)
    .bss                                     0x20002d2c   Section      168  nrf_calendar.o(.bss)
    cal_string                               0x20002d2c   Data          80  nrf_calendar.o(.bss)
    time_struct                              0x20002d7c   Data          44  nrf_calendar.o(.bss)
    m_tm_return_time                         0x20002da8   Data          44  nrf_calendar.o(.bss)
    .bss                                     0x20002dd8   Section       80  ble_conn_params.o(.bss)
    m_timer_data                             0x20002dd8   Data          32  ble_conn_params.o(.bss)
    m_conn_params_instances                  0x20002df8   Data          20  ble_conn_params.o(.bss)
    m_conn_params_config                     0x20002e0c   Data          28  ble_conn_params.o(.bss)
    .bss                                     0x20002e28   Section      124  ble_conn_state.o(.bss)
    m_bcs                                    0x20002e28   Data         124  ble_conn_state.o(.bss)
    .bss                                     0x20002ea4   Section      142  ble_doseio_s.o(.bss)
    p_evt_write                              0x20002ea4   Data          14  ble_doseio_s.o(.bss)
    p_evt_write_data                         0x20002eb2   Data         114  ble_doseio_s.o(.bss)
    p_evt_write                              0x20002f24   Data          14  ble_doseio_s.o(.bss)
    .bss                                     0x20002f34   Section       92  nrfx_gpiote.o(.bss)
    m_cb                                     0x20002f34   Data          92  nrfx_gpiote.o(.bss)
    .bss                                     0x20002f90   Section       16  app_timer2.o(.bss)
    m_req_fifo_inst                          0x20002f90   Data          16  app_timer2.o(.bss)
    .bss                                     0x20002fa0   Section       88  app_timer2.o(.bss)
    m_req_fifo_data                          0x20002fa0   Data          88  app_timer2.o(.bss)
    .bss                                     0x20002ff8   Section       12  app_util_platform.o(.bss)
    .bss                                     0x20003004   Section       12  nrf_pwr_mgmt.o(.bss)
    m_handlers_iter                          0x20003004   Data          12  nrf_pwr_mgmt.o(.bss)
    .bss                                     0x20003010   Section       28  ble_dfu.o(.bss)
    m_dfu                                    0x20003010   Data          28  ble_dfu.o(.bss)
    .bss                                     0x2000302c   Section       40  ble_dfu_unbonded.o(.bss)
    nrf_dfu_set_adv_name_svci_async_def      0x2000302c   Data          12  ble_dfu_unbonded.o(.bss)
    m_adv_name                               0x20003038   Data          28  ble_dfu_unbonded.o(.bss)
    .bss                                     0x20003054   Section       44  localtime_w.o(.bss)
    _tms                                     0x20003054   Data          44  localtime_w.o(.bss)
    STACK                                    0x20003080   Section     8192  arm_startup_nrf52.o(STACK)

    Global Symbols

    Symbol Name                              Value     Ov Type        Size  Object(Section)

    BuildAttributes$$THM_ISAv4$E$P$D$K$B$S$7EM$VFPi3$EXTD16$VFPS$VFMA$PE$A:L22UL41UL21$X:L11$S22US41US21$IEEE1$IW$USESV6$~STKCKD$USESV7$~SHL$OSPACE$EBA8$MICROLIB$REQ8$EABIv2 0x00000000   Number         0  anon$$obj.o ABSOLUTE
    __ARM_use_no_argv                        0x00000000   Number         0  main.o ABSOLUTE
    __cpp_initialize__aeabi_                  - Undefined Weak Reference
    __cxa_finalize                            - Undefined Weak Reference
    __decompress                              - Undefined Weak Reference
    _clock_init                               - Undefined Weak Reference
    _microlib_exit                            - Undefined Weak Reference
    pwr_mgmt_data0$$Base                      - Undefined Reference
    pwr_mgmt_data0$$Limit                     - Undefined Reference
    pwr_mgmt_data1$$Base                      - Undefined Reference
    pwr_mgmt_data1$$Limit                     - Undefined Reference
    pwr_mgmt_data2$$Base                      - Undefined Reference
    pwr_mgmt_data2$$Limit                     - Undefined Reference
    sdh_req_observers0$$Base                  - Undefined Reference
    sdh_req_observers0$$Limit                 - Undefined Reference
    sdh_req_observers1$$Base                  - Undefined Reference
    sdh_req_observers1$$Limit                 - Undefined Reference
    sdh_soc_observers0$$Base                  - Undefined Reference
    sdh_soc_observers0$$Limit                 - Undefined Reference
    sdh_stack_observers1$$Base                - Undefined Reference
    sdh_stack_observers1$$Limit               - Undefined Reference
    sdh_state_observers0$$Base                - Undefined Reference
    sdh_state_observers0$$Limit               - Undefined Reference
    sdh_state_observers1$$Base                - Undefined Reference
    sdh_state_observers1$$Limit               - Undefined Reference
    __Vectors_Size                           0x00000200   Number         0  arm_startup_nrf52.o ABSOLUTE
    Load$$LR$$LR_IROM1$$Base                 0x00026000   Number         0  anon$$obj.o ABSOLUTE
    __Vectors                                0x00026000   Data           4  arm_startup_nrf52.o(RESET)
    __Vectors_End                            0x00026200   Data           0  arm_startup_nrf52.o(RESET)
    __main                                   0x00026201   Thumb Code     0  entry.o(.ARM.Collect$$$$00000000)
    _main_stk                                0x00026201   Thumb Code     0  entry2.o(.ARM.Collect$$$$00000001)
    _main_scatterload                        0x00026205   Thumb Code     0  entry5.o(.ARM.Collect$$$$00000004)
    __main_after_scatterload                 0x00026209   Thumb Code     0  entry5.o(.ARM.Collect$$$$00000004)
    _main_clock                              0x00026209   Thumb Code     0  entry7b.o(.ARM.Collect$$$$00000008)
    _main_cpp_init                           0x00026209   Thumb Code     0  entry8b.o(.ARM.Collect$$$$0000000A)
    _main_init                               0x00026209   Thumb Code     0  entry9a.o(.ARM.Collect$$$$0000000B)
    __rt_final_cpp                           0x00026211   Thumb Code     0  entry10a.o(.ARM.Collect$$$$0000000D)
    __rt_final_exit                          0x00026211   Thumb Code     0  entry11a.o(.ARM.Collect$$$$0000000F)
    __asm___12_nrf_atfifo_c_51f461e1__nrf_atfifo_wspace_req 0x00026215   Thumb Code    56  nrf_atfifo.o(.emb_text)
    __asm___12_nrf_atfifo_c_51f461e1__nrf_atfifo_wspace_close 0x0002624d   Thumb Code    18  nrf_atfifo.o(.emb_text)
    __asm___12_nrf_atfifo_c_51f461e1__nrf_atfifo_rspace_req 0x0002625f   Thumb Code    58  nrf_atfifo.o(.emb_text)
    __asm___12_nrf_atfifo_c_51f461e1__nrf_atfifo_rspace_close 0x00026299   Thumb Code    18  nrf_atfifo.o(.emb_text)
    __asm___12_nrf_atfifo_c_51f461e1__nrf_atfifo_space_clear 0x000262ab   Thumb Code    50  nrf_atfifo.o(.emb_text)
    __asm___12_nrf_atomic_c_85ca2469__nrf_atomic_internal_mov 0x000262dd   Thumb Code    24  nrf_atomic.o(.emb_text)
    __asm___12_nrf_atomic_c_85ca2469__nrf_atomic_internal_orr 0x000262f5   Thumb Code    26  nrf_atomic.o(.emb_text)
    __asm___12_nrf_atomic_c_85ca2469__nrf_atomic_internal_and 0x0002630f   Thumb Code    26  nrf_atomic.o(.emb_text)
    __asm___12_nrf_atomic_c_85ca2469__nrf_atomic_internal_eor 0x00026329   Thumb Code    26  nrf_atomic.o(.emb_text)
    __asm___12_nrf_atomic_c_85ca2469__nrf_atomic_internal_add 0x00026343   Thumb Code    26  nrf_atomic.o(.emb_text)
    __asm___12_nrf_atomic_c_85ca2469__nrf_atomic_internal_sub 0x0002635d   Thumb Code    26  nrf_atomic.o(.emb_text)
    __asm___12_nrf_atomic_c_85ca2469__nrf_atomic_internal_cmp_exch 0x00026377   Thumb Code    42  nrf_atomic.o(.emb_text)
    __asm___12_nrf_atomic_c_85ca2469__nrf_atomic_internal_sub_hs 0x000263a1   Thumb Code    30  nrf_atomic.o(.emb_text)
    Reset_Handler                            0x000263c1   Thumb Code     8  arm_startup_nrf52.o(.text)
    NMI_Handler                              0x000263c9   Thumb Code     2  arm_startup_nrf52.o(.text)
    HardFault_Handler                        0x000263cb   Thumb Code     2  arm_startup_nrf52.o(.text)
    MemoryManagement_Handler                 0x000263cd   Thumb Code     2  arm_startup_nrf52.o(.text)
    BusFault_Handler                         0x000263cf   Thumb Code     2  arm_startup_nrf52.o(.text)
    UsageFault_Handler                       0x000263d1   Thumb Code     2  arm_startup_nrf52.o(.text)
    SVC_Handler                              0x000263d3   Thumb Code     2  arm_startup_nrf52.o(.text)
    DebugMon_Handler                         0x000263d5   Thumb Code     2  arm_startup_nrf52.o(.text)
    PendSV_Handler                           0x000263d7   Thumb Code     2  arm_startup_nrf52.o(.text)
    SysTick_Handler                          0x000263d9   Thumb Code     2  arm_startup_nrf52.o(.text)
    CCM_AAR_IRQHandler                       0x000263db   Thumb Code     0  arm_startup_nrf52.o(.text)
    COMP_LPCOMP_IRQHandler                   0x000263db   Thumb Code     0  arm_startup_nrf52.o(.text)
    ECB_IRQHandler                           0x000263db   Thumb Code     0  arm_startup_nrf52.o(.text)
    FPU_IRQHandler                           0x000263db   Thumb Code     0  arm_startup_nrf52.o(.text)
    I2S_IRQHandler                           0x000263db   Thumb Code     0  arm_startup_nrf52.o(.text)
    MWU_IRQHandler                           0x000263db   Thumb Code     0  arm_startup_nrf52.o(.text)
    NFCT_IRQHandler                          0x000263db   Thumb Code     0  arm_startup_nrf52.o(.text)
    PDM_IRQHandler                           0x000263db   Thumb Code     0  arm_startup_nrf52.o(.text)
    POWER_CLOCK_IRQHandler                   0x000263db   Thumb Code     0  arm_startup_nrf52.o(.text)
    PWM0_IRQHandler                          0x000263db   Thumb Code     0  arm_startup_nrf52.o(.text)
    PWM1_IRQHandler                          0x000263db   Thumb Code     0  arm_startup_nrf52.o(.text)
    PWM2_IRQHandler                          0x000263db   Thumb Code     0  arm_startup_nrf52.o(.text)
    QDEC_IRQHandler                          0x000263db   Thumb Code     0  arm_startup_nrf52.o(.text)
    RADIO_IRQHandler                         0x000263db   Thumb Code     0  arm_startup_nrf52.o(.text)
    RNG_IRQHandler                           0x000263db   Thumb Code     0  arm_startup_nrf52.o(.text)
    RTC0_IRQHandler                          0x000263db   Thumb Code     0  arm_startup_nrf52.o(.text)
    SPIM0_SPIS0_TWIM0_TWIS0_SPI0_TWI0_IRQHandler 0x000263db   Thumb Code     0  arm_startup_nrf52.o(.text)
    SPIM1_SPIS1_TWIM1_TWIS1_SPI1_TWI1_IRQHandler 0x000263db   Thumb Code     0  arm_startup_nrf52.o(.text)
    SPIM2_SPIS2_SPI2_IRQHandler              0x000263db   Thumb Code     0  arm_startup_nrf52.o(.text)
    SWI0_EGU0_IRQHandler                     0x000263db   Thumb Code     0  arm_startup_nrf52.o(.text)
    SWI1_EGU1_IRQHandler                     0x000263db   Thumb Code     0  arm_startup_nrf52.o(.text)
    SWI3_EGU3_IRQHandler                     0x000263db   Thumb Code     0  arm_startup_nrf52.o(.text)
    SWI4_EGU4_IRQHandler                     0x000263db   Thumb Code     0  arm_startup_nrf52.o(.text)
    SWI5_EGU5_IRQHandler                     0x000263db   Thumb Code     0  arm_startup_nrf52.o(.text)
    TEMP_IRQHandler                          0x000263db   Thumb Code     0  arm_startup_nrf52.o(.text)
    TIMER0_IRQHandler                        0x000263db   Thumb Code     0  arm_startup_nrf52.o(.text)
    TIMER1_IRQHandler                        0x000263db   Thumb Code     0  arm_startup_nrf52.o(.text)
    TIMER2_IRQHandler                        0x000263db   Thumb Code     0  arm_startup_nrf52.o(.text)
    TIMER3_IRQHandler                        0x000263db   Thumb Code     0  arm_startup_nrf52.o(.text)
    TIMER4_IRQHandler                        0x000263db   Thumb Code     0  arm_startup_nrf52.o(.text)
    WDT_IRQHandler                           0x000263db   Thumb Code     0  arm_startup_nrf52.o(.text)
    mktime                                   0x000263e5   Thumb Code   150  mktime.o(.text)
    __aeabi_memcpy                           0x0002648d   Thumb Code    36  memcpya.o(.text)
    __aeabi_memcpy4                          0x0002648d   Thumb Code     0  memcpya.o(.text)
    __aeabi_memcpy8                          0x0002648d   Thumb Code     0  memcpya.o(.text)
    __aeabi_memset                           0x000264b1   Thumb Code    14  memseta.o(.text)
    __aeabi_memset4                          0x000264b1   Thumb Code     0  memseta.o(.text)
    __aeabi_memset8                          0x000264b1   Thumb Code     0  memseta.o(.text)
    __aeabi_memclr                           0x000264bf   Thumb Code     4  memseta.o(.text)
    __aeabi_memclr4                          0x000264bf   Thumb Code     0  memseta.o(.text)
    __aeabi_memclr8                          0x000264bf   Thumb Code     0  memseta.o(.text)
    _memset$wrapper                          0x000264c3   Thumb Code    18  memseta.o(.text)
    localtime                                0x000264d5   Thumb Code     6  localtime_w.o(.text)
    _localtime                               0x000264e1   Thumb Code   134  localtime_i.o(.text)
    __scatterload                            0x0002656d   Thumb Code    28  init.o(.text)
    __scatterload_rt2                        0x0002656d   Thumb Code     0  init.o(.text)
    GPIOTE_IRQHandler                        0x00026591   Thumb Code   346  nrfx_gpiote.o(i.GPIOTE_IRQHandler)
    RTC1_IRQHandler                          0x000266f5   Thumb Code    12  drv_rtc.o(i.RTC1_IRQHandler)
    RTC2_IRQHandler                          0x00026705   Thumb Code    40  nrf_calendar.o(i.RTC2_IRQHandler)
    SAADC_IRQHandler                         0x00026735   Thumb Code    26  main.o(i.SAADC_IRQHandler)
    SWI2_EGU2_IRQHandler                     0x00026755   Thumb Code     4  nrf_sdh.o(i.SWI2_EGU2_IRQHandler)
    SystemInit                               0x00026759   Thumb Code   848  system_nrf52.o(i.SystemInit)
    UARTE0_UART0_IRQHandler                  0x00026af1   Thumb Code     6  nrfx_prs.o(i.UARTE0_UART0_IRQHandler)
    __scatterload_copy                       0x00026afd   Thumb Code    14  handlers.o(i.__scatterload_copy)
    __scatterload_null                       0x00026b0b   Thumb Code     2  handlers.o(i.__scatterload_null)
    __scatterload_zeroinit                   0x00026b0d   Thumb Code    14  handlers.o(i.__scatterload_zeroinit)
    app_error_fault_handler                  0x00026bfd   Thumb Code    40  app_error_weak.o(i.app_error_fault_handler)
    app_error_handler_bare                   0x00026c2d   Thumb Code    22  app_error.o(i.app_error_handler_bare)
    app_timer_cnt_get                        0x00026c45   Thumb Code     6  app_timer2.o(i.app_timer_cnt_get)
    app_timer_create                         0x00026c51   Thumb Code    22  app_timer2.o(i.app_timer_create)
    app_timer_init                           0x00026c69   Thumb Code    70  app_timer2.o(i.app_timer_init)
    app_timer_start                          0x00026cc5   Thumb Code    48  app_timer2.o(i.app_timer_start)
    app_timer_stop                           0x00026cf5   Thumb Code    12  app_timer2.o(i.app_timer_stop)
    app_util_critical_region_enter           0x00026d01   Thumb Code    64  app_util_platform.o(i.app_util_critical_region_enter)
    app_util_critical_region_exit            0x00026d49   Thumb Code    46  app_util_platform.o(i.app_util_critical_region_exit)
    ble_J_read_data_send                     0x00026d7d   Thumb Code   170  ble_doseio_s.o(i.ble_J_read_data_send)
    ble_advdata_encode                       0x00026e27   Thumb Code   386  ble_advdata.o(i.ble_advdata_encode)
    ble_conn_params_init                     0x00026fa9   Thumb Code    90  ble_conn_params.o(i.ble_conn_params_init)
    ble_dfu_buttonless_backend_init          0x00027071   Thumb Code    14  ble_dfu_unbonded.o(i.ble_dfu_buttonless_backend_init)
    ble_dfu_buttonless_bootloader_start_finalize 0x00027085   Thumb Code    40  ble_dfu.o(i.ble_dfu_buttonless_bootloader_start_finalize)
    ble_dfu_buttonless_bootloader_start_prepare 0x000270b1   Thumb Code    20  ble_dfu_unbonded.o(i.ble_dfu_buttonless_bootloader_start_prepare)
    ble_dfu_buttonless_char_add              0x000270c9   Thumb Code    80  ble_dfu_unbonded.o(i.ble_dfu_buttonless_char_add)
    ble_dfu_buttonless_init                  0x00027119   Thumb Code    98  ble_dfu.o(i.ble_dfu_buttonless_init)
    ble_dfu_buttonless_on_ble_evt            0x00027189   Thumb Code   124  ble_dfu.o(i.ble_dfu_buttonless_on_ble_evt)
    ble_dfu_buttonless_on_ctrl_pt_write      0x00027209   Thumb Code   174  ble_dfu_unbonded.o(i.ble_dfu_buttonless_on_ctrl_pt_write)
    ble_dfu_buttonless_on_sys_evt            0x000272c1   Thumb Code    88  ble_dfu_unbonded.o(i.ble_dfu_buttonless_on_sys_evt)
    ble_dfu_buttonless_resp_send             0x00027321   Thumb Code    78  ble_dfu.o(i.ble_dfu_buttonless_resp_send)
    ble_doseIO_Calendare_on_ble_evt          0x00027375   Thumb Code    66  ble_doseio_s.o(i.ble_doseIO_Calendare_on_ble_evt)
    ble_doseIO_Journal_on_ble_evt            0x000273bd   Thumb Code    22  ble_doseio_s.o(i.ble_doseIO_Journal_on_ble_evt)
    ble_doseIO_init_s_calendare              0x000273d5   Thumb Code   362  ble_doseio_s.o(i.ble_doseIO_init_s_calendare)
    ble_doseIO_init_s_journal                0x00027545   Thumb Code   206  ble_doseio_s.o(i.ble_doseIO_init_s_journal)
    ble_doseIO_init_s_settings               0x00027619   Thumb Code   276  ble_doseio_s.o(i.ble_doseIO_init_s_settings)
    ble_doseIO_on_ble_evt                    0x00027731   Thumb Code    18  ble_doseio_s.o(i.ble_doseIO_on_ble_evt)
    ble_list_notif_data_send                 0x00027a29   Thumb Code   184  ble_doseio_s.o(i.ble_list_notif_data_send)
    ble_srv_is_indication_enabled            0x00027ae1   Thumb Code     8  ble_srv_common.o(i.ble_srv_is_indication_enabled)
    ble_srv_is_notification_enabled          0x00027ae9   Thumb Code     8  ble_srv_common.o(i.ble_srv_is_notification_enabled)
    calendar_updated                         0x00027af1   Thumb Code     2  main.o(i.calendar_updated)
    characteristic_add                       0x00027b05   Thumb Code   400  ble_srv_common.o(i.characteristic_add)
    conn_handle_list_get                     0x00027cad   Thumb Code    62  ble_conn_state.o(i.conn_handle_list_get)
    drv_rtc_compare_disable                  0x00027f2d   Thumb Code    20  drv_rtc.o(i.drv_rtc_compare_disable)
    drv_rtc_compare_pending                  0x00027f41   Thumb Code    14  drv_rtc.o(i.drv_rtc_compare_pending)
    drv_rtc_compare_set                      0x00027f4f   Thumb Code    80  drv_rtc.o(i.drv_rtc_compare_set)
    drv_rtc_counter_get                      0x00027f9f   Thumb Code     8  drv_rtc.o(i.drv_rtc_counter_get)
    drv_rtc_init                             0x00027fa9   Thumb Code   118  drv_rtc.o(i.drv_rtc_init)
    drv_rtc_irq_trigger                      0x00028025   Thumb Code    30  drv_rtc.o(i.drv_rtc_irq_trigger)
    drv_rtc_overflow_enable                  0x00028043   Thumb Code     8  drv_rtc.o(i.drv_rtc_overflow_enable)
    drv_rtc_overflow_pending                 0x0002804b   Thumb Code     8  drv_rtc.o(i.drv_rtc_overflow_pending)
    drv_rtc_start                            0x00028053   Thumb Code     8  drv_rtc.o(i.drv_rtc_start)
    drv_rtc_stop                             0x0002805b   Thumb Code     8  drv_rtc.o(i.drv_rtc_stop)
    drv_rtc_windowed_compare_set             0x00028063   Thumb Code   222  drv_rtc.o(i.drv_rtc_windowed_compare_set)
    main                                     0x000283c9   Thumb Code   534  main.o(i.main)
    nrf_atfifo_init                          0x0002871b   Thumb Code    38  nrf_atfifo.o(i.nrf_atfifo_init)
    nrf_atfifo_item_alloc                    0x00028741   Thumb Code    22  nrf_atfifo.o(i.nrf_atfifo_item_alloc)
    nrf_atfifo_item_free                     0x00028757   Thumb Code    22  nrf_atfifo.o(i.nrf_atfifo_item_free)
    nrf_atfifo_item_get                      0x0002876d   Thumb Code    22  nrf_atfifo.o(i.nrf_atfifo_item_get)
    nrf_atfifo_item_put                      0x00028783   Thumb Code    22  nrf_atfifo.o(i.nrf_atfifo_item_put)
    nrf_atflags_clear                        0x00028799   Thumb Code    22  nrf_atflags.o(i.nrf_atflags_clear)
    nrf_atflags_get                          0x000287af   Thumb Code    22  nrf_atflags.o(i.nrf_atflags_get)
    nrf_atflags_set                          0x000287c5   Thumb Code    20  nrf_atflags.o(i.nrf_atflags_set)
    nrf_atomic_u32_and                       0x000287d9   Thumb Code    12  nrf_atomic.o(i.nrf_atomic_u32_and)
    nrf_atomic_u32_fetch_store               0x000287e5   Thumb Code    10  nrf_atomic.o(i.nrf_atomic_u32_fetch_store)
    nrf_atomic_u32_or                        0x000287ef   Thumb Code    12  nrf_atomic.o(i.nrf_atomic_u32_or)
    nrf_ble_gatt_init                        0x0002881f   Thumb Code    34  nrf_ble_gatt.o(i.nrf_ble_gatt_init)
    nrf_ble_gatt_on_ble_evt                  0x00028841   Thumb Code   366  nrf_ble_gatt.o(i.nrf_ble_gatt_on_ble_evt)
    nrf_ble_qwr_conn_handle_assign           0x000289b5   Thumb Code    22  nrf_ble_qwr.o(i.nrf_ble_qwr_conn_handle_assign)
    nrf_ble_qwr_init                         0x000289cb   Thumb Code    36  nrf_ble_qwr.o(i.nrf_ble_qwr_init)
    nrf_ble_qwr_on_ble_evt                   0x000289ef   Thumb Code   182  nrf_ble_qwr.o(i.nrf_ble_qwr_on_ble_evt)
    nrf_cal_get_time                         0x00028aa5   Thumb Code    36  nrf_calendar.o(i.nrf_cal_get_time)
    nrf_cal_get_time_Unix                    0x00028ad5   Thumb Code     6  nrf_calendar.o(i.nrf_cal_get_time_Unix)
    nrf_cal_init                             0x00028ae1   Thumb Code    58  nrf_calendar.o(i.nrf_cal_init)
    nrf_cal_set_callback                     0x00028b2d   Thumb Code    34  nrf_calendar.o(i.nrf_cal_set_callback)
    nrf_cal_set_time                         0x00028b5d   Thumb Code    84  nrf_calendar.o(i.nrf_cal_set_time)
    nrf_cal_set_time_Unix                    0x00028bbd   Thumb Code    54  nrf_calendar.o(i.nrf_cal_set_time_Unix)
    nrf_pwr_mgmt_init                        0x00028cc1   Thumb Code    28  nrf_pwr_mgmt.o(i.nrf_pwr_mgmt_init)
    nrf_pwr_mgmt_run                         0x00028ce9   Thumb Code    64  nrf_pwr_mgmt.o(i.nrf_pwr_mgmt_run)
    nrf_pwr_mgmt_shutdown                    0x00028d2d   Thumb Code    54  nrf_pwr_mgmt.o(i.nrf_pwr_mgmt_shutdown)
    nrf_sdh_ble_app_ram_start_get            0x00028d79   Thumb Code    16  nrf_sdh_ble.o(i.nrf_sdh_ble_app_ram_start_get)
    nrf_sdh_ble_default_cfg_set              0x00028d8d   Thumb Code   134  nrf_sdh_ble.o(i.nrf_sdh_ble_default_cfg_set)
    nrf_sdh_ble_enable                       0x00028e15   Thumb Code    14  nrf_sdh_ble.o(i.nrf_sdh_ble_enable)
    nrf_sdh_enable_request                   0x00028e85   Thumb Code   102  nrf_sdh.o(i.nrf_sdh_enable_request)
    nrf_sdh_evts_poll                        0x00028ef9   Thumb Code    32  nrf_sdh.o(i.nrf_sdh_evts_poll)
    nrf_sdh_is_enabled                       0x00028f1d   Thumb Code     6  nrf_sdh.o(i.nrf_sdh_is_enabled)
    nrf_section_iter_init                    0x00028f65   Thumb Code    10  nrf_section_iter.o(i.nrf_section_iter_init)
    nrf_section_iter_next                    0x00028f93   Thumb Code    32  nrf_section_iter.o(i.nrf_section_iter_next)
    nrf_sortlist_add                         0x00028fb3   Thumb Code    34  nrf_sortlist.o(i.nrf_sortlist_add)
    nrf_sortlist_peek                        0x00028fd5   Thumb Code     6  nrf_sortlist.o(i.nrf_sortlist_peek)
    nrf_sortlist_pop                         0x00028fdb   Thumb Code    14  nrf_sortlist.o(i.nrf_sortlist_pop)
    nrf_sortlist_remove                      0x00028fe9   Thumb Code    30  nrf_sortlist.o(i.nrf_sortlist_remove)
    pwm_init                                 0x00029275   Thumb Code    46  main.o(i.pwm_init)
    saadc_init                               0x000293ed   Thumb Code   134  main.o(i.saadc_init)
    timer_init                               0x00029795   Thumb Code    42  main.o(i.timer_init)
    m_ram_start                              0x00029ab8   Data           4  nrf_sdh_ble.o(.constdata)
    Region$$Table$$Base                      0x00029b94   Number         0  anon$$obj.o(Region$$Table)
    Region$$Table$$Limit                     0x00029bb4   Number         0  anon$$obj.o(Region$$Table)
    m_nrf_log_nrf_sdh_logs_data_const        0x00029bb4   Data           8  nrf_sdh.o(log_const_data)
    m_nrf_log_nrf_sdh_soc_logs_data_const    0x00029bbc   Data           8  nrf_sdh_soc.o(log_const_data)
    m_nrf_log_PRS_logs_data_const            0x00029bc4   Data           8  nrfx_prs.o(log_const_data)
    m_nrf_log_GPIOTE_logs_data_const         0x00029bcc   Data           8  nrfx_gpiote.o(log_const_data)
    m_nrf_log_app_timer_logs_data_const      0x00029bd4   Data           8  app_timer2.o(log_const_data)
    m_nrf_log_sortlist_logs_data_const       0x00029bdc   Data           8  nrf_sortlist.o(log_const_data)
    sdh_ble_observers0$$Base                 0x00029be4   Number         0  ble_conn_state.o(sdh_ble_observers0)
    sdh_ble_observers0$$Limit                0x00029bec   Number         0  ble_conn_state.o(sdh_ble_observers0)
    sdh_ble_observers1$$Base                 0x00029bec   Number         0  main.o(sdh_ble_observers1)
    sdh_ble_observers1$$Limit                0x00029bfc   Number         0  ble_conn_params.o(sdh_ble_observers1)
    sdh_ble_observers2$$Base                 0x00029bfc   Number         0  main.o(sdh_ble_observers2)
    sdh_ble_observers2$$Limit                0x00029c24   Number         0  ble_dfu.o(sdh_ble_observers2)
    sdh_ble_observers3$$Base                 0x00029c24   Number         0  main.o(sdh_ble_observers3)
    sdh_ble_observers3$$Limit                0x00029c2c   Number         0  main.o(sdh_ble_observers3)
    sdh_soc_observers1$$Base                 0x00029c2c   Number         0  ble_dfu_unbonded.o(sdh_soc_observers1)
    sdh_soc_observers1$$Limit                0x00029c34   Number         0  ble_dfu_unbonded.o(sdh_soc_observers1)
    sdh_stack_observers0$$Base               0x00029c34   Number         0  nrf_sdh_ble.o(sdh_stack_observers0)
    sdh_stack_observers0$$Limit              0x00029c44   Number         0  nrf_sdh_soc.o(sdh_stack_observers0)
    Image$$RW_IRAM1$$Base                    0x20002a98   Number         0  anon$$obj.o ABSOLUTE
    ConectedFlag                             0x20002a99   Data           1  main.o(.data)
    BatVoltag_RawArr_count                   0x20002a9a   Data           1  main.o(.data)
    ADC_DATA_Arr_count                       0x20002a9b   Data           1  main.o(.data)
    ADC_DATA_AVERAGE                         0x20002a9e   Data           2  main.o(.data)
    ADC_DATA_SUMM                            0x20002aa4   Data           4  main.o(.data)
    tm_data                                  0x20002aa8   Data           4  main.o(.data)
    JournalPointer                           0x20002aac   Data           4  main.o(.data)
    ListNotifPointer                         0x20002ab0   Data           4  main.o(.data)
    mp_dfu                                   0x20002b68   Data           4  ble_dfu_unbonded.o(.data)
    SystemCoreClock                          0x20002b6c   Data           4  system_nrf52.o(.data)
    ADC_DATA_Arr                             0x20002b70   Data          40  main.o(.bss)
    BatVoltag_RawArr                         0x20002cdc   Data          18  main.o(.bss)
    nrf_nvic_state                           0x20002ff8   Data          12  app_util_platform.o(.bss)
    __initial_sp                             0x20005080   Data           0  arm_startup_nrf52.o(STACK)



==============================================================================

Memory Map of the image

  Image Entry point : 0x00026201

  Load Region LR_IROM1 (Base: 0x00026000, Size: 0x00003d1c, Max: 0x00046000, ABSOLUTE)

    Execution Region ER_IROM1 (Exec base: 0x00026000, Load base: 0x00026000, Size: 0x00003c44, Max: 0x00046000, ABSOLUTE)

    Exec Addr    Load Addr    Size         Type   Attr      Idx    E Section Name        Object

    0x00026000   0x00026000   0x00000200   Data   RO         3313    RESET               arm_startup_nrf52.o
    0x00026200   0x00026200   0x00000000   Code   RO         3369  * .ARM.Collect$$$$00000000  mc_w.l(entry.o)
    0x00026200   0x00026200   0x00000004   Code   RO         3395    .ARM.Collect$$$$00000001  mc_w.l(entry2.o)
    0x00026204   0x00026204   0x00000004   Code   RO         3398    .ARM.Collect$$$$00000004  mc_w.l(entry5.o)
    0x00026208   0x00026208   0x00000000   Code   RO         3400    .ARM.Collect$$$$00000008  mc_w.l(entry7b.o)
    0x00026208   0x00026208   0x00000000   Code   RO         3402    .ARM.Collect$$$$0000000A  mc_w.l(entry8b.o)
    0x00026208   0x00026208   0x00000008   Code   RO         3403    .ARM.Collect$$$$0000000B  mc_w.l(entry9a.o)
    0x00026210   0x00026210   0x00000000   Code   RO         3405    .ARM.Collect$$$$0000000D  mc_w.l(entry10a.o)
    0x00026210   0x00026210   0x00000000   Code   RO         3407    .ARM.Collect$$$$0000000F  mc_w.l(entry11a.o)
    0x00026210   0x00026210   0x00000004   Code   RO         3396    .ARM.Collect$$$$00002712  mc_w.l(entry2.o)
    0x00026214   0x00026214   0x000000c8   Code   RO         2259    .emb_text           nrf_atfifo.o
    0x000262dc   0x000262dc   0x000000e2   Code   RO         2336    .emb_text           nrf_atomic.o
    0x000263be   0x000263be   0x00000002   PAD
    0x000263c0   0x000263c0   0x00000024   Code   RO         3314    .text               arm_startup_nrf52.o
    0x000263e4   0x000263e4   0x000000a8   Code   RO         3376    .text               mc_w.l(mktime.o)
    0x0002648c   0x0002648c   0x00000024   Code   RO         3385    .text               mc_w.l(memcpya.o)
    0x000264b0   0x000264b0   0x00000024   Code   RO         3387    .text               mc_w.l(memseta.o)
    0x000264d4   0x000264d4   0x0000000c   Code   RO         3409    .text               mc_w.l(localtime_w.o)
    0x000264e0   0x000264e0   0x0000008c   Code   RO         3412    .text               mc_w.l(localtime_i.o)
    0x0002656c   0x0002656c   0x00000024   Code   RO         3415    .text               mc_w.l(init.o)
    0x00026590   0x00026590   0x00000164   Code   RO         1529    i.GPIOTE_IRQHandler  nrfx_gpiote.o
    0x000266f4   0x000266f4   0x00000010   Code   RO         1982    i.RTC1_IRQHandler   drv_rtc.o
    0x00026704   0x00026704   0x00000030   Code   RO          478    i.RTC2_IRQHandler   nrf_calendar.o
    0x00026734   0x00026734   0x00000020   Code   RO            4    i.SAADC_IRQHandler  main.o
    0x00026754   0x00026754   0x00000004   Code   RO         1242    i.SWI2_EGU2_IRQHandler  nrf_sdh.o
    0x00026758   0x00026758   0x00000398   Code   RO         3322    i.SystemInit        system_nrf52.o
    0x00026af0   0x00026af0   0x0000000c   Code   RO         1463    i.UARTE0_UART0_IRQHandler  nrfx_prs.o
    0x00026afc   0x00026afc   0x0000000e   Code   RO         3419    i.__scatterload_copy  mc_w.l(handlers.o)
    0x00026b0a   0x00026b0a   0x00000002   Code   RO         3420    i.__scatterload_null  mc_w.l(handlers.o)
    0x00026b0c   0x00026b0c   0x0000000e   Code   RO         3421    i.__scatterload_zeroinit  mc_w.l(handlers.o)
    0x00026b1a   0x00026b1a   0x00000002   PAD
    0x00026b1c   0x00026b1c   0x00000024   Code   RO         1243    i.__sd_nvic_app_accessible_irq  nrf_sdh.o
    0x00026b40   0x00026b40   0x000000a4   Code   RO            5    i.advertising_init  main.o
    0x00026be4   0x00026be4   0x00000018   Code   RO            6    i.advertising_start  main.o
    0x00026bfc   0x00026bfc   0x00000030   Code   RO         2954    i.app_error_fault_handler  app_error_weak.o
    0x00026c2c   0x00026c2c   0x00000016   Code   RO         2147    i.app_error_handler_bare  app_error.o
    0x00026c42   0x00026c42   0x00000002   PAD
    0x00026c44   0x00026c44   0x0000000c   Code   RO         1828    i.app_timer_cnt_get  app_timer2.o
    0x00026c50   0x00026c50   0x00000016   Code   RO         1829    i.app_timer_create  app_timer2.o
    0x00026c66   0x00026c66   0x00000002   PAD
    0x00026c68   0x00026c68   0x0000005c   Code   RO         1830    i.app_timer_init    app_timer2.o
    0x00026cc4   0x00026cc4   0x00000030   Code   RO         1833    i.app_timer_start   app_timer2.o
    0x00026cf4   0x00026cf4   0x0000000c   Code   RO         1834    i.app_timer_stop    app_timer2.o
    0x00026d00   0x00026d00   0x00000048   Code   RO         2877    i.app_util_critical_region_enter  app_util_platform.o
    0x00026d48   0x00026d48   0x00000034   Code   RO         2878    i.app_util_critical_region_exit  app_util_platform.o
    0x00026d7c   0x00026d7c   0x000000aa   Code   RO         1155    i.ble_J_read_data_send  ble_doseio_s.o
    0x00026e26   0x00026e26   0x00000182   Code   RO          557    i.ble_advdata_encode  ble_advdata.o
    0x00026fa8   0x00026fa8   0x00000068   Code   RO          689    i.ble_conn_params_init  ble_conn_params.o
    0x00027010   0x00027010   0x00000060   Code   RO          563    i.ble_device_addr_encode  ble_advdata.o
    0x00027070   0x00027070   0x00000014   Code   RO         3226    i.ble_dfu_buttonless_backend_init  ble_dfu_unbonded.o
    0x00027084   0x00027084   0x0000002c   Code   RO         3088    i.ble_dfu_buttonless_bootloader_start_finalize  ble_dfu.o
    0x000270b0   0x000270b0   0x00000018   Code   RO         3227    i.ble_dfu_buttonless_bootloader_start_prepare  ble_dfu_unbonded.o
    0x000270c8   0x000270c8   0x00000050   Code   RO         3228    i.ble_dfu_buttonless_char_add  ble_dfu_unbonded.o
    0x00027118   0x00027118   0x00000070   Code   RO         3089    i.ble_dfu_buttonless_init  ble_dfu.o
    0x00027188   0x00027188   0x00000080   Code   RO         3090    i.ble_dfu_buttonless_on_ble_evt  ble_dfu.o
    0x00027208   0x00027208   0x000000b8   Code   RO         3229    i.ble_dfu_buttonless_on_ctrl_pt_write  ble_dfu_unbonded.o
    0x000272c0   0x000272c0   0x00000060   Code   RO         3230    i.ble_dfu_buttonless_on_sys_evt  ble_dfu_unbonded.o
    0x00027320   0x00027320   0x00000054   Code   RO         3091    i.ble_dfu_buttonless_resp_send  ble_dfu.o
    0x00027374   0x00027374   0x00000048   Code   RO         1156    i.ble_doseIO_Calendare_on_ble_evt  ble_doseio_s.o
    0x000273bc   0x000273bc   0x00000016   Code   RO         1157    i.ble_doseIO_Journal_on_ble_evt  ble_doseio_s.o
    0x000273d2   0x000273d2   0x00000002   PAD
    0x000273d4   0x000273d4   0x00000170   Code   RO         1158    i.ble_doseIO_init_s_calendare  ble_doseio_s.o
    0x00027544   0x00027544   0x000000d4   Code   RO         1159    i.ble_doseIO_init_s_journal  ble_doseio_s.o
    0x00027618   0x00027618   0x00000118   Code   RO         1160    i.ble_doseIO_init_s_settings  ble_doseio_s.o
    0x00027730   0x00027730   0x00000012   Code   RO         1161    i.ble_doseIO_on_ble_evt  ble_doseio_s.o
    0x00027742   0x00027742   0x00000002   PAD
    0x00027744   0x00027744   0x000000d0   Code   RO            8    i.ble_evt_handler   main.o
    0x00027814   0x00027814   0x000000fc   Code   RO          691    i.ble_evt_handler   ble_conn_params.o
    0x00027910   0x00027910   0x00000118   Code   RO          800    i.ble_evt_handler   ble_conn_state.o
    0x00027a28   0x00027a28   0x000000b8   Code   RO         1162    i.ble_list_notif_data_send  ble_doseio_s.o
    0x00027ae0   0x00027ae0   0x00000008   Code   RO          954    i.ble_srv_is_indication_enabled  ble_srv_common.o
    0x00027ae8   0x00027ae8   0x00000008   Code   RO          955    i.ble_srv_is_notification_enabled  ble_srv_common.o
    0x00027af0   0x00027af0   0x00000002   Code   RO            9    i.calendar_updated  main.o
    0x00027af2   0x00027af2   0x00000002   PAD
    0x00027af4   0x00027af4   0x00000010   Code   RO         1532    i.channel_port_get  nrfx_gpiote.o
    0x00027b04   0x00027b04   0x00000190   Code   RO          957    i.characteristic_add  ble_srv_common.o
    0x00027c94   0x00027c94   0x00000018   Code   RO         1836    i.compare_func      app_timer2.o
    0x00027cac   0x00027cac   0x0000003e   Code   RO          801    i.conn_handle_list_get  ble_conn_state.o
    0x00027cea   0x00027cea   0x00000088   Code   RO          564    i.conn_int_encode   ble_advdata.o
    0x00027d72   0x00027d72   0x00000004   Code   RO           10    i.conn_params_error_handler  main.o
    0x00027d76   0x00027d76   0x00000002   PAD
    0x00027d78   0x00027d78   0x00000048   Code   RO          692    i.conn_params_negotiation  ble_conn_params.o
    0x00027dc0   0x00027dc0   0x0000001e   Code   RO         1022    i.data_length_update  nrf_ble_gatt.o
    0x00027dde   0x00027dde   0x00000002   PAD
    0x00027de0   0x00027de0   0x00000044   Code   RO           11    i.doseIO_C_clear_notif_handler  main.o
    0x00027e24   0x00027e24   0x00000024   Code   RO           12    i.doseIO_C_list_notif_handler  main.o
    0x00027e48   0x00027e48   0x00000006   Code   RO           13    i.doseIO_C_time_synch_handler  main.o
    0x00027e4e   0x00027e4e   0x00000002   PAD
    0x00027e50   0x00027e50   0x00000060   Code   RO           14    i.doseIO_C_write_notif_handler  main.o
    0x00027eb0   0x00027eb0   0x00000050   Code   RO           15    i.doseIO_J_clear_handler  main.o
    0x00027f00   0x00027f00   0x00000024   Code   RO           16    i.doseIO_J_read_handler  main.o
    0x00027f24   0x00027f24   0x00000002   Code   RO           17    i.doseIO_S_device_reset_handler  main.o
    0x00027f26   0x00027f26   0x00000002   Code   RO           18    i.doseIO_S_led_settings_handler  main.o
    0x00027f28   0x00027f28   0x00000002   Code   RO           19    i.doseIO_S_set_name_handler  main.o
    0x00027f2a   0x00027f2a   0x00000002   Code   RO           20    i.doseIO_S_write_password_handler  main.o
    0x00027f2c   0x00027f2c   0x00000014   Code   RO         1983    i.drv_rtc_compare_disable  drv_rtc.o
    0x00027f40   0x00027f40   0x0000000e   Code   RO         1985    i.drv_rtc_compare_pending  drv_rtc.o
    0x00027f4e   0x00027f4e   0x00000050   Code   RO         1986    i.drv_rtc_compare_set  drv_rtc.o
    0x00027f9e   0x00027f9e   0x00000008   Code   RO         1987    i.drv_rtc_counter_get  drv_rtc.o
    0x00027fa6   0x00027fa6   0x00000002   PAD
    0x00027fa8   0x00027fa8   0x0000007c   Code   RO         1988    i.drv_rtc_init      drv_rtc.o
    0x00028024   0x00028024   0x0000001e   Code   RO         1989    i.drv_rtc_irq_trigger  drv_rtc.o
    0x00028042   0x00028042   0x00000008   Code   RO         1991    i.drv_rtc_overflow_enable  drv_rtc.o
    0x0002804a   0x0002804a   0x00000008   Code   RO         1992    i.drv_rtc_overflow_pending  drv_rtc.o
    0x00028052   0x00028052   0x00000008   Code   RO         1993    i.drv_rtc_start     drv_rtc.o
    0x0002805a   0x0002805a   0x00000008   Code   RO         1994    i.drv_rtc_stop      drv_rtc.o
    0x00028062   0x00028062   0x000000de   Code   RO         1999    i.drv_rtc_windowed_compare_set  drv_rtc.o
    0x00028140   0x00028140   0x00000002   Code   RO         3092    i.dummy_evt_handler  ble_dfu.o
    0x00028142   0x00028142   0x00000012   Code   RO         2000    i.evt_enable        drv_rtc.o
    0x00028154   0x00028154   0x00000014   Code   RO         2001    i.evt_pending       drv_rtc.o
    0x00028168   0x00028168   0x0000000a   Code   RO          802    i.flag_toggle       ble_conn_state.o
    0x00028172   0x00028172   0x00000002   PAD
    0x00028174   0x00028174   0x00000034   Code   RO         1837    i.get_now           app_timer2.o
    0x000281a8   0x000281a8   0x000001b4   Code   RO           21    i.idle_state_handle  main.o
    0x0002835c   0x0002835c   0x00000014   Code   RO          693    i.instance_get      ble_conn_params.o
    0x00028370   0x00028370   0x00000044   Code   RO          694    i.is_conn_params_ok  ble_conn_params.o
    0x000283b4   0x000283b4   0x00000014   Code   RO         1023    i.link_init         nrf_ble_gatt.o
    0x000283c8   0x000283c8   0x00000248   Code   RO           22    i.main              main.o
    0x00028610   0x00028610   0x00000064   Code   RO          565    i.manuf_specific_data_encode  ble_advdata.o
    0x00028674   0x00028674   0x000000a6   Code   RO          566    i.name_encode       ble_advdata.o
    0x0002871a   0x0002871a   0x00000026   Code   RO         2263    i.nrf_atfifo_init   nrf_atfifo.o
    0x00028740   0x00028740   0x00000016   Code   RO         2264    i.nrf_atfifo_item_alloc  nrf_atfifo.o
    0x00028756   0x00028756   0x00000016   Code   RO         2265    i.nrf_atfifo_item_free  nrf_atfifo.o
    0x0002876c   0x0002876c   0x00000016   Code   RO         2266    i.nrf_atfifo_item_get  nrf_atfifo.o
    0x00028782   0x00028782   0x00000016   Code   RO         2267    i.nrf_atfifo_item_put  nrf_atfifo.o
    0x00028798   0x00028798   0x00000016   Code   RO         2190    i.nrf_atflags_clear  nrf_atflags.o
    0x000287ae   0x000287ae   0x00000016   Code   RO         2195    i.nrf_atflags_get   nrf_atflags.o
    0x000287c4   0x000287c4   0x00000014   Code   RO         2197    i.nrf_atflags_set   nrf_atflags.o
    0x000287d8   0x000287d8   0x0000000c   Code   RO         2342    i.nrf_atomic_u32_and  nrf_atomic.o
    0x000287e4   0x000287e4   0x0000000a   Code   RO         2347    i.nrf_atomic_u32_fetch_store  nrf_atomic.o
    0x000287ee   0x000287ee   0x0000000c   Code   RO         2351    i.nrf_atomic_u32_or  nrf_atomic.o
    0x000287fa   0x000287fa   0x00000010   Code   RO         1533    i.nrf_bitmask_bit_is_set  nrfx_gpiote.o
    0x0002880a   0x0002880a   0x00000014   Code   RO         1534    i.nrf_bitmask_bit_set  nrfx_gpiote.o
    0x0002881e   0x0002881e   0x00000022   Code   RO         1029    i.nrf_ble_gatt_init  nrf_ble_gatt.o
    0x00028840   0x00028840   0x00000174   Code   RO         1030    i.nrf_ble_gatt_on_ble_evt  nrf_ble_gatt.o
    0x000289b4   0x000289b4   0x00000016   Code   RO         1108    i.nrf_ble_qwr_conn_handle_assign  nrf_ble_qwr.o
    0x000289ca   0x000289ca   0x00000024   Code   RO         1109    i.nrf_ble_qwr_init  nrf_ble_qwr.o
    0x000289ee   0x000289ee   0x000000b6   Code   RO         1110    i.nrf_ble_qwr_on_ble_evt  nrf_ble_qwr.o
    0x00028aa4   0x00028aa4   0x00000030   Code   RO          479    i.nrf_cal_get_time  nrf_calendar.o
    0x00028ad4   0x00028ad4   0x0000000c   Code   RO          480    i.nrf_cal_get_time_Unix  nrf_calendar.o
    0x00028ae0   0x00028ae0   0x0000004c   Code   RO          483    i.nrf_cal_init      nrf_calendar.o
    0x00028b2c   0x00028b2c   0x00000030   Code   RO          484    i.nrf_cal_set_callback  nrf_calendar.o
    0x00028b5c   0x00028b5c   0x00000060   Code   RO          485    i.nrf_cal_set_time  nrf_calendar.o
    0x00028bbc   0x00028bbc   0x00000040   Code   RO          486    i.nrf_cal_set_time_Unix  nrf_calendar.o
    0x00028bfc   0x00028bfc   0x00000024   Code   RO           23    i.nrf_gpio_cfg      main.o
    0x00028c20   0x00028c20   0x00000014   Code   RO           24    i.nrf_gpio_cfg_output  main.o
    0x00028c34   0x00028c34   0x00000022   Code   RO         1537    i.nrf_gpio_cfg_sense_set  nrfx_gpiote.o
    0x00028c56   0x00028c56   0x0000000e   Code   RO           25    i.nrf_gpio_pin_clear  main.o
    0x00028c64   0x00028c64   0x0000000e   Code   RO           26    i.nrf_gpio_pin_set  main.o
    0x00028c72   0x00028c72   0x00000002   PAD
    0x00028c74   0x00028c74   0x00000028   Code   RO         1538    i.nrf_gpio_ports_read  nrfx_gpiote.o
    0x00028c9c   0x00028c9c   0x00000014   Code   RO         1539    i.nrf_gpiote_event_clear  nrfx_gpiote.o
    0x00028cb0   0x00028cb0   0x00000010   Code   RO         1540    i.nrf_gpiote_event_is_set  nrfx_gpiote.o
    0x00028cc0   0x00028cc0   0x00000028   Code   RO         2983    i.nrf_pwr_mgmt_init  nrf_pwr_mgmt.o
    0x00028ce8   0x00028ce8   0x00000044   Code   RO         2984    i.nrf_pwr_mgmt_run  nrf_pwr_mgmt.o
    0x00028d2c   0x00028d2c   0x0000003c   Code   RO         2985    i.nrf_pwr_mgmt_shutdown  nrf_pwr_mgmt.o
    0x00028d68   0x00028d68   0x00000004   Code   RO           27    i.nrf_qwr_error_handler  main.o
    0x00028d6c   0x00028d6c   0x0000000c   Code   RO         2002    i.nrf_rtc_event_clear  drv_rtc.o
    0x00028d78   0x00028d78   0x00000014   Code   RO         1375    i.nrf_sdh_ble_app_ram_start_get  nrf_sdh_ble.o
    0x00028d8c   0x00028d8c   0x00000086   Code   RO         1376    i.nrf_sdh_ble_default_cfg_set  nrf_sdh_ble.o
    0x00028e12   0x00028e12   0x00000002   PAD
    0x00028e14   0x00028e14   0x00000014   Code   RO         1377    i.nrf_sdh_ble_enable  nrf_sdh_ble.o
    0x00028e28   0x00028e28   0x0000005c   Code   RO         1378    i.nrf_sdh_ble_evts_poll  nrf_sdh_ble.o
    0x00028e84   0x00028e84   0x00000074   Code   RO         1245    i.nrf_sdh_enable_request  nrf_sdh.o
    0x00028ef8   0x00028ef8   0x00000024   Code   RO         1246    i.nrf_sdh_evts_poll  nrf_sdh.o
    0x00028f1c   0x00028f1c   0x0000000c   Code   RO         1247    i.nrf_sdh_is_enabled  nrf_sdh.o
    0x00028f28   0x00028f28   0x0000003c   Code   RO         1425    i.nrf_sdh_soc_evts_poll  nrf_sdh_soc.o
    0x00028f64   0x00028f64   0x0000000a   Code   RO         2836    i.nrf_section_iter_init  nrf_section_iter.o
    0x00028f6e   0x00028f6e   0x00000024   Code   RO         2837    i.nrf_section_iter_item_set  nrf_section_iter.o
    0x00028f92   0x00028f92   0x00000020   Code   RO         2838    i.nrf_section_iter_next  nrf_section_iter.o
    0x00028fb2   0x00028fb2   0x00000022   Code   RO         2777    i.nrf_sortlist_add  nrf_sortlist.o
    0x00028fd4   0x00028fd4   0x00000006   Code   RO         2779    i.nrf_sortlist_peek  nrf_sortlist.o
    0x00028fda   0x00028fda   0x0000000e   Code   RO         2780    i.nrf_sortlist_pop  nrf_sortlist.o
    0x00028fe8   0x00028fe8   0x0000001e   Code   RO         2781    i.nrf_sortlist_remove  nrf_sortlist.o
    0x00029006   0x00029006   0x00000002   PAD
    0x00029008   0x00029008   0x00000010   Code   RO           28    i.nrfx_coredep_delay_us  main.o
    0x00029018   0x00029018   0x00000010   Code   RO         2003    i.nrfx_coredep_delay_us  drv_rtc.o
    0x00029028   0x00029028   0x0000001c   Code   RO           29    i.on_conn_params_evt  main.o
    0x00029044   0x00029044   0x0000006c   Code   RO         3093    i.on_ctrlpt_write   ble_dfu.o
    0x000290b0   0x000290b0   0x00000048   Code   RO         1163    i.on_write          ble_doseio_s.o
    0x000290f8   0x000290f8   0x000000f4   Code   RO         1164    i.on_write_Calendare  ble_doseio_s.o
    0x000291ec   0x000291ec   0x00000088   Code   RO         1165    i.on_write_Journal  ble_doseio_s.o
    0x00029274   0x00029274   0x00000044   Code   RO           30    i.pwm_init          main.o
    0x000292b8   0x000292b8   0x0000005c   Code   RO         1838    i.rtc_irq           app_timer2.o
    0x00029314   0x00029314   0x00000064   Code   RO         1839    i.rtc_schedule      app_timer2.o
    0x00029378   0x00029378   0x00000074   Code   RO         1840    i.rtc_update        app_timer2.o
    0x000293ec   0x000293ec   0x0000009c   Code   RO           31    i.saadc_init        main.o
    0x00029488   0x00029488   0x00000030   Code   RO         1252    i.sdh_request_observer_notify  nrf_sdh.o
    0x000294b8   0x000294b8   0x0000002c   Code   RO         1253    i.sdh_state_observer_notify  nrf_sdh.o
    0x000294e4   0x000294e4   0x00000010   Code   RO          695    i.send_error_evt    ble_conn_params.o
    0x000294f4   0x000294f4   0x00000088   Code   RO          567    i.service_data_encode  ble_advdata.o
    0x0002957c   0x0002957c   0x000000bc   Code   RO           32    i.services_init     main.o
    0x00029638   0x00029638   0x00000030   Code   RO          959    i.set_security_req  ble_srv_common.o
    0x00029668   0x00029668   0x00000070   Code   RO         2986    i.shutdown_process  nrf_pwr_mgmt.o
    0x000296d8   0x000296d8   0x00000058   Code   RO         1255    i.softdevices_evt_irq_enable  nrf_sdh.o
    0x00029730   0x00029730   0x0000000c   Code   RO         1841    i.sortlist_pop      app_timer2.o
    0x0002973c   0x0002973c   0x00000058   Code   RO         1842    i.timer_expire      app_timer2.o
    0x00029794   0x00029794   0x00000034   Code   RO           33    i.timer_init        main.o
    0x000297c8   0x000297c8   0x00000078   Code   RO         1843    i.timer_req_process  app_timer2.o
    0x00029840   0x00029840   0x00000038   Code   RO         1844    i.timer_req_schedule  app_timer2.o
    0x00029878   0x00029878   0x0000000a   Code   RO          568    i.uint16_encode     ble_advdata.o
    0x00029882   0x00029882   0x00000002   PAD
    0x00029884   0x00029884   0x00000068   Code   RO          696    i.update_timeout_handler  ble_conn_params.o
    0x000298ec   0x000298ec   0x00000024   Code   RO         1111    i.user_mem_reply    nrf_ble_qwr.o
    0x00029910   0x00029910   0x00000030   Code   RO          569    i.uuid_list_encode  ble_advdata.o
    0x00029940   0x00029940   0x0000009e   Code   RO          570    i.uuid_list_sized_encode  ble_advdata.o
    0x000299de   0x000299de   0x00000002   PAD
    0x000299e0   0x000299e0   0x00000016   Data   RO           38    .constdata          main.o
    0x000299f6   0x000299f6   0x00000002   PAD
    0x000299f8   0x000299f8   0x00000016   Data   RO         1031    .constdata          nrf_ble_gatt.o
    0x00029a0e   0x00029a0e   0x00000002   PAD
    0x00029a10   0x00029a10   0x00000030   Data   RO         1167    .constdata          ble_doseio_s.o
    0x00029a40   0x00029a40   0x00000010   Data   RO         1256    .constdata          nrf_sdh.o
    0x00029a50   0x00029a50   0x00000028   Data   RO         1257    .constdata          nrf_sdh.o
    0x00029a78   0x00029a78   0x00000010   Data   RO         1258    .constdata          nrf_sdh.o
    0x00029a88   0x00029a88   0x00000010   Data   RO         1259    .constdata          nrf_sdh.o
    0x00029a98   0x00029a98   0x00000020   Data   RO         1379    .constdata          nrf_sdh_ble.o
    0x00029ab8   0x00029ab8   0x00000010   Data   RO         1380    .constdata          nrf_sdh_ble.o
    0x00029ac8   0x00029ac8   0x00000010   Data   RO         1426    .constdata          nrf_sdh_soc.o
    0x00029ad8   0x00029ad8   0x0000000c   Data   RO         1427    .constdata          nrf_sdh_soc.o
    0x00029ae4   0x00029ae4   0x00000004   Data   RO         1569    .constdata          nrfx_gpiote.o
    0x00029ae8   0x00029ae8   0x00000014   Data   RO         1847    .constdata          app_timer2.o
    0x00029afc   0x00029afc   0x00000004   PAD
    0x00029b00   0x00029b00   0x00000006   Data   RO         2004    .constdata          drv_rtc.o
    0x00029b06   0x00029b06   0x00000002   PAD
    0x00029b08   0x00029b08   0x00000018   Data   RO         2988    .constdata          nrf_pwr_mgmt.o
    0x00029b20   0x00029b20   0x0000000c   Data   RO         2989    .constdata          nrf_pwr_mgmt.o
    0x00029b2c   0x00029b2c   0x00000018   Data   RO         3095    .constdata          ble_dfu.o
    0x00029b44   0x00029b44   0x0000000c   Data   RO         3377    .constdata          mc_w.l(mktime.o)
    0x00029b50   0x00029b50   0x0000000c   Data   RO         3413    .constdata          mc_w.l(localtime_i.o)
    0x00029b5c   0x00029b5c   0x00000008   Data   RO         1260    .conststrlit        nrf_sdh.o
    0x00029b64   0x00029b64   0x0000000c   Data   RO         1428    .conststrlit        nrf_sdh_soc.o
    0x00029b70   0x00029b70   0x00000004   Data   RO         1468    .conststrlit        nrfx_prs.o
    0x00029b74   0x00029b74   0x00000007   Data   RO         1573    .conststrlit        nrfx_gpiote.o
    0x00029b7b   0x00029b7b   0x00000001   PAD
    0x00029b7c   0x00029b7c   0x0000000a   Data   RO         1848    .conststrlit        app_timer2.o
    0x00029b86   0x00029b86   0x00000002   PAD
    0x00029b88   0x00029b88   0x00000009   Data   RO         2782    .conststrlit        nrf_sortlist.o
    0x00029b91   0x00029b91   0x00000003   PAD
    0x00029b94   0x00029b94   0x00000020   Data   RO         3417    Region$$Table       anon$$obj.o
    0x00029bb4   0x00029bb4   0x00000008   Data   RO         1262    log_const_data      nrf_sdh.o
    0x00029bbc   0x00029bbc   0x00000008   Data   RO         1429    log_const_data      nrf_sdh_soc.o
    0x00029bc4   0x00029bc4   0x00000008   Data   RO         1470    log_const_data      nrfx_prs.o
    0x00029bcc   0x00029bcc   0x00000008   Data   RO         1574    log_const_data      nrfx_gpiote.o
    0x00029bd4   0x00029bd4   0x00000008   Data   RO         1851    log_const_data      app_timer2.o
    0x00029bdc   0x00029bdc   0x00000008   Data   RO         2783    log_const_data      nrf_sortlist.o
    0x00029be4   0x00029be4   0x00000008   Data   RO          806    sdh_ble_observers0  ble_conn_state.o
    0x00029bec   0x00029bec   0x00000008   Data   RO           45    sdh_ble_observers1  main.o
    0x00029bf4   0x00029bf4   0x00000008   Data   RO          699    sdh_ble_observers1  ble_conn_params.o
    0x00029bfc   0x00029bfc   0x00000020   Data   RO           46    sdh_ble_observers2  main.o
    0x00029c1c   0x00029c1c   0x00000008   Data   RO         3096    sdh_ble_observers2  ble_dfu.o
    0x00029c24   0x00029c24   0x00000008   Data   RO           47    sdh_ble_observers3  main.o
    0x00029c2c   0x00029c2c   0x00000008   Data   RO         3233    sdh_soc_observers1  ble_dfu_unbonded.o
    0x00029c34   0x00029c34   0x00000008   Data   RO         1382    sdh_stack_observers0  nrf_sdh_ble.o
    0x00029c3c   0x00029c3c   0x00000008   Data   RO         1430    sdh_stack_observers0  nrf_sdh_soc.o


    Execution Region RW_IRAM1 (Exec base: 0x20002a98, Load base: 0x00029c44, Size: 0x000025e8, Max: 0x0003d568, ABSOLUTE)

    Exec Addr    Load Addr    Size         Type   Attr      Idx    E Section Name        Object

    0x20002a98   0x00029c44   0x00000040   Data   RW           40    .data               main.o
    0x20002ad8   0x00029c84   0x0000002c   Data   RW          488    .data               nrf_calendar.o
    0x20002b04   0x00029cb0   0x00000008   Data   RW          698    .data               ble_conn_params.o
    0x20002b0c   0x00029cb8   0x00000018   Data   RW         1168    .data               ble_doseio_s.o
    0x20002b24   0x00029cd0   0x00000003   Data   RW         1261    .data               nrf_sdh.o
    0x20002b27   0x00029cd3   0x00000001   Data   RW         1381    .data               nrf_sdh_ble.o
    0x20002b28   0x00029cd4   0x00000008   Data   RW         1469    .data               nrfx_prs.o
    0x20002b30   0x00029cdc   0x00000020   Data   RW         1849    .data               app_timer2.o
    0x20002b50   0x00029cfc   0x00000004   Data   RW         1850    .data               app_timer2.o
    0x20002b54   0x00029d00   0x0000000c   Data   RW         2005    .data               drv_rtc.o
    0x20002b60   0x00029d0c   0x00000008   Data   RW         2990    .data               nrf_pwr_mgmt.o
    0x20002b68   0x00029d14   0x00000004   Data   RW         3232    .data               ble_dfu_unbonded.o
    0x20002b6c   0x00029d18   0x00000004   Data   RW         3323    .data               system_nrf52.o
    0x20002b70        -       0x0000017e   Zero   RW           35    .bss                main.o
    0x20002cee        -       0x0000001f   Zero   RW           36    .bss                main.o
    0x20002d0d        -       0x0000001f   Zero   RW           37    .bss                main.o
    0x20002d2c        -       0x000000a8   Zero   RW          487    .bss                nrf_calendar.o
    0x20002dd4   0x00029d1c   0x00000004   PAD
    0x20002dd8        -       0x00000050   Zero   RW          697    .bss                ble_conn_params.o
    0x20002e28        -       0x0000007c   Zero   RW          805    .bss                ble_conn_state.o
    0x20002ea4        -       0x0000008e   Zero   RW         1166    .bss                ble_doseio_s.o
    0x20002f32   0x00029d1c   0x00000002   PAD
    0x20002f34        -       0x0000005c   Zero   RW         1568    .bss                nrfx_gpiote.o
    0x20002f90        -       0x00000010   Zero   RW         1845    .bss                app_timer2.o
    0x20002fa0        -       0x00000058   Zero   RW         1846    .bss                app_timer2.o
    0x20002ff8        -       0x0000000c   Zero   RW         2883    .bss                app_util_platform.o
    0x20003004        -       0x0000000c   Zero   RW         2987    .bss                nrf_pwr_mgmt.o
    0x20003010        -       0x0000001c   Zero   RW         3094    .bss                ble_dfu.o
    0x2000302c        -       0x00000028   Zero   RW         3231    .bss                ble_dfu_unbonded.o
    0x20003054        -       0x0000002c   Zero   RW         3410    .bss                mc_w.l(localtime_w.o)
    0x20003080        -       0x00002000   Zero   RW         3311    STACK               arm_startup_nrf52.o


==============================================================================

Image component sizes


      Code (inc. data)   RO Data    RW Data    ZI Data      Debug   Object Name

        22          0          0          0          0       4377   app_error.o
        48          8          0          0          0      30693   app_error_weak.o
       846         88         38         36        104      16237   app_timer2.o
       124         14          0          0         12       9958   app_util_platform.o
        36          8        512          0       8192        840   arm_startup_nrf52.o
      1236          0          0          0          0      95371   ble_advdata.o
       636         44          8          8         80      12683   ble_conn_params.o
       352          6          8          0        124       5509   ble_conn_state.o
       478         36         32          0         28      17252   ble_dfu.o
         0          0          0          0          0       7972   ble_dfu_bonded.o
       404         28          8          4         40       5521   ble_dfu_unbonded.o
      1778         40         48         24        142      14827   ble_doseio_s.o
       464          6          0          0          0       3415   ble_srv_common.o
       612         14          6         12          0      50341   drv_rtc.o
      2380        266         70         64        444     204409   main.o
       326          0          0          0          0       6839   nrf_atfifo.o
        64          0          0          0          0       3204   nrf_atflags.o
       260          0          0          0          0       4205   nrf_atomic.o
       456          6         22          0          0      34050   nrf_ble_gatt.o
       276          0          0          0          0      12317   nrf_ble_qwr.o
       392         80          0         44        168       5992   nrf_calendar.o
       280         44         36          8         12      42585   nrf_pwr_mgmt.o
       384         46        104          3          0      46387   nrf_sdh.o
       266         20         56          1          0       6171   nrf_sdh_ble.o
        60          4         56          0          0       3480   nrf_sdh_soc.o
        78          0          0          0          0       3784   nrf_section_iter.o
        84          0         17          0          0       4369   nrf_sortlist.o
       518         30         19          0         92      18315   nrfx_gpiote.o
        12          6         12          8          0       2858   nrfx_prs.o
       920         72          0          4          0      13091   system_nrf52.o

    ----------------------------------------------------------------------
     13824        866       1100        216       9444     687052   Object Totals
         0          0         32          0          0          0   (incl. Generated)
        32          0         16          0          6          0   (incl. Padding)

    ----------------------------------------------------------------------

      Code (inc. data)   RO Data    RW Data    ZI Data      Debug   Library Member Name

         0          0          0          0          0          0   entry.o
         0          0          0          0          0          0   entry10a.o
         0          0          0          0          0          0   entry11a.o
         8          4          0          0          0          0   entry2.o
         4          0          0          0          0          0   entry5.o
         0          0          0          0          0          0   entry7b.o
         0          0          0          0          0          0   entry8b.o
         8          4          0          0          0          0   entry9a.o
        30          0          0          0          0          0   handlers.o
        36          8          0          0          0         68   init.o
       140          6         12          0          0         76   localtime_i.o
        12          6          0          0         44         68   localtime_w.o
        36          0          0          0          0         68   memcpya.o
        36          0          0          0          0        108   memseta.o
       168         18         12          0          0         80   mktime.o

    ----------------------------------------------------------------------
       480         46         24          0         44        468   Library Totals
         2          0          0          0          0          0   (incl. Padding)

    ----------------------------------------------------------------------

      Code (inc. data)   RO Data    RW Data    ZI Data      Debug   Library Name

       478         46         24          0         44        468   mc_w.l

    ----------------------------------------------------------------------
       480         46         24          0         44        468   Library Totals

    ----------------------------------------------------------------------

==============================================================================


      Code (inc. data)   RO Data    RW Data    ZI Data      Debug   

     14304        912       1124        216       9488     671368   Grand Totals
     14304        912       1124        216       9488     671368   ELF Image Totals
     14304        912       1124        216          0          0   ROM Totals

==============================================================================

    Total RO  Size (Code + RO Data)                15428 (  15.07kB)
    Total RW  Size (RW Data + ZI Data)              9704 (   9.48kB)
    Total ROM Size (Code + RO Data + RW Data)      15644 (  15.28kB)

==============================================================================

